Archive member included to satisfy reference by file (symbol)

/usr/lib/gcc/arm-none-eabi/4.9.3/../../../arm-none-eabi/lib/armv6-m/libm.a(lib_a-w_pow.o)
                              ./src/tim_stm32f0.o (pow)
/usr/lib/gcc/arm-none-eabi/4.9.3/../../../arm-none-eabi/lib/armv6-m/libm.a(lib_a-e_pow.o)
                              /usr/lib/gcc/arm-none-eabi/4.9.3/../../../arm-none-eabi/lib/armv6-m/libm.a(lib_a-w_pow.o) (__ieee754_pow)
/usr/lib/gcc/arm-none-eabi/4.9.3/../../../arm-none-eabi/lib/armv6-m/libm.a(lib_a-e_sqrt.o)
                              /usr/lib/gcc/arm-none-eabi/4.9.3/../../../arm-none-eabi/lib/armv6-m/libm.a(lib_a-e_pow.o) (__ieee754_sqrt)
/usr/lib/gcc/arm-none-eabi/4.9.3/../../../arm-none-eabi/lib/armv6-m/libm.a(lib_a-s_fabs.o)
                              /usr/lib/gcc/arm-none-eabi/4.9.3/../../../arm-none-eabi/lib/armv6-m/libm.a(lib_a-e_pow.o) (fabs)
/usr/lib/gcc/arm-none-eabi/4.9.3/../../../arm-none-eabi/lib/armv6-m/libm.a(lib_a-s_finite.o)
                              /usr/lib/gcc/arm-none-eabi/4.9.3/../../../arm-none-eabi/lib/armv6-m/libm.a(lib_a-w_pow.o) (finite)
/usr/lib/gcc/arm-none-eabi/4.9.3/../../../arm-none-eabi/lib/armv6-m/libm.a(lib_a-s_fpclassify.o)
                              /usr/lib/gcc/arm-none-eabi/4.9.3/../../../arm-none-eabi/lib/armv6-m/libm.a(lib_a-w_pow.o) (__fpclassifyd)
/usr/lib/gcc/arm-none-eabi/4.9.3/../../../arm-none-eabi/lib/armv6-m/libm.a(lib_a-s_lib_ver.o)
                              /usr/lib/gcc/arm-none-eabi/4.9.3/../../../arm-none-eabi/lib/armv6-m/libm.a(lib_a-w_pow.o) (__fdlib_version)
/usr/lib/gcc/arm-none-eabi/4.9.3/../../../arm-none-eabi/lib/armv6-m/libm.a(lib_a-s_matherr.o)
                              /usr/lib/gcc/arm-none-eabi/4.9.3/../../../arm-none-eabi/lib/armv6-m/libm.a(lib_a-w_pow.o) (matherr)
/usr/lib/gcc/arm-none-eabi/4.9.3/../../../arm-none-eabi/lib/armv6-m/libm.a(lib_a-s_nan.o)
                              /usr/lib/gcc/arm-none-eabi/4.9.3/../../../arm-none-eabi/lib/armv6-m/libm.a(lib_a-e_pow.o) (nan)
/usr/lib/gcc/arm-none-eabi/4.9.3/../../../arm-none-eabi/lib/armv6-m/libm.a(lib_a-s_rint.o)
                              /usr/lib/gcc/arm-none-eabi/4.9.3/../../../arm-none-eabi/lib/armv6-m/libm.a(lib_a-w_pow.o) (rint)
/usr/lib/gcc/arm-none-eabi/4.9.3/../../../arm-none-eabi/lib/armv6-m/libm.a(lib_a-s_scalbn.o)
                              /usr/lib/gcc/arm-none-eabi/4.9.3/../../../arm-none-eabi/lib/armv6-m/libm.a(lib_a-e_pow.o) (scalbn)
/usr/lib/gcc/arm-none-eabi/4.9.3/../../../arm-none-eabi/lib/armv6-m/libm.a(lib_a-s_copysign.o)
                              /usr/lib/gcc/arm-none-eabi/4.9.3/../../../arm-none-eabi/lib/armv6-m/libm.a(lib_a-s_scalbn.o) (copysign)
/usr/lib/gcc/arm-none-eabi/4.9.3/armv6-m/libgcc.a(_udivsi3.o)
                              ./system/src/stm32f0-stdperiph/stm32f0xx_rcc.o (__aeabi_uidiv)
/usr/lib/gcc/arm-none-eabi/4.9.3/armv6-m/libgcc.a(_dvmd_tls.o)
                              /usr/lib/gcc/arm-none-eabi/4.9.3/armv6-m/libgcc.a(_udivsi3.o) (__aeabi_idiv0)
/usr/lib/gcc/arm-none-eabi/4.9.3/armv6-m/libgcc.a(_arm_cmpdf2.o)
                              /usr/lib/gcc/arm-none-eabi/4.9.3/../../../arm-none-eabi/lib/armv6-m/libm.a(lib_a-w_pow.o) (__aeabi_dcmpeq)
/usr/lib/gcc/arm-none-eabi/4.9.3/armv6-m/libgcc.a(_fixunssfsi.o)
                              ./src/bbasil.o (__aeabi_f2uiz)
/usr/lib/gcc/arm-none-eabi/4.9.3/armv6-m/libgcc.a(_fixunsdfsi.o)
                              ./src/tim_stm32f0.o (__aeabi_d2uiz)
/usr/lib/gcc/arm-none-eabi/4.9.3/armv6-m/libgcc.a(divsf3.o)
                              ./src/bbasil.o (__aeabi_fdiv)
/usr/lib/gcc/arm-none-eabi/4.9.3/armv6-m/libgcc.a(mulsf3.o)
                              ./src/bbasil.o (__aeabi_fmul)
/usr/lib/gcc/arm-none-eabi/4.9.3/armv6-m/libgcc.a(subsf3.o)
                              /usr/lib/gcc/arm-none-eabi/4.9.3/armv6-m/libgcc.a(_fixunssfsi.o) (__aeabi_fsub)
/usr/lib/gcc/arm-none-eabi/4.9.3/armv6-m/libgcc.a(fixsfsi.o)
                              /usr/lib/gcc/arm-none-eabi/4.9.3/armv6-m/libgcc.a(_fixunssfsi.o) (__aeabi_f2iz)
/usr/lib/gcc/arm-none-eabi/4.9.3/armv6-m/libgcc.a(floatunsisf.o)
                              ./src/bbasil.o (__aeabi_ui2f)
/usr/lib/gcc/arm-none-eabi/4.9.3/armv6-m/libgcc.a(adddf3.o)
                              ./src/tim_stm32f0.o (__aeabi_dadd)
/usr/lib/gcc/arm-none-eabi/4.9.3/armv6-m/libgcc.a(divdf3.o)
                              ./src/tim_stm32f0.o (__aeabi_ddiv)
/usr/lib/gcc/arm-none-eabi/4.9.3/armv6-m/libgcc.a(eqdf2.o)
                              /usr/lib/gcc/arm-none-eabi/4.9.3/armv6-m/libgcc.a(_arm_cmpdf2.o) (__eqdf2)
/usr/lib/gcc/arm-none-eabi/4.9.3/armv6-m/libgcc.a(gedf2.o)
                              /usr/lib/gcc/arm-none-eabi/4.9.3/armv6-m/libgcc.a(_arm_cmpdf2.o) (__gedf2)
/usr/lib/gcc/arm-none-eabi/4.9.3/armv6-m/libgcc.a(ledf2.o)
                              /usr/lib/gcc/arm-none-eabi/4.9.3/armv6-m/libgcc.a(_arm_cmpdf2.o) (__ledf2)
/usr/lib/gcc/arm-none-eabi/4.9.3/armv6-m/libgcc.a(muldf3.o)
[...]
Memory Configuration

Name             Origin             Length             Attributes
RAM              0x0000000020000000 0x0000000000002000 xrw
CCMRAM           0x0000000000000000 0x0000000000000000 xrw
FLASH            0x0000000008000000 0x0000000000010000 xr
FLASHB1          0x0000000000000000 0x0000000000000000 xr
EXTMEMB0         0x0000000000000000 0x0000000000000000 xr
EXTMEMB1         0x0000000000000000 0x0000000000000000 xr
EXTMEMB2         0x0000000000000000 0x0000000000000000 xr
EXTMEMB3         0x0000000000000000 0x0000000000000000 xr
MEMORY_ARRAY     0x0000000000000000 0x0000000000000000 xrw
*default*        0x0000000000000000 0xffffffffffffffff

Linker script and memory map

LOAD ./system/src/stm32f0-stdperiph/stm32f0xx_gpio.o
LOAD ./system/src/stm32f0-stdperiph/stm32f0xx_rcc.o
LOAD ./system/src/newlib/_cxx.o
LOAD ./system/src/newlib/_exit.o
LOAD ./system/src/newlib/_sbrk.o
LOAD ./system/src/newlib/_startup.o
LOAD ./system/src/newlib/_syscalls.o
LOAD ./system/src/newlib/assert.o
LOAD ./system/src/diag/Trace.o
LOAD ./system/src/diag/trace_impl.o
LOAD ./system/src/cortexm/_initialize_hardware.o
LOAD ./system/src/cortexm/_reset_hardware.o
LOAD ./system/src/cortexm/exception_handlers.o
LOAD ./system/src/cmsis/system_stm32f0xx.o
LOAD ./system/src/cmsis/vectors_stm32f0xx.o
LOAD ./src/_write.o
LOAD ./src/acd_stm32f0.o
LOAD ./src/bbasil.o
LOAD ./src/buttons_stm32f0.o
LOAD ./src/gpio_stm32f0.o
LOAD ./src/lcd_stm32f0.o
LOAD ./src/led_stm32f0.o
LOAD ./src/main.o
LOAD ./src/tim_stm32f0.o
LOAD /usr/lib/gcc/arm-none-eabi/4.9.3/../../../arm-none-eabi/lib/armv6-m/libstdc++_nano.a
LOAD /usr/lib/gcc/arm-none-eabi/4.9.3/../../../arm-none-eabi/lib/armv6-m/libm.a
START GROUP
LOAD /usr/lib/gcc/arm-none-eabi/4.9.3/armv6-m/libgcc.a
LOAD /usr/lib/gcc/arm-none-eabi/4.9.3/../../../arm-none-eabi/lib/armv6-m/libg_nano.a
LOAD /usr/lib/gcc/arm-none-eabi/4.9.3/../../../arm-none-eabi/lib/armv6-m/libc_nano.a
END GROUP
START GROUP
LOAD /usr/lib/gcc/arm-none-eabi/4.9.3/armv6-m/libgcc.a
LOAD /usr/lib/gcc/arm-none-eabi/4.9.3/../../../arm-none-eabi/lib/armv6-m/libc_nano.a
END GROUP
                0x0000000020002000                __stack = (ORIGIN (RAM) + LENGTH (RAM))
                0x0000000020002000                _estack = __stack
                0x0000000000000400                __Main_Stack_Size = 0x400
                [!provide]                        PROVIDE (_Main_Stack_Size, __Main_Stack_Size)
                0x0000000020001c00                __Main_Stack_Limit = (__stack - __Main_Stack_Size)
                [!provide]                        PROVIDE (_Main_Stack_Limit, __Main_Stack_Limit)
                0x0000000000000100                _Minimum_Stack_Size = 0x100
                0x00000000200000ac                PROVIDE (_Heap_Begin, _end_noinit)
                0x0000000020001c00                PROVIDE (_Heap_Limit, (__stack - __Main_Stack_Size))

.isr_vector     0x0000000008000000      0x218
 FILL mask 0xff
                0x0000000008000000                __vectors_start = ABSOLUTE (.)
                0x0000000008000000                __vectors_start__ = ABSOLUTE (.)
 *(.isr_vector)
 .isr_vector    0x0000000008000000       0xc4 ./system/src/cmsis/vectors_stm32f0xx.o
                0x0000000008000000                g_pfnVectors
 *(.cfmconfig)
 *(.after_vectors .after_vectors.*)
 .after_vectors
                0x00000000080000c4      0x118 ./system/src/newlib/_startup.o
                0x00000000080000c4                _start
 .after_vectors
                0x00000000080001dc       0x38 ./system/src/cortexm/exception_handlers.o
                0x00000000080001dc                Reset_Handler
                0x00000000080001e4                NMI_Handler
                0x00000000080001e8                HardFault_Handler
                0x0000000008000200                HardFault_Handler_C
                0x0000000008000204                SVC_Handler
                0x0000000008000208                PendSV_Handler
                0x000000000800020c                SysTick_Handler
 .after_vectors
                0x0000000008000214        0x4 ./system/src/cmsis/vectors_stm32f0xx.o
                0x0000000008000214                TIM1_CC_IRQHandler
                0x0000000008000214                TSC_IRQHandler
                0x0000000008000214                ADC1_COMP_IRQHandler
                0x0000000008000214                TIM6_IRQHandler
                0x0000000008000214                PVD_IRQHandler
                0x0000000008000214                I2C1_IRQHandler
                0x0000000008000214                RCC_CRS_IRQHandler
                0x0000000008000214                SPI1_IRQHandler
                0x0000000008000214                TIM6_DAC_IRQHandler
                0x0000000008000214                USART3_4_IRQHandler
                0x0000000008000214                EXTI2_3_IRQHandler
                0x0000000008000214                ADC1_IRQHandler
                0x0000000008000214                I2C2_IRQHandler
                0x0000000008000214                USART3_6_IRQHandler
                0x0000000008000214                TIM17_IRQHandler
                0x0000000008000214                CEC_CAN_IRQHandler
                0x0000000008000214                RTC_IRQHandler
                0x0000000008000214                PVD_VDDIO2_IRQHandler
                0x0000000008000214                DMA1_Channel4_5_6_7_IRQHandler
                0x0000000008000214                TIM16_IRQHandler
                0x0000000008000214                TIM3_IRQHandler
                0x0000000008000214                EXTI4_15_IRQHandler
                0x0000000008000214                RCC_IRQHandler
                0x0000000008000214                USART3_8_IRQHandler
                0x0000000008000214                DMA1_Channel1_IRQHandler
                0x0000000008000214                Default_Handler
                0x0000000008000214                CEC_IRQHandler
                0x0000000008000214                DMA1_Channel4_5_IRQHandler
                0x0000000008000214                TIM7_IRQHandler
                0x0000000008000214                TIM15_IRQHandler
                0x0000000008000214                USB_IRQHandler
                0x0000000008000214                DMA1_Ch2_3_DMA2_Ch1_2_IRQHandler
                0x0000000008000214                SPI2_IRQHandler
                0x0000000008000214                DMA1_Ch4_7_DMA2_Ch3_5_IRQHandler
                0x0000000008000214                TS_IRQHandler
                0x0000000008000214                WWDG_IRQHandler
                0x0000000008000214                TIM2_IRQHandler
                0x0000000008000214                DMA1_Channel2_3_IRQHandler
                0x0000000008000214                USART2_IRQHandler
                0x0000000008000214                VDDIO2_IRQHandler
                0x0000000008000214                FLASH_IRQHandler
                0x0000000008000214                USART1_IRQHandler
                0x0000000008000214                TIM1_BRK_UP_TRG_COM_IRQHandler

.inits          0x0000000008000218       0x28
                0x0000000008000218                __data_regions_array_start = .
                0x0000000008000218        0x4 LONG 0x8004874 LOADADDR (.data)
                0x000000000800021c        0x4 LONG 0x20000000 ADDR (.data)
                0x0000000008000220        0x4 LONG 0x2000008c (ADDR (.data) + SIZEOF (.data))
                0x0000000008000224        0x4 LONG 0x8004874 LOADADDR (.data_CCMRAM)
                0x0000000008000228        0x4 LONG 0x0 ADDR (.data_CCMRAM)
                0x000000000800022c        0x4 LONG 0x0 (ADDR (.data_CCMRAM) + SIZEOF (.data_CCMRAM))
                0x0000000008000230                __data_regions_array_end = .
                0x0000000008000230                __bss_regions_array_start = .
                0x0000000008000230        0x4 LONG 0x2000008c ADDR (.bss)
                0x0000000008000234        0x4 LONG 0x200000ac (ADDR (.bss) + SIZEOF (.bss))
                0x0000000008000238        0x4 LONG 0x0 ADDR (.bss_CCMRAM)
                0x000000000800023c        0x4 LONG 0x0 (ADDR (.bss_CCMRAM) + SIZEOF (.bss_CCMRAM))
                0x0000000008000240                __bss_regions_array_end = .
 *(.init)
 *(.fini)
                0x0000000008000240                . = ALIGN (0x4)
                0x0000000008000240                PROVIDE (__preinit_array_start, .)
 *(.preinit_array_sysinit .preinit_array_sysinit.*)
 *(.preinit_array_platform .preinit_array_platform.*)
 *(.preinit_array .preinit_array.*)
                0x0000000008000240                PROVIDE (__preinit_array_end, .)
                0x0000000008000240                . = ALIGN (0x4)
                0x0000000008000240                PROVIDE (__init_array_start, .)
 *(SORT(.init_array.*))
 *(.init_array)
                0x0000000008000240                PROVIDE (__init_array_end, .)
                0x0000000008000240                . = ALIGN (0x4)
                0x0000000008000240                PROVIDE (__fini_array_start, .)
 *(SORT(.fini_array.*))
 *(.fini_array)
                0x0000000008000240                PROVIDE (__fini_array_end, .)

.flashtext
 *(.flashtext .flashtext.*)

.text           0x0000000008000240     0x4632
 *(.text .text.*)
 .text._exit    0x0000000008000240        0x4 ./system/src/newlib/_exit.o
                0x0000000008000240                _exit
 .text.__initialize_args
                0x0000000008000244       0x10 ./system/src/newlib/_syscalls.o
                0x0000000008000244                __initialize_args
 .text.__initialize_hardware_early
                0x0000000008000254        0x8 ./system/src/cortexm/_initialize_hardware.o
                0x0000000008000254                __initialize_hardware_early
 .text.__initialize_hardware
                0x000000000800025c        0x8 ./system/src/cortexm/_initialize_hardware.o
                0x000000000800025c                __initialize_hardware
 .text.SetSysClock
                0x0000000008000264       0xb0 ./system/src/cmsis/system_stm32f0xx.o
 .text.SystemInit
                0x0000000008000314       0x64 ./system/src/cmsis/system_stm32f0xx.o
                0x0000000008000314                SystemInit
 .text.SystemCoreClockUpdate
                0x0000000008000378       0x90 ./system/src/cmsis/system_stm32f0xx.o
                0x0000000008000378                SystemCoreClockUpdate
 .text.adc_init
                0x0000000008000408       0x44 ./src/acd_stm32f0.o
                0x0000000008000408                adc_init
 .text.get_adc_sample
                0x000000000800044c       0x2c ./src/acd_stm32f0.o
                0x000000000800044c                get_adc_sample
 .text.splash   0x0000000008000478       0x20 ./src/bbasil.o
                0x0000000008000478                splash
 .text.init     0x0000000008000498       0x70 ./src/bbasil.o
                0x0000000008000498                init
 .text.getProgressBar
                0x0000000008000508       0x38 ./src/bbasil.o
                0x0000000008000508                getProgressBar
 .text.status_update
                0x0000000008000540       0x34 ./src/bbasil.o
                0x0000000008000540                status_update
 .text.is_enough_sun
                0x0000000008000574        0xc ./src/bbasil.o
                0x0000000008000574                is_enough_sun
 .text.TIM14_IRQHandler
                0x0000000008000580       0x38 ./src/bbasil.o
                0x0000000008000580                TIM14_IRQHandler
 .text.EXTI0_1_IRQHandler
                0x00000000080005b8       0x40 ./src/bbasil.o
                0x00000000080005b8                EXTI0_1_IRQHandler
 .text.button_init
                0x00000000080005f8       0x20 ./src/buttons_stm32f0.o
                0x00000000080005f8                button_init
 .text.button_init_multi
                0x0000000008000618       0x20 ./src/buttons_stm32f0.o
                0x0000000008000618                button_init_multi
 .text.button_config_interrupt
                0x0000000008000638       0x38 ./src/buttons_stm32f0.o
                0x0000000008000638                button_config_interrupt
 .text.clock_enable
                0x0000000008000670       0x4c ./src/gpio_stm32f0.o
                0x0000000008000670                clock_enable
 .text.set_mode
                0x00000000080006bc       0x50 ./src/gpio_stm32f0.o
                0x00000000080006bc                set_mode
 .text.set_pull
                0x000000000800070c       0x2c ./src/gpio_stm32f0.o
                0x000000000800070c                set_pull
 .text.delay    0x0000000008000738       0x20 ./src/lcd_stm32f0.o
                0x0000000008000738                delay
 .text.pulse_strobe
                0x0000000008000758       0x30 ./src/lcd_stm32f0.o
 .text.lcd_put  0x0000000008000788      0x138 ./src/lcd_stm32f0.o
 .text.lcd_string
                0x00000000080008c0       0x1c ./src/lcd_stm32f0.o
                0x00000000080008c0                lcd_string
 .text.lcd_command
                0x00000000080008dc       0x18 ./src/lcd_stm32f0.o
                0x00000000080008dc                lcd_command
 .text.lcd_two_line_write
                0x00000000080008f4       0x20 ./src/lcd_stm32f0.o
                0x00000000080008f4                lcd_two_line_write
 .text.lcd_init
                0x0000000008000914       0x9c ./src/lcd_stm32f0.o
                0x0000000008000914                lcd_init
 .text.led_init
                0x00000000080009b0       0x18 ./src/led_stm32f0.o
                0x00000000080009b0                led_init
 .text.led_init_multi
                0x00000000080009c8       0x20 ./src/led_stm32f0.o
                0x00000000080009c8                led_init_multi
 .text.led_heartbeat
                0x00000000080009e8       0x4c ./src/led_stm32f0.o
                0x00000000080009e8                led_heartbeat
 .text.main     0x0000000008000a34       0x10 ./src/main.o
                0x0000000008000a34                main
 .text.init_TIM14
                0x0000000008000a44       0xa0 ./src/tim_stm32f0.o
                0x0000000008000a44                init_TIM14
 .text.pow      0x0000000008000ae4      0x35c /usr/lib/gcc/arm-none-eabi/4.9.3/../../../arm-none-eabi/lib/armv6-m/libm.a(lib_a-w_pow.o)
                0x0000000008000ae4                pow
 .text.__ieee754_pow
                0x0000000008000e40      0xa8c /usr/lib/gcc/arm-none-eabi/4.9.3/../../../arm-none-eabi/lib/armv6-m/libm.a(lib_a-e_pow.o)
                0x0000000008000e40                __ieee754_pow
 .text.__ieee754_sqrt
                0x00000000080018cc      0x1ec /usr/lib/gcc/arm-none-eabi/4.9.3/../../../arm-none-eabi/lib/armv6-m/libm.a(lib_a-e_sqrt.o)
                0x00000000080018cc                __ieee754_sqrt
 .text.fabs     0x0000000008001ab8        0x8 /usr/lib/gcc/arm-none-eabi/4.9.3/../../../arm-none-eabi/lib/armv6-m/libm.a(lib_a-s_fabs.o)
                0x0000000008001ab8                fabs
 .text.finite   0x0000000008001ac0       0x14 /usr/lib/gcc/arm-none-eabi/4.9.3/../../../arm-none-eabi/lib/armv6-m/libm.a(lib_a-s_finite.o)
                0x0000000008001ac0                finite
 .text.__fpclassifyd
                0x0000000008001ad4       0x5c /usr/lib/gcc/arm-none-eabi/4.9.3/../../../arm-none-eabi/lib/armv6-m/libm.a(lib_a-s_fpclassify.o)
                0x0000000008001ad4                __fpclassifyd
 .text.matherr  0x0000000008001b30        0x4 /usr/lib/gcc/arm-none-eabi/4.9.3/../../../arm-none-eabi/lib/armv6-m/libm.a(lib_a-s_matherr.o)
                0x0000000008001b30                matherr
 .text.nan      0x0000000008001b34        0xc /usr/lib/gcc/arm-none-eabi/4.9.3/../../../arm-none-eabi/lib/armv6-m/libm.a(lib_a-s_nan.o)
                0x0000000008001b34                nan
 .text.rint     0x0000000008001b40      0x144 /usr/lib/gcc/arm-none-eabi/4.9.3/../../../arm-none-eabi/lib/armv6-m/libm.a(lib_a-s_rint.o)
                0x0000000008001b40                rint
 .text.scalbn   0x0000000008001c84       0xf8 /usr/lib/gcc/arm-none-eabi/4.9.3/../../../arm-none-eabi/lib/armv6-m/libm.a(lib_a-s_scalbn.o)
                0x0000000008001c84                scalbn
 .text.copysign
                0x0000000008001d7c       0x10 /usr/lib/gcc/arm-none-eabi/4.9.3/../../../arm-none-eabi/lib/armv6-m/libm.a(lib_a-s_copysign.o)
                0x0000000008001d7c                copysign
 .text          0x0000000008001d8c      0x120 /usr/lib/gcc/arm-none-eabi/4.9.3/armv6-m/libgcc.a(_udivsi3.o)
                0x0000000008001d8c                __udivsi3
                0x0000000008001d8c                __aeabi_uidiv
                0x0000000008001e98                __aeabi_uidivmod
 .text          0x0000000008001eac        0x4 /usr/lib/gcc/arm-none-eabi/4.9.3/armv6-m/libgcc.a(_dvmd_tls.o)
                0x0000000008001eac                __aeabi_ldiv0
                0x0000000008001eac                __aeabi_idiv0
 .text          0x0000000008001eb0       0x7c /usr/lib/gcc/arm-none-eabi/4.9.3/armv6-m/libgcc.a(_arm_cmpdf2.o)
                0x0000000008001eb0                __aeabi_cdrcmple
                0x0000000008001ec0                __aeabi_cdcmple
                0x0000000008001ec0                __aeabi_cdcmpeq
                0x0000000008001ed0                __aeabi_dcmpeq
                0x0000000008001edc                __aeabi_dcmplt
                0x0000000008001ef0                __aeabi_dcmple
                0x0000000008001f04                __aeabi_dcmpgt
                0x0000000008001f18                __aeabi_dcmpge
 .text          0x0000000008001f2c       0x30 /usr/lib/gcc/arm-none-eabi/4.9.3/armv6-m/libgcc.a(_fixunssfsi.o)
                0x0000000008001f2c                __aeabi_f2uiz
                0x0000000008001f2c                __fixunssfsi
 .text          0x0000000008001f5c       0x3c /usr/lib/gcc/arm-none-eabi/4.9.3/armv6-m/libgcc.a(_fixunsdfsi.o)
                0x0000000008001f5c                __fixunsdfsi
                0x0000000008001f5c                __aeabi_d2uiz
 .text          0x0000000008001f98      0x270 /usr/lib/gcc/arm-none-eabi/4.9.3/armv6-m/libgcc.a(divsf3.o)
                0x0000000008001f98                __aeabi_fdiv
 .text          0x0000000008002208      0x264 /usr/lib/gcc/arm-none-eabi/4.9.3/armv6-m/libgcc.a(mulsf3.o)
                0x0000000008002208                __aeabi_fmul
 .text          0x000000000800246c      0x2fc /usr/lib/gcc/arm-none-eabi/4.9.3/armv6-m/libgcc.a(subsf3.o)
                0x000000000800246c                __aeabi_fsub
 .text          0x0000000008002768       0x40 /usr/lib/gcc/arm-none-eabi/4.9.3/armv6-m/libgcc.a(fixsfsi.o)
                0x0000000008002768                __aeabi_f2iz
 .text          0x00000000080027a8       0x90 /usr/lib/gcc/arm-none-eabi/4.9.3/armv6-m/libgcc.a(floatunsisf.o)
                0x00000000080027a8                __aeabi_ui2f
 .text          0x0000000008002838      0x650 /usr/lib/gcc/arm-none-eabi/4.9.3/armv6-m/libgcc.a(adddf3.o)
                0x0000000008002838                __aeabi_dadd
 .text          0x0000000008002e88      0x648 /usr/lib/gcc/arm-none-eabi/4.9.3/armv6-m/libgcc.a(divdf3.o)
                0x0000000008002e88                __aeabi_ddiv
 .text          0x00000000080034d0       0x88 /usr/lib/gcc/arm-none-eabi/4.9.3/armv6-m/libgcc.a(eqdf2.o)
                0x00000000080034d0                __eqdf2
                0x00000000080034d0                __nedf2
 .text          0x0000000008003558       0xe0 /usr/lib/gcc/arm-none-eabi/4.9.3/armv6-m/libgcc.a(gedf2.o)
                0x0000000008003558                __gtdf2
                0x0000000008003558                __gedf2
 .text          0x0000000008003638       0xcc /usr/lib/gcc/arm-none-eabi/4.9.3/armv6-m/libgcc.a(ledf2.o)
                0x0000000008003638                __ltdf2
                0x0000000008003638                __ledf2
 .text          0x0000000008003704      0x534 /usr/lib/gcc/arm-none-eabi/4.9.3/armv6-m/libgcc.a(muldf3.o)
                0x0000000008003704                __aeabi_dmul
 .text          0x0000000008003c38      0x6f4 /usr/lib/gcc/arm-none-eabi/4.9.3/armv6-m/libgcc.a(subdf3.o)
                0x0000000008003c38                __aeabi_dsub
 .text          0x000000000800432c       0x6c /usr/lib/gcc/arm-none-eabi/4.9.3/armv6-m/libgcc.a(fixdfsi.o)
                0x000000000800432c                __aeabi_d2iz
 .text          0x0000000008004398       0x78 /usr/lib/gcc/arm-none-eabi/4.9.3/armv6-m/libgcc.a(floatsidf.o)
                0x0000000008004398                __aeabi_i2d
 .text          0x0000000008004410       0x64 /usr/lib/gcc/arm-none-eabi/4.9.3/armv6-m/libgcc.a(floatunsidf.o)
                0x0000000008004410                __aeabi_ui2d
 .text          0x0000000008004474       0x74 /usr/lib/gcc/arm-none-eabi/4.9.3/armv6-m/libgcc.a(_arm_cmpsf2.o)
                0x0000000008004474                __aeabi_cfrcmple
                0x000000000800447c                __aeabi_cfcmple
                0x000000000800447c                __aeabi_cfcmpeq
                0x000000000800448c                __aeabi_fcmpeq
                0x0000000008004498                __aeabi_fcmplt
                0x00000000080044ac                __aeabi_fcmple
                0x00000000080044c0                __aeabi_fcmpgt
                0x00000000080044d4                __aeabi_fcmpge
 .text          0x00000000080044e8       0x3c /usr/lib/gcc/arm-none-eabi/4.9.3/armv6-m/libgcc.a(_clzsi2.o)
                0x00000000080044e8                __clzsi2
 .text          0x0000000008004524       0x54 /usr/lib/gcc/arm-none-eabi/4.9.3/armv6-m/libgcc.a(eqsf2.o)
                0x0000000008004524                __nesf2
                0x0000000008004524                __eqsf2
 .text          0x0000000008004578       0x94 /usr/lib/gcc/arm-none-eabi/4.9.3/armv6-m/libgcc.a(gesf2.o)
                0x0000000008004578                __gtsf2
                0x0000000008004578                __gesf2
 .text          0x000000000800460c       0x8c /usr/lib/gcc/arm-none-eabi/4.9.3/armv6-m/libgcc.a(lesf2.o)
                0x000000000800460c                __lesf2
                0x000000000800460c                __ltsf2
 .text.__errno  0x0000000008004698        0xc /usr/lib/gcc/arm-none-eabi/4.9.3/../../../arm-none-eabi/lib/armv6-m/libg_nano.a(lib_a-errno.o)
                0x0000000008004698                __errno
 .text.memcpy   0x00000000080046a4       0x12 /usr/lib/gcc/arm-none-eabi/4.9.3/../../../arm-none-eabi/lib/armv6-m/libg_nano.a(lib_a-memcpy.o)
                0x00000000080046a4                memcpy
 *(.rodata .rodata.* .constdata .constdata.*)
 *fill*         0x00000000080046b6        0x2 
 .rodata        0x00000000080046b8       0x18 ./src/bbasil.o
 .rodata.str1.4
                0x00000000080046d0       0x19 ./src/bbasil.o
 *fill*         0x00000000080046e9        0x3 
 .rodata.str1.4
                0x00000000080046ec        0x4 /usr/lib/gcc/arm-none-eabi/4.9.3/../../../arm-none-eabi/lib/armv6-m/libm.a(lib_a-w_pow.o)
 .rodata.dp_h   0x00000000080046f0       0x10 /usr/lib/gcc/arm-none-eabi/4.9.3/../../../arm-none-eabi/lib/armv6-m/libm.a(lib_a-e_pow.o)
 .rodata.dp_l   0x0000000008004700       0x10 /usr/lib/gcc/arm-none-eabi/4.9.3/../../../arm-none-eabi/lib/armv6-m/libm.a(lib_a-e_pow.o)
 .rodata.bp     0x0000000008004710       0x10 /usr/lib/gcc/arm-none-eabi/4.9.3/../../../arm-none-eabi/lib/armv6-m/libm.a(lib_a-e_pow.o)
 .rodata.str1.4
                0x0000000008004720        0x4 /usr/lib/gcc/arm-none-eabi/4.9.3/../../../arm-none-eabi/lib/armv6-m/libm.a(lib_a-e_pow.o)
 .rodata.TWO52  0x0000000008004720       0x10 /usr/lib/gcc/arm-none-eabi/4.9.3/../../../arm-none-eabi/lib/armv6-m/libm.a(lib_a-s_rint.o)
 .rodata        0x0000000008004730       0x80 /usr/lib/gcc/arm-none-eabi/4.9.3/armv6-m/libgcc.a(divsf3.o)
 .rodata        0x00000000080047b0       0x40 /usr/lib/gcc/arm-none-eabi/4.9.3/armv6-m/libgcc.a(mulsf3.o)
 .rodata        0x00000000080047f0       0x40 /usr/lib/gcc/arm-none-eabi/4.9.3/armv6-m/libgcc.a(divdf3.o)
 .rodata        0x0000000008004830       0x40 /usr/lib/gcc/arm-none-eabi/4.9.3/armv6-m/libgcc.a(muldf3.o)
 .rodata.str1.1
                0x0000000008004870        0x2 /usr/lib/gcc/arm-none-eabi/4.9.3/../../../arm-none-eabi/lib/armv6-m/libg_nano.a(lib_a-impure.o)
 *(vtable)
 *(.eh_frame*)
 *(.glue_7)
 .glue_7        0x0000000008004872        0x0 linker stubs
 *(.glue_7t)
 .glue_7t       0x0000000008004872        0x0 linker stubs

.vfp11_veneer   0x0000000008004874        0x0
 .vfp11_veneer  0x0000000008004874        0x0 linker stubs

.v4_bx          0x0000000008004874        0x0
 .v4_bx         0x0000000008004874        0x0 linker stubs

.iplt           0x0000000008004874        0x0
 .iplt          0x0000000008004874        0x0 ./system/src/stm32f0-stdperiph/stm32f0xx_gpio.o

.rel.dyn        0x0000000008004874        0x0
 .rel.iplt      0x0000000008004874        0x0 ./system/src/stm32f0-stdperiph/stm32f0xx_gpio.o

.ARM.extab
 *(.ARM.extab* .gnu.linkonce.armextab.*)
                0x0000000008004874                . = ALIGN (0x4)
                0x0000000008004874                __exidx_start = .

.ARM.exidx
 *(.ARM.exidx* .gnu.linkonce.armexidx.*)
                0x0000000008004874                __exidx_end = .
                0x0000000008004874                . = ALIGN (0x4)
                0x0000000008004874                _etext = .
                0x0000000008004874                __etext = .

.data_CCMRAM    0x0000000000000000        0x0 load address 0x0000000008004874
 FILL mask 0xff
 *(.data.CCMRAM .data.CCMRAM.*)
                0x0000000000000000                . = ALIGN (0x4)
                0x0000000008004874                _sidata = LOADADDR (.data)

.data           0x0000000020000000       0x8c load address 0x0000000008004874
 FILL mask 0xff
                0x0000000020000000                _sdata = .
                0x0000000020000000                __data_start__ = .
 *(.data_begin .data_begin.*)
 .data_begin    0x0000000020000000        0x4 ./system/src/newlib/_startup.o
 *(.data .data.*)
 .data.argv.4161
                0x0000000020000004        0x8 ./system/src/newlib/_syscalls.o
 .data.AHBPrescTable
                0x000000002000000c       0x10 ./system/src/cmsis/system_stm32f0xx.o
                0x000000002000000c                AHBPrescTable
 .data.SystemCoreClock
                0x000000002000001c        0x4 ./system/src/cmsis/system_stm32f0xx.o
                0x000000002000001c                SystemCoreClock
 .data.__fdlib_version
                0x0000000020000020        0x1 /usr/lib/gcc/arm-none-eabi/4.9.3/../../../arm-none-eabi/lib/armv6-m/libm.a(lib_a-s_lib_ver.o)
                0x0000000020000020                __fdlib_version
 *fill*         0x0000000020000021        0x3 ff
 .data.impure_data
                0x0000000020000024       0x60 /usr/lib/gcc/arm-none-eabi/4.9.3/../../../arm-none-eabi/lib/armv6-m/libg_nano.a(lib_a-impure.o)
 .data._impure_ptr
                0x0000000020000084        0x4 /usr/lib/gcc/arm-none-eabi/4.9.3/../../../arm-none-eabi/lib/armv6-m/libg_nano.a(lib_a-impure.o)
                0x0000000020000084                _impure_ptr
 *(.data_end .data_end.*)
 .data_end      0x0000000020000088        0x4 ./system/src/newlib/_startup.o
                0x000000002000008c                . = ALIGN (0x4)
                0x000000002000008c                _edata = .
                0x000000002000008c                __data_end__ = .

.igot.plt       0x000000002000008c        0x0 load address 0x0000000008004900
 .igot.plt      0x000000002000008c        0x0 ./system/src/stm32f0-stdperiph/stm32f0xx_gpio.o

.bss_CCMRAM     0x0000000000000000        0x0
 *(.bss.CCMRAM .bss.CCMRAM.*)

.bss            0x000000002000008c       0x20
                0x000000002000008c                __bss_start__ = .
                0x000000002000008c                _sbss = .
 *(.bss_begin .bss_begin.*)
 .bss_begin     0x000000002000008c        0x4 ./system/src/newlib/_startup.o
 *(.bss .bss.*)
 .bss.name.4160
                0x0000000020000090        0x1 ./system/src/newlib/_syscalls.o
 *(COMMON)
 *fill*         0x0000000020000091        0x3 
 COMMON         0x0000000020000094       0x12 ./src/bbasil.o
                0x0000000020000094                sunlight
                0x0000000020000098                progress_bar
 *(.bss_end .bss_end.*)
 *fill*         0x00000000200000a6        0x2 
 .bss_end       0x00000000200000a8        0x4 ./system/src/newlib/_startup.o
                0x00000000200000ac                . = ALIGN (0x4)
                0x00000000200000ac                __bss_end__ = .
                0x00000000200000ac                _ebss = .

.noinit_CCMRAM
 *(.noinit.CCMRAM .noinit.CCMRAM.*)

.noinit         0x00000000200000ac        0x0
                0x00000000200000ac                _noinit = .
 *(.noinit .noinit.*)
                0x00000000200000ac                . = ALIGN (0x4)
                0x00000000200000ac                _end_noinit = .
                [!provide]                        PROVIDE (end, _end_noinit)
                [!provide]                        PROVIDE (_end, _end_noinit)
                [!provide]                        PROVIDE (__end, _end_noinit)
                [!provide]                        PROVIDE (__end__, _end_noinit)

._check_stack   0x00000000200000ac      0x100
                0x00000000200001ac                . = (. + _Minimum_Stack_Size)
 *fill*         0x00000000200000ac      0x100 

.b1text
 *(.b1text)
 *(.b1rodata)
 *(.b1rodata.*)

.eb0text
 *(.eb0text)
 *(.eb0rodata)
 *(.eb0rodata.*)

.eb1text
 *(.eb1text)
 *(.eb1rodata)
 *(.eb1rodata.*)

.eb2text
 *(.eb2text)
 *(.eb2rodata)
 *(.eb2rodata.*)

.eb3text
 *(.eb3text)
 *(.eb3rodata)
 *(.eb3rodata.*)

.stab
 *(.stab)

.stabstr
 *(.stabstr)

.stab.excl
 *(.stab.excl)

.stab.exclstr
 *(.stab.exclstr)

.stab.index
 *(.stab.index)

.stab.indexstr
 *(.stab.indexstr)

.comment        0x0000000000000000       0x70
 *(.comment)
 .comment       0x0000000000000000       0x38 ./system/src/newlib/_exit.o
                                         0x39 (size before relaxing)
 .comment       0x0000000000000038       0x39 ./system/src/newlib/_startup.o
 .comment       0x0000000000000038       0x39 ./system/src/newlib/_syscalls.o
 .comment       0x0000000000000038       0x39 ./system/src/cortexm/_initialize_hardware.o
 .comment       0x0000000000000038       0x39 ./system/src/cortexm/exception_handlers.o
 .comment       0x0000000000000038       0x39 ./system/src/cmsis/system_stm32f0xx.o
 .comment       0x0000000000000038       0x39 ./system/src/cmsis/vectors_stm32f0xx.o
 .comment       0x0000000000000038       0x39 ./src/acd_stm32f0.o
 .comment       0x0000000000000038       0x39 ./src/bbasil.o
 .comment       0x0000000000000038       0x39 ./src/buttons_stm32f0.o
 .comment       0x0000000000000038       0x39 ./src/gpio_stm32f0.o
 .comment       0x0000000000000038       0x39 ./src/lcd_stm32f0.o
 .comment       0x0000000000000038       0x39 ./src/led_stm32f0.o
 .comment       0x0000000000000038       0x39 ./src/main.o
 .comment       0x0000000000000038       0x39 ./src/tim_stm32f0.o
 .comment       0x0000000000000038       0x38 /usr/lib/gcc/arm-none-eabi/4.9.3/../../../arm-none-eabi/lib/armv6-m/libm.a(lib_a-w_pow.o)
                                         0x39 (size before relaxing)
 .comment       0x0000000000000070       0x39 /usr/lib/gcc/arm-none-eabi/4.9.3/../../../arm-none-eabi/lib/armv6-m/libm.a(lib_a-e_pow.o)
 .comment       0x0000000000000070       0x39 /usr/lib/gcc/arm-none-eabi/4.9.3/../../../arm-none-eabi/lib/armv6-m/libm.a(lib_a-e_sqrt.o)
 .comment       0x0000000000000070       0x39 /usr/lib/gcc/arm-none-eabi/4.9.3/../../../arm-none-eabi/lib/armv6-m/libm.a(lib_a-s_fabs.o)
 .comment       0x0000000000000070       0x39 /usr/lib/gcc/arm-none-eabi/4.9.3/../../../arm-none-eabi/lib/armv6-m/libm.a(lib_a-s_finite.o)
 .comment       0x0000000000000070       0x39 /usr/lib/gcc/arm-none-eabi/4.9.3/../../../arm-none-eabi/lib/armv6-m/libm.a(lib_a-s_fpclassify.o)
 .comment       0x0000000000000070       0x39 /usr/lib/gcc/arm-none-eabi/4.9.3/../../../arm-none-eabi/lib/armv6-m/libm.a(lib_a-s_lib_ver.o)
 .comment       0x0000000000000070       0x39 /usr/lib/gcc/arm-none-eabi/4.9.3/../../../arm-none-eabi/lib/armv6-m/libm.a(lib_a-s_matherr.o)
 .comment       0x0000000000000070       0x39 /usr/lib/gcc/arm-none-eabi/4.9.3/../../../arm-none-eabi/lib/armv6-m/libm.a(lib_a-s_nan.o)
 .comment       0x0000000000000070       0x39 /usr/lib/gcc/arm-none-eabi/4.9.3/../../../arm-none-eabi/lib/armv6-m/libm.a(lib_a-s_rint.o)
 .comment       0x0000000000000070       0x39 /usr/lib/gcc/arm-none-eabi/4.9.3/../../../arm-none-eabi/lib/armv6-m/libm.a(lib_a-s_scalbn.o)
 .comment       0x0000000000000070       0x39 /usr/lib/gcc/arm-none-eabi/4.9.3/../../../arm-none-eabi/lib/armv6-m/libm.a(lib_a-s_copysign.o)
 .comment       0x0000000000000070       0x39 /usr/lib/gcc/arm-none-eabi/4.9.3/armv6-m/libgcc.a(_fixunssfsi.o)
 .comment       0x0000000000000070       0x39 /usr/lib/gcc/arm-none-eabi/4.9.3/armv6-m/libgcc.a(_fixunsdfsi.o)
 .comment       0x0000000000000070       0x39 /usr/lib/gcc/arm-none-eabi/4.9.3/armv6-m/libgcc.a(divsf3.o)
 .comment       0x0000000000000070       0x39 /usr/lib/gcc/arm-none-eabi/4.9.3/armv6-m/libgcc.a(mulsf3.o)
 .comment       0x0000000000000070       0x39 /usr/lib/gcc/arm-none-eabi/4.9.3/armv6-m/libgcc.a(subsf3.o)
 .comment       0x0000000000000070       0x39 /usr/lib/gcc/arm-none-eabi/4.9.3/armv6-m/libgcc.a(fixsfsi.o)
 .comment       0x0000000000000070       0x39 /usr/lib/gcc/arm-none-eabi/4.9.3/armv6-m/libgcc.a(floatunsisf.o)
 .comment       0x0000000000000070       0x39 /usr/lib/gcc/arm-none-eabi/4.9.3/armv6-m/libgcc.a(adddf3.o)
 .comment       0x0000000000000070       0x39 /usr/lib/gcc/arm-none-eabi/4.9.3/armv6-m/libgcc.a(divdf3.o)
 .comment       0x0000000000000070       0x39 /usr/lib/gcc/arm-none-eabi/4.9.3/armv6-m/libgcc.a(eqdf2.o)
 .comment       0x0000000000000070       0x39 /usr/lib/gcc/arm-none-eabi/4.9.3/armv6-m/libgcc.a(gedf2.o)
 .comment       0x0000000000000070       0x39 /usr/lib/gcc/arm-none-eabi/4.9.3/armv6-m/libgcc.a(ledf2.o)
 .comment       0x0000000000000070       0x39 /usr/lib/gcc/arm-none-eabi/4.9.3/armv6-m/libgcc.a(muldf3.o)
 .comment       0x0000000000000070       0x39 /usr/lib/gcc/arm-none-eabi/4.9.3/armv6-m/libgcc.a(subdf3.o)
 .comment       0x0000000000000070       0x39 /usr/lib/gcc/arm-none-eabi/4.9.3/armv6-m/libgcc.a(fixdfsi.o)
 .comment       0x0000000000000070       0x39 /usr/lib/gcc/arm-none-eabi/4.9.3/armv6-m/libgcc.a(floatsidf.o)
 .comment       0x0000000000000070       0x39 /usr/lib/gcc/arm-none-eabi/4.9.3/armv6-m/libgcc.a(floatunsidf.o)
 .comment       0x0000000000000070       0x39 /usr/lib/gcc/arm-none-eabi/4.9.3/armv6-m/libgcc.a(eqsf2.o)
 .comment       0x0000000000000070       0x39 /usr/lib/gcc/arm-none-eabi/4.9.3/armv6-m/libgcc.a(gesf2.o)
 .comment       0x0000000000000070       0x39 /usr/lib/gcc/arm-none-eabi/4.9.3/armv6-m/libgcc.a(lesf2.o)
 .comment       0x0000000000000070       0x39 /usr/lib/gcc/arm-none-eabi/4.9.3/../../../arm-none-eabi/lib/armv6-m/libg_nano.a(lib_a-errno.o)
 .comment       0x0000000000000070       0x39 /usr/lib/gcc/arm-none-eabi/4.9.3/../../../arm-none-eabi/lib/armv6-m/libg_nano.a(lib_a-impure.o)
 .comment       0x0000000000000070       0x39 /usr/lib/gcc/arm-none-eabi/4.9.3/../../../arm-none-eabi/lib/armv6-m/libg_nano.a(lib_a-memcpy.o)

.ARM.attributes
                0x0000000000000000       0x31
 .ARM.attributes
                0x0000000000000000       0x31 ./system/src/newlib/_exit.o
 .ARM.attributes
                0x0000000000000031       0x31 ./system/src/newlib/_startup.o
 .ARM.attributes
                0x0000000000000062       0x31 ./system/src/newlib/_syscalls.o
 .ARM.attributes
                0x0000000000000093       0x31 ./system/src/cortexm/_initialize_hardware.o
 .ARM.attributes
                0x00000000000000c4       0x31 ./system/src/cortexm/exception_handlers.o
 .ARM.attributes
                0x00000000000000f5       0x31 ./system/src/cmsis/system_stm32f0xx.o
 .ARM.attributes
                0x0000000000000126       0x31 ./system/src/cmsis/vectors_stm32f0xx.o
 .ARM.attributes
                0x0000000000000157       0x31 ./src/acd_stm32f0.o
 .ARM.attributes
                0x0000000000000188       0x31 ./src/bbasil.o
 .ARM.attributes
                0x00000000000001b9       0x31 ./src/buttons_stm32f0.o
 .ARM.attributes
                0x00000000000001ea       0x31 ./src/gpio_stm32f0.o
 .ARM.attributes
                0x000000000000021b       0x31 ./src/lcd_stm32f0.o
 .ARM.attributes
                0x000000000000024c       0x31 ./src/led_stm32f0.o
 .ARM.attributes
                0x000000000000027d       0x31 ./src/main.o
 .ARM.attributes
                0x00000000000002ae       0x31 ./src/tim_stm32f0.o
 .ARM.attributes
                0x00000000000002df       0x2c /usr/lib/gcc/arm-none-eabi/4.9.3/../../../arm-none-eabi/lib/armv6-m/libm.a(lib_a-w_pow.o)
 .ARM.attributes
                0x000000000000030b       0x2c /usr/lib/gcc/arm-none-eabi/4.9.3/../../../arm-none-eabi/lib/armv6-m/libm.a(lib_a-e_pow.o)
 .ARM.attributes
                0x0000000000000337       0x2c /usr/lib/gcc/arm-none-eabi/4.9.3/../../../arm-none-eabi/lib/armv6-m/libm.a(lib_a-e_sqrt.o)
 .ARM.attributes
                0x0000000000000363       0x2c /usr/lib/gcc/arm-none-eabi/4.9.3/../../../arm-none-eabi/lib/armv6-m/libm.a(lib_a-s_fabs.o)
 .ARM.attributes
                0x000000000000038f       0x2c /usr/lib/gcc/arm-none-eabi/4.9.3/../../../arm-none-eabi/lib/armv6-m/libm.a(lib_a-s_finite.o)
 .ARM.attributes
                0x00000000000003bb       0x2c /usr/lib/gcc/arm-none-eabi/4.9.3/../../../arm-none-eabi/lib/armv6-m/libm.a(lib_a-s_fpclassify.o)
 .ARM.attributes
                0x00000000000003e7       0x2c /usr/lib/gcc/arm-none-eabi/4.9.3/../../../arm-none-eabi/lib/armv6-m/libm.a(lib_a-s_lib_ver.o)
 .ARM.attributes
                0x0000000000000413       0x2c /usr/lib/gcc/arm-none-eabi/4.9.3/../../../arm-none-eabi/lib/armv6-m/libm.a(lib_a-s_matherr.o)
 .ARM.attributes
                0x000000000000043f       0x2c /usr/lib/gcc/arm-none-eabi/4.9.3/../../../arm-none-eabi/lib/armv6-m/libm.a(lib_a-s_nan.o)
 .ARM.attributes
                0x000000000000046b       0x2c /usr/lib/gcc/arm-none-eabi/4.9.3/../../../arm-none-eabi/lib/armv6-m/libm.a(lib_a-s_rint.o)
 .ARM.attributes
                0x0000000000000497       0x2c /usr/lib/gcc/arm-none-eabi/4.9.3/../../../arm-none-eabi/lib/armv6-m/libm.a(lib_a-s_scalbn.o)
 .ARM.attributes
                0x00000000000004c3       0x2c /usr/lib/gcc/arm-none-eabi/4.9.3/../../../arm-none-eabi/lib/armv6-m/libm.a(lib_a-s_copysign.o)
 .ARM.attributes
                0x00000000000004ef       0x1e /usr/lib/gcc/arm-none-eabi/4.9.3/armv6-m/libgcc.a(_udivsi3.o)
 .ARM.attributes
                0x000000000000050d       0x1e /usr/lib/gcc/arm-none-eabi/4.9.3/armv6-m/libgcc.a(_dvmd_tls.o)
 .ARM.attributes
                0x000000000000052b       0x1e /usr/lib/gcc/arm-none-eabi/4.9.3/armv6-m/libgcc.a(_arm_cmpdf2.o)
 .ARM.attributes
                0x0000000000000549       0x2c /usr/lib/gcc/arm-none-eabi/4.9.3/armv6-m/libgcc.a(_fixunssfsi.o)
 .ARM.attributes
                0x0000000000000575       0x2c /usr/lib/gcc/arm-none-eabi/4.9.3/armv6-m/libgcc.a(_fixunsdfsi.o)
 .ARM.attributes
                0x00000000000005a1       0x2c /usr/lib/gcc/arm-none-eabi/4.9.3/armv6-m/libgcc.a(divsf3.o)
 .ARM.attributes
                0x00000000000005cd       0x2c /usr/lib/gcc/arm-none-eabi/4.9.3/armv6-m/libgcc.a(mulsf3.o)
 .ARM.attributes
                0x00000000000005f9       0x2c /usr/lib/gcc/arm-none-eabi/4.9.3/armv6-m/libgcc.a(subsf3.o)
 .ARM.attributes
                0x0000000000000625       0x2c /usr/lib/gcc/arm-none-eabi/4.9.3/armv6-m/libgcc.a(fixsfsi.o)
 .ARM.attributes
                0x0000000000000651       0x2c /usr/lib/gcc/arm-none-eabi/4.9.3/armv6-m/libgcc.a(floatunsisf.o)
 .ARM.attributes
                0x000000000000067d       0x2c /usr/lib/gcc/arm-none-eabi/4.9.3/armv6-m/libgcc.a(adddf3.o)
 .ARM.attributes
                0x00000000000006a9       0x2c /usr/lib/gcc/arm-none-eabi/4.9.3/armv6-m/libgcc.a(divdf3.o)
 .ARM.attributes
                0x00000000000006d5       0x2c /usr/lib/gcc/arm-none-eabi/4.9.3/armv6-m/libgcc.a(eqdf2.o)
 .ARM.attributes
                0x0000000000000701       0x2c /usr/lib/gcc/arm-none-eabi/4.9.3/armv6-m/libgcc.a(gedf2.o)
 .ARM.attributes
                0x000000000000072d       0x2c /usr/lib/gcc/arm-none-eabi/4.9.3/armv6-m/libgcc.a(ledf2.o)
 .ARM.attributes
                0x0000000000000759       0x2c /usr/lib/gcc/arm-none-eabi/4.9.3/armv6-m/libgcc.a(muldf3.o)
 .ARM.attributes
                0x0000000000000785       0x2c /usr/lib/gcc/arm-none-eabi/4.9.3/armv6-m/libgcc.a(subdf3.o)
 .ARM.attributes
                0x00000000000007b1       0x2c /usr/lib/gcc/arm-none-eabi/4.9.3/armv6-m/libgcc.a(fixdfsi.o)
 .ARM.attributes
                0x00000000000007dd       0x2c /usr/lib/gcc/arm-none-eabi/4.9.3/armv6-m/libgcc.a(floatsidf.o)
 .ARM.attributes
                0x0000000000000809       0x2c /usr/lib/gcc/arm-none-eabi/4.9.3/armv6-m/libgcc.a(floatunsidf.o)
 .ARM.attributes
                0x0000000000000835       0x1e /usr/lib/gcc/arm-none-eabi/4.9.3/armv6-m/libgcc.a(_arm_cmpsf2.o)
 .ARM.attributes
                0x0000000000000853       0x1e /usr/lib/gcc/arm-none-eabi/4.9.3/armv6-m/libgcc.a(_clzsi2.o)
 .ARM.attributes
                0x0000000000000871       0x2c /usr/lib/gcc/arm-none-eabi/4.9.3/armv6-m/libgcc.a(eqsf2.o)
 .ARM.attributes
                0x000000000000089d       0x2c /usr/lib/gcc/arm-none-eabi/4.9.3/armv6-m/libgcc.a(gesf2.o)
 .ARM.attributes
                0x00000000000008c9       0x2c /usr/lib/gcc/arm-none-eabi/4.9.3/armv6-m/libgcc.a(lesf2.o)
 .ARM.attributes
                0x00000000000008f5       0x2c /usr/lib/gcc/arm-none-eabi/4.9.3/../../../arm-none-eabi/lib/armv6-m/libg_nano.a(lib_a-errno.o)
 .ARM.attributes
                0x0000000000000921       0x2c /usr/lib/gcc/arm-none-eabi/4.9.3/../../../arm-none-eabi/lib/armv6-m/libg_nano.a(lib_a-impure.o)
 .ARM.attributes
                0x000000000000094d       0x2c /usr/lib/gcc/arm-none-eabi/4.9.3/../../../arm-none-eabi/lib/armv6-m/libg_nano.a(lib_a-memcpy.o)

.debug
 *(.debug)

.line
 *(.line)

.debug_srcinfo
 *(.debug_srcinfo)

.debug_sfnames
 *(.debug_sfnames)

.debug_aranges  0x0000000000000000      0x7f0
 *(.debug_aranges)
 .debug_aranges
                0x0000000000000000       0x28 ./system/src/newlib/_exit.o
 .debug_aranges
                0x0000000000000028       0x40 ./system/src/newlib/_startup.o
 .debug_aranges
                0x0000000000000068       0x30 ./system/src/newlib/_syscalls.o
 .debug_aranges
                0x0000000000000098       0x28 ./system/src/cortexm/_initialize_hardware.o
 .debug_aranges
                0x00000000000000c0       0x50 ./system/src/cortexm/exception_handlers.o
 .debug_aranges
                0x0000000000000110       0x30 ./system/src/cmsis/system_stm32f0xx.o
 .debug_aranges
                0x0000000000000140       0x20 ./system/src/cmsis/vectors_stm32f0xx.o
 .debug_aranges
                0x0000000000000160       0x30 ./src/acd_stm32f0.o
 .debug_aranges
                0x0000000000000190       0x50 ./src/bbasil.o
 .debug_aranges
                0x00000000000001e0       0x30 ./src/buttons_stm32f0.o
 .debug_aranges
                0x0000000000000210       0x30 ./src/gpio_stm32f0.o
 .debug_aranges
                0x0000000000000240       0x50 ./src/lcd_stm32f0.o
 .debug_aranges
                0x0000000000000290       0x30 ./src/led_stm32f0.o
 .debug_aranges
                0x00000000000002c0       0x20 ./src/main.o
 .debug_aranges
                0x00000000000002e0       0x20 ./src/tim_stm32f0.o
 .debug_aranges
                0x0000000000000300       0x20 /usr/lib/gcc/arm-none-eabi/4.9.3/../../../arm-none-eabi/lib/armv6-m/libm.a(lib_a-w_pow.o)
 .debug_aranges
                0x0000000000000320       0x20 /usr/lib/gcc/arm-none-eabi/4.9.3/../../../arm-none-eabi/lib/armv6-m/libm.a(lib_a-e_pow.o)
 .debug_aranges
                0x0000000000000340       0x20 /usr/lib/gcc/arm-none-eabi/4.9.3/../../../arm-none-eabi/lib/armv6-m/libm.a(lib_a-e_sqrt.o)
 .debug_aranges
                0x0000000000000360       0x20 /usr/lib/gcc/arm-none-eabi/4.9.3/../../../arm-none-eabi/lib/armv6-m/libm.a(lib_a-s_fabs.o)
 .debug_aranges
                0x0000000000000380       0x20 /usr/lib/gcc/arm-none-eabi/4.9.3/../../../arm-none-eabi/lib/armv6-m/libm.a(lib_a-s_finite.o)
 .debug_aranges
                0x00000000000003a0       0x20 /usr/lib/gcc/arm-none-eabi/4.9.3/../../../arm-none-eabi/lib/armv6-m/libm.a(lib_a-s_fpclassify.o)
 .debug_aranges
                0x00000000000003c0       0x18 /usr/lib/gcc/arm-none-eabi/4.9.3/../../../arm-none-eabi/lib/armv6-m/libm.a(lib_a-s_lib_ver.o)
 .debug_aranges
                0x00000000000003d8       0x20 /usr/lib/gcc/arm-none-eabi/4.9.3/../../../arm-none-eabi/lib/armv6-m/libm.a(lib_a-s_matherr.o)
 .debug_aranges
                0x00000000000003f8       0x20 /usr/lib/gcc/arm-none-eabi/4.9.3/../../../arm-none-eabi/lib/armv6-m/libm.a(lib_a-s_nan.o)
 .debug_aranges
                0x0000000000000418       0x20 /usr/lib/gcc/arm-none-eabi/4.9.3/../../../arm-none-eabi/lib/armv6-m/libm.a(lib_a-s_rint.o)
 .debug_aranges
                0x0000000000000438       0x20 /usr/lib/gcc/arm-none-eabi/4.9.3/../../../arm-none-eabi/lib/armv6-m/libm.a(lib_a-s_scalbn.o)
 .debug_aranges
                0x0000000000000458       0x20 /usr/lib/gcc/arm-none-eabi/4.9.3/../../../arm-none-eabi/lib/armv6-m/libm.a(lib_a-s_copysign.o)
 .debug_aranges
                0x0000000000000478       0x20 /usr/lib/gcc/arm-none-eabi/4.9.3/armv6-m/libgcc.a(_udivsi3.o)
 .debug_aranges
                0x0000000000000498       0x20 /usr/lib/gcc/arm-none-eabi/4.9.3/armv6-m/libgcc.a(_dvmd_tls.o)
 .debug_aranges
                0x00000000000004b8       0x20 /usr/lib/gcc/arm-none-eabi/4.9.3/armv6-m/libgcc.a(_arm_cmpdf2.o)
 .debug_aranges
                0x00000000000004d8       0x20 /usr/lib/gcc/arm-none-eabi/4.9.3/armv6-m/libgcc.a(_fixunssfsi.o)
 .debug_aranges
                0x00000000000004f8       0x20 /usr/lib/gcc/arm-none-eabi/4.9.3/armv6-m/libgcc.a(_fixunsdfsi.o)
 .debug_aranges
                0x0000000000000518       0x20 /usr/lib/gcc/arm-none-eabi/4.9.3/armv6-m/libgcc.a(divsf3.o)
 .debug_aranges
                0x0000000000000538       0x20 /usr/lib/gcc/arm-none-eabi/4.9.3/armv6-m/libgcc.a(mulsf3.o)
 .debug_aranges
                0x0000000000000558       0x20 /usr/lib/gcc/arm-none-eabi/4.9.3/armv6-m/libgcc.a(subsf3.o)
 .debug_aranges
                0x0000000000000578       0x20 /usr/lib/gcc/arm-none-eabi/4.9.3/armv6-m/libgcc.a(fixsfsi.o)
 .debug_aranges
                0x0000000000000598       0x20 /usr/lib/gcc/arm-none-eabi/4.9.3/armv6-m/libgcc.a(floatunsisf.o)
 .debug_aranges
                0x00000000000005b8       0x20 /usr/lib/gcc/arm-none-eabi/4.9.3/armv6-m/libgcc.a(adddf3.o)
 .debug_aranges
                0x00000000000005d8       0x20 /usr/lib/gcc/arm-none-eabi/4.9.3/armv6-m/libgcc.a(divdf3.o)
 .debug_aranges
                0x00000000000005f8       0x20 /usr/lib/gcc/arm-none-eabi/4.9.3/armv6-m/libgcc.a(eqdf2.o)
 .debug_aranges
                0x0000000000000618       0x20 /usr/lib/gcc/arm-none-eabi/4.9.3/armv6-m/libgcc.a(gedf2.o)
 .debug_aranges
                0x0000000000000638       0x20 /usr/lib/gcc/arm-none-eabi/4.9.3/armv6-m/libgcc.a(ledf2.o)
 .debug_aranges
                0x0000000000000658       0x20 /usr/lib/gcc/arm-none-eabi/4.9.3/armv6-m/libgcc.a(muldf3.o)
 .debug_aranges
                0x0000000000000678       0x20 /usr/lib/gcc/arm-none-eabi/4.9.3/armv6-m/libgcc.a(subdf3.o)
 .debug_aranges
                0x0000000000000698       0x20 /usr/lib/gcc/arm-none-eabi/4.9.3/armv6-m/libgcc.a(fixdfsi.o)
 .debug_aranges
                0x00000000000006b8       0x20 /usr/lib/gcc/arm-none-eabi/4.9.3/armv6-m/libgcc.a(floatsidf.o)
 .debug_aranges
                0x00000000000006d8       0x20 /usr/lib/gcc/arm-none-eabi/4.9.3/armv6-m/libgcc.a(floatunsidf.o)
 .debug_aranges
                0x00000000000006f8       0x20 /usr/lib/gcc/arm-none-eabi/4.9.3/armv6-m/libgcc.a(_arm_cmpsf2.o)
 .debug_aranges
                0x0000000000000718       0x20 /usr/lib/gcc/arm-none-eabi/4.9.3/armv6-m/libgcc.a(_clzsi2.o)
 .debug_aranges
                0x0000000000000738       0x20 /usr/lib/gcc/arm-none-eabi/4.9.3/armv6-m/libgcc.a(eqsf2.o)
 .debug_aranges
                0x0000000000000758       0x20 /usr/lib/gcc/arm-none-eabi/4.9.3/armv6-m/libgcc.a(gesf2.o)
 .debug_aranges
                0x0000000000000778       0x20 /usr/lib/gcc/arm-none-eabi/4.9.3/armv6-m/libgcc.a(lesf2.o)
 .debug_aranges
                0x0000000000000798       0x20 /usr/lib/gcc/arm-none-eabi/4.9.3/../../../arm-none-eabi/lib/armv6-m/libg_nano.a(lib_a-errno.o)
 .debug_aranges
                0x00000000000007b8       0x18 /usr/lib/gcc/arm-none-eabi/4.9.3/../../../arm-none-eabi/lib/armv6-m/libg_nano.a(lib_a-impure.o)
 .debug_aranges
                0x00000000000007d0       0x20 /usr/lib/gcc/arm-none-eabi/4.9.3/../../../arm-none-eabi/lib/armv6-m/libg_nano.a(lib_a-memcpy.o)

.debug_pubnames
 *(.debug_pubnames)

.debug_info     0x0000000000000000     0x909c
 *(.debug_info .gnu.linkonce.wi.*)
 .debug_info    0x0000000000000000       0xee ./system/src/newlib/_exit.o
 .debug_info    0x00000000000000ee      0x475 ./system/src/newlib/_startup.o
 .debug_info    0x0000000000000563      0x1bc ./system/src/newlib/_syscalls.o
 .debug_info    0x000000000000071f       0xc3 ./system/src/cortexm/_initialize_hardware.o
 .debug_info    0x00000000000007e2      0x1c0 ./system/src/cortexm/exception_handlers.o
 .debug_info    0x00000000000009a2      0x2e8 ./system/src/cmsis/system_stm32f0xx.o
 .debug_info    0x0000000000000c8a       0xd1 ./system/src/cmsis/vectors_stm32f0xx.o
 .debug_info    0x0000000000000d5b      0x40a ./src/acd_stm32f0.o
 .debug_info    0x0000000000001165      0x78e ./src/bbasil.o
 .debug_info    0x00000000000018f3      0x6f5 ./src/buttons_stm32f0.o
 .debug_info    0x0000000000001fe8      0x332 ./src/gpio_stm32f0.o
 .debug_info    0x000000000000231a      0x516 ./src/lcd_stm32f0.o
 .debug_info    0x0000000000002830      0x326 ./src/led_stm32f0.o
 .debug_info    0x0000000000002b56       0xd9 ./src/main.o
 .debug_info    0x0000000000002c2f      0x5e1 ./src/tim_stm32f0.o
 .debug_info    0x0000000000003210      0x33e /usr/lib/gcc/arm-none-eabi/4.9.3/../../../arm-none-eabi/lib/armv6-m/libm.a(lib_a-w_pow.o)
 .debug_info    0x000000000000354e      0x754 /usr/lib/gcc/arm-none-eabi/4.9.3/../../../arm-none-eabi/lib/armv6-m/libm.a(lib_a-e_pow.o)
 .debug_info    0x0000000000003ca2      0x22d /usr/lib/gcc/arm-none-eabi/4.9.3/../../../arm-none-eabi/lib/armv6-m/libm.a(lib_a-e_sqrt.o)
 .debug_info    0x0000000000003ecf      0x133 /usr/lib/gcc/arm-none-eabi/4.9.3/../../../arm-none-eabi/lib/armv6-m/libm.a(lib_a-s_fabs.o)
 .debug_info    0x0000000000004002       0xd5 /usr/lib/gcc/arm-none-eabi/4.9.3/../../../arm-none-eabi/lib/armv6-m/libm.a(lib_a-s_finite.o)
 .debug_info    0x00000000000040d7       0xdb /usr/lib/gcc/arm-none-eabi/4.9.3/../../../arm-none-eabi/lib/armv6-m/libm.a(lib_a-s_fpclassify.o)
 .debug_info    0x00000000000041b2       0xbe /usr/lib/gcc/arm-none-eabi/4.9.3/../../../arm-none-eabi/lib/armv6-m/libm.a(lib_a-s_lib_ver.o)
 .debug_info    0x0000000000004270      0x129 /usr/lib/gcc/arm-none-eabi/4.9.3/../../../arm-none-eabi/lib/armv6-m/libm.a(lib_a-s_matherr.o)
 .debug_info    0x0000000000004399       0xd2 /usr/lib/gcc/arm-none-eabi/4.9.3/../../../arm-none-eabi/lib/armv6-m/libm.a(lib_a-s_nan.o)
 .debug_info    0x000000000000446b      0x208 /usr/lib/gcc/arm-none-eabi/4.9.3/../../../arm-none-eabi/lib/armv6-m/libm.a(lib_a-s_rint.o)
 .debug_info    0x0000000000004673      0x23b /usr/lib/gcc/arm-none-eabi/4.9.3/../../../arm-none-eabi/lib/armv6-m/libm.a(lib_a-s_scalbn.o)
 .debug_info    0x00000000000048ae      0x14e /usr/lib/gcc/arm-none-eabi/4.9.3/../../../arm-none-eabi/lib/armv6-m/libm.a(lib_a-s_copysign.o)
 .debug_info    0x00000000000049fc       0xb9 /usr/lib/gcc/arm-none-eabi/4.9.3/armv6-m/libgcc.a(_udivsi3.o)
 .debug_info    0x0000000000004ab5       0xb9 /usr/lib/gcc/arm-none-eabi/4.9.3/armv6-m/libgcc.a(_dvmd_tls.o)
 .debug_info    0x0000000000004b6e       0xb9 /usr/lib/gcc/arm-none-eabi/4.9.3/armv6-m/libgcc.a(_arm_cmpdf2.o)
 .debug_info    0x0000000000004c27       0xd5 /usr/lib/gcc/arm-none-eabi/4.9.3/armv6-m/libgcc.a(_fixunssfsi.o)
 .debug_info    0x0000000000004cfc       0xd5 /usr/lib/gcc/arm-none-eabi/4.9.3/armv6-m/libgcc.a(_fixunsdfsi.o)
 .debug_info    0x0000000000004dd1      0x2b7 /usr/lib/gcc/arm-none-eabi/4.9.3/armv6-m/libgcc.a(divsf3.o)
 .debug_info    0x0000000000005088      0x31c /usr/lib/gcc/arm-none-eabi/4.9.3/armv6-m/libgcc.a(mulsf3.o)
 .debug_info    0x00000000000053a4      0x2b7 /usr/lib/gcc/arm-none-eabi/4.9.3/armv6-m/libgcc.a(subsf3.o)
 .debug_info    0x000000000000565b      0x18c /usr/lib/gcc/arm-none-eabi/4.9.3/armv6-m/libgcc.a(fixsfsi.o)
 .debug_info    0x00000000000057e7      0x1ba /usr/lib/gcc/arm-none-eabi/4.9.3/armv6-m/libgcc.a(floatunsisf.o)
 .debug_info    0x00000000000059a1      0x485 /usr/lib/gcc/arm-none-eabi/4.9.3/armv6-m/libgcc.a(adddf3.o)
 .debug_info    0x0000000000005e26      0x5c2 /usr/lib/gcc/arm-none-eabi/4.9.3/armv6-m/libgcc.a(divdf3.o)
 .debug_info    0x00000000000063e8      0x1e7 /usr/lib/gcc/arm-none-eabi/4.9.3/armv6-m/libgcc.a(eqdf2.o)
 .debug_info    0x00000000000065cf      0x20d /usr/lib/gcc/arm-none-eabi/4.9.3/armv6-m/libgcc.a(gedf2.o)
 .debug_info    0x00000000000067dc      0x20d /usr/lib/gcc/arm-none-eabi/4.9.3/armv6-m/libgcc.a(ledf2.o)
 .debug_info    0x00000000000069e9      0x60a /usr/lib/gcc/arm-none-eabi/4.9.3/armv6-m/libgcc.a(muldf3.o)
 .debug_info    0x0000000000006ff3      0x4a2 /usr/lib/gcc/arm-none-eabi/4.9.3/armv6-m/libgcc.a(subdf3.o)
 .debug_info    0x0000000000007495      0x1a2 /usr/lib/gcc/arm-none-eabi/4.9.3/armv6-m/libgcc.a(fixdfsi.o)
 .debug_info    0x0000000000007637      0x1c2 /usr/lib/gcc/arm-none-eabi/4.9.3/armv6-m/libgcc.a(floatsidf.o)
 .debug_info    0x00000000000077f9      0x1b7 /usr/lib/gcc/arm-none-eabi/4.9.3/armv6-m/libgcc.a(floatunsidf.o)
 .debug_info    0x00000000000079b0       0xb9 /usr/lib/gcc/arm-none-eabi/4.9.3/armv6-m/libgcc.a(_arm_cmpsf2.o)
 .debug_info    0x0000000000007a69       0xb9 /usr/lib/gcc/arm-none-eabi/4.9.3/armv6-m/libgcc.a(_clzsi2.o)
 .debug_info    0x0000000000007b22      0x1b4 /usr/lib/gcc/arm-none-eabi/4.9.3/armv6-m/libgcc.a(eqsf2.o)
 .debug_info    0x0000000000007cd6      0x1de /usr/lib/gcc/arm-none-eabi/4.9.3/armv6-m/libgcc.a(gesf2.o)
 .debug_info    0x0000000000007eb4      0x1de /usr/lib/gcc/arm-none-eabi/4.9.3/armv6-m/libgcc.a(lesf2.o)
 .debug_info    0x0000000000008092      0x735 /usr/lib/gcc/arm-none-eabi/4.9.3/../../../arm-none-eabi/lib/armv6-m/libg_nano.a(lib_a-errno.o)
 .debug_info    0x00000000000087c7      0x7d3 /usr/lib/gcc/arm-none-eabi/4.9.3/../../../arm-none-eabi/lib/armv6-m/libg_nano.a(lib_a-impure.o)
 .debug_info    0x0000000000008f9a      0x102 /usr/lib/gcc/arm-none-eabi/4.9.3/../../../arm-none-eabi/lib/armv6-m/libg_nano.a(lib_a-memcpy.o)

.debug_abbrev   0x0000000000000000     0x347e
 *(.debug_abbrev)
 .debug_abbrev  0x0000000000000000       0xb7 ./system/src/newlib/_exit.o
 .debug_abbrev  0x00000000000000b7      0x1e9 ./system/src/newlib/_startup.o
 .debug_abbrev  0x00000000000002a0       0xee ./system/src/newlib/_syscalls.o
 .debug_abbrev  0x000000000000038e       0x63 ./system/src/cortexm/_initialize_hardware.o
 .debug_abbrev  0x00000000000003f1       0xfd ./system/src/cortexm/exception_handlers.o
 .debug_abbrev  0x00000000000004ee      0x146 ./system/src/cmsis/system_stm32f0xx.o
 .debug_abbrev  0x0000000000000634       0x9d ./system/src/cmsis/vectors_stm32f0xx.o
 .debug_abbrev  0x00000000000006d1      0x167 ./src/acd_stm32f0.o
 .debug_abbrev  0x0000000000000838      0x225 ./src/bbasil.o
 .debug_abbrev  0x0000000000000a5d      0x1b5 ./src/buttons_stm32f0.o
 .debug_abbrev  0x0000000000000c12      0x114 ./src/gpio_stm32f0.o
 .debug_abbrev  0x0000000000000d26      0x152 ./src/lcd_stm32f0.o
 .debug_abbrev  0x0000000000000e78      0x14b ./src/led_stm32f0.o
 .debug_abbrev  0x0000000000000fc3       0x63 ./src/main.o
 .debug_abbrev  0x0000000000001026      0x172 ./src/tim_stm32f0.o
 .debug_abbrev  0x0000000000001198      0x14d /usr/lib/gcc/arm-none-eabi/4.9.3/../../../arm-none-eabi/lib/armv6-m/libm.a(lib_a-w_pow.o)
 .debug_abbrev  0x00000000000012e5      0x1cb /usr/lib/gcc/arm-none-eabi/4.9.3/../../../arm-none-eabi/lib/armv6-m/libm.a(lib_a-e_pow.o)
 .debug_abbrev  0x00000000000014b0      0x116 /usr/lib/gcc/arm-none-eabi/4.9.3/../../../arm-none-eabi/lib/armv6-m/libm.a(lib_a-e_sqrt.o)
 .debug_abbrev  0x00000000000015c6       0xc8 /usr/lib/gcc/arm-none-eabi/4.9.3/../../../arm-none-eabi/lib/armv6-m/libm.a(lib_a-s_fabs.o)
 .debug_abbrev  0x000000000000168e       0x6f /usr/lib/gcc/arm-none-eabi/4.9.3/../../../arm-none-eabi/lib/armv6-m/libm.a(lib_a-s_finite.o)
 .debug_abbrev  0x00000000000016fd       0x6f /usr/lib/gcc/arm-none-eabi/4.9.3/../../../arm-none-eabi/lib/armv6-m/libm.a(lib_a-s_fpclassify.o)
 .debug_abbrev  0x000000000000176c       0x4f /usr/lib/gcc/arm-none-eabi/4.9.3/../../../arm-none-eabi/lib/armv6-m/libm.a(lib_a-s_lib_ver.o)
 .debug_abbrev  0x00000000000017bb       0x9a /usr/lib/gcc/arm-none-eabi/4.9.3/../../../arm-none-eabi/lib/armv6-m/libm.a(lib_a-s_matherr.o)
 .debug_abbrev  0x0000000000001855       0x72 /usr/lib/gcc/arm-none-eabi/4.9.3/../../../arm-none-eabi/lib/armv6-m/libm.a(lib_a-s_nan.o)
 .debug_abbrev  0x00000000000018c7      0x12b /usr/lib/gcc/arm-none-eabi/4.9.3/../../../arm-none-eabi/lib/armv6-m/libm.a(lib_a-s_rint.o)
 .debug_abbrev  0x00000000000019f2      0x11f /usr/lib/gcc/arm-none-eabi/4.9.3/../../../arm-none-eabi/lib/armv6-m/libm.a(lib_a-s_scalbn.o)
 .debug_abbrev  0x0000000000001b11       0xc8 /usr/lib/gcc/arm-none-eabi/4.9.3/../../../arm-none-eabi/lib/armv6-m/libm.a(lib_a-s_copysign.o)
 .debug_abbrev  0x0000000000001bd9       0x14 /usr/lib/gcc/arm-none-eabi/4.9.3/armv6-m/libgcc.a(_udivsi3.o)
 .debug_abbrev  0x0000000000001bed       0x14 /usr/lib/gcc/arm-none-eabi/4.9.3/armv6-m/libgcc.a(_dvmd_tls.o)
 .debug_abbrev  0x0000000000001c01       0x14 /usr/lib/gcc/arm-none-eabi/4.9.3/armv6-m/libgcc.a(_arm_cmpdf2.o)
 .debug_abbrev  0x0000000000001c15       0x60 /usr/lib/gcc/arm-none-eabi/4.9.3/armv6-m/libgcc.a(_fixunssfsi.o)
 .debug_abbrev  0x0000000000001c75       0x60 /usr/lib/gcc/arm-none-eabi/4.9.3/armv6-m/libgcc.a(_fixunsdfsi.o)
 .debug_abbrev  0x0000000000001cd5      0x120 /usr/lib/gcc/arm-none-eabi/4.9.3/armv6-m/libgcc.a(divsf3.o)
 .debug_abbrev  0x0000000000001df5      0x117 /usr/lib/gcc/arm-none-eabi/4.9.3/armv6-m/libgcc.a(mulsf3.o)
 .debug_abbrev  0x0000000000001f0c      0x13c /usr/lib/gcc/arm-none-eabi/4.9.3/armv6-m/libgcc.a(subsf3.o)
 .debug_abbrev  0x0000000000002048      0x10e /usr/lib/gcc/arm-none-eabi/4.9.3/armv6-m/libgcc.a(fixsfsi.o)
 .debug_abbrev  0x0000000000002156      0x12b /usr/lib/gcc/arm-none-eabi/4.9.3/armv6-m/libgcc.a(floatunsisf.o)
 .debug_abbrev  0x0000000000002281      0x13a /usr/lib/gcc/arm-none-eabi/4.9.3/armv6-m/libgcc.a(adddf3.o)
 .debug_abbrev  0x00000000000023bb      0x120 /usr/lib/gcc/arm-none-eabi/4.9.3/armv6-m/libgcc.a(divdf3.o)
 .debug_abbrev  0x00000000000024db      0x11b /usr/lib/gcc/arm-none-eabi/4.9.3/armv6-m/libgcc.a(eqdf2.o)
 .debug_abbrev  0x00000000000025f6      0x128 /usr/lib/gcc/arm-none-eabi/4.9.3/armv6-m/libgcc.a(gedf2.o)
 .debug_abbrev  0x000000000000271e      0x128 /usr/lib/gcc/arm-none-eabi/4.9.3/armv6-m/libgcc.a(ledf2.o)
 .debug_abbrev  0x0000000000002846      0x132 /usr/lib/gcc/arm-none-eabi/4.9.3/armv6-m/libgcc.a(muldf3.o)
 .debug_abbrev  0x0000000000002978      0x13a /usr/lib/gcc/arm-none-eabi/4.9.3/armv6-m/libgcc.a(subdf3.o)
 .debug_abbrev  0x0000000000002ab2      0x119 /usr/lib/gcc/arm-none-eabi/4.9.3/armv6-m/libgcc.a(fixdfsi.o)
 .debug_abbrev  0x0000000000002bcb      0x10a /usr/lib/gcc/arm-none-eabi/4.9.3/armv6-m/libgcc.a(floatsidf.o)
 .debug_abbrev  0x0000000000002cd5      0x10a /usr/lib/gcc/arm-none-eabi/4.9.3/armv6-m/libgcc.a(floatunsidf.o)
 .debug_abbrev  0x0000000000002ddf       0x14 /usr/lib/gcc/arm-none-eabi/4.9.3/armv6-m/libgcc.a(_arm_cmpsf2.o)
 .debug_abbrev  0x0000000000002df3       0x14 /usr/lib/gcc/arm-none-eabi/4.9.3/armv6-m/libgcc.a(_clzsi2.o)
 .debug_abbrev  0x0000000000002e07      0x119 /usr/lib/gcc/arm-none-eabi/4.9.3/armv6-m/libgcc.a(eqsf2.o)
 .debug_abbrev  0x0000000000002f20      0x128 /usr/lib/gcc/arm-none-eabi/4.9.3/armv6-m/libgcc.a(gesf2.o)
 .debug_abbrev  0x0000000000003048      0x128 /usr/lib/gcc/arm-none-eabi/4.9.3/armv6-m/libgcc.a(lesf2.o)
 .debug_abbrev  0x0000000000003170      0x134 /usr/lib/gcc/arm-none-eabi/4.9.3/../../../arm-none-eabi/lib/armv6-m/libg_nano.a(lib_a-errno.o)
 .debug_abbrev  0x00000000000032a4      0x136 /usr/lib/gcc/arm-none-eabi/4.9.3/../../../arm-none-eabi/lib/armv6-m/libg_nano.a(lib_a-impure.o)
 .debug_abbrev  0x00000000000033da       0xa4 /usr/lib/gcc/arm-none-eabi/4.9.3/../../../arm-none-eabi/lib/armv6-m/libg_nano.a(lib_a-memcpy.o)

.debug_line     0x0000000000000000     0x5fe2
 *(.debug_line)
 .debug_line    0x0000000000000000      0x1e9 ./system/src/newlib/_exit.o
 .debug_line    0x00000000000001e9      0x255 ./system/src/newlib/_startup.o
 .debug_line    0x000000000000043e      0x277 ./system/src/newlib/_syscalls.o
 .debug_line    0x00000000000006b5      0x34e ./system/src/cortexm/_initialize_hardware.o
 .debug_line    0x0000000000000a03      0x510 ./system/src/cortexm/exception_handlers.o
 .debug_line    0x0000000000000f13      0x38c ./system/src/cmsis/system_stm32f0xx.o
 .debug_line    0x000000000000129f       0xd4 ./system/src/cmsis/vectors_stm32f0xx.o
 .debug_line    0x0000000000001373      0x352 ./src/acd_stm32f0.o
 .debug_line    0x00000000000016c5      0x4e8 ./src/bbasil.o
 .debug_line    0x0000000000001bad      0x37c ./src/buttons_stm32f0.o
 .debug_line    0x0000000000001f29      0x352 ./src/gpio_stm32f0.o
 .debug_line    0x000000000000227b      0x3db ./src/lcd_stm32f0.o
 .debug_line    0x0000000000002656      0x37d ./src/led_stm32f0.o
 .debug_line    0x00000000000029d3      0x466 ./src/main.o
 .debug_line    0x0000000000002e39      0x40d ./src/tim_stm32f0.o
 .debug_line    0x0000000000003246      0x23a /usr/lib/gcc/arm-none-eabi/4.9.3/../../../arm-none-eabi/lib/armv6-m/libm.a(lib_a-w_pow.o)
 .debug_line    0x0000000000003480      0x2ea /usr/lib/gcc/arm-none-eabi/4.9.3/../../../arm-none-eabi/lib/armv6-m/libm.a(lib_a-e_pow.o)
 .debug_line    0x000000000000376a      0x1b2 /usr/lib/gcc/arm-none-eabi/4.9.3/../../../arm-none-eabi/lib/armv6-m/libm.a(lib_a-e_sqrt.o)
 .debug_line    0x000000000000391c      0x151 /usr/lib/gcc/arm-none-eabi/4.9.3/../../../arm-none-eabi/lib/armv6-m/libm.a(lib_a-s_fabs.o)
 .debug_line    0x0000000000003a6d      0x11b /usr/lib/gcc/arm-none-eabi/4.9.3/../../../arm-none-eabi/lib/armv6-m/libm.a(lib_a-s_finite.o)
 .debug_line    0x0000000000003b88      0x146 /usr/lib/gcc/arm-none-eabi/4.9.3/../../../arm-none-eabi/lib/armv6-m/libm.a(lib_a-s_fpclassify.o)
 .debug_line    0x0000000000003cce       0xa5 /usr/lib/gcc/arm-none-eabi/4.9.3/../../../arm-none-eabi/lib/armv6-m/libm.a(lib_a-s_lib_ver.o)
 .debug_line    0x0000000000003d73       0xb6 /usr/lib/gcc/arm-none-eabi/4.9.3/../../../arm-none-eabi/lib/armv6-m/libm.a(lib_a-s_matherr.o)
 .debug_line    0x0000000000003e29       0xb3 /usr/lib/gcc/arm-none-eabi/4.9.3/../../../arm-none-eabi/lib/armv6-m/libm.a(lib_a-s_nan.o)
 .debug_line    0x0000000000003edc      0x19c /usr/lib/gcc/arm-none-eabi/4.9.3/../../../arm-none-eabi/lib/armv6-m/libm.a(lib_a-s_rint.o)
 .debug_line    0x0000000000004078      0x159 /usr/lib/gcc/arm-none-eabi/4.9.3/../../../arm-none-eabi/lib/armv6-m/libm.a(lib_a-s_scalbn.o)
 .debug_line    0x00000000000041d1      0x12a /usr/lib/gcc/arm-none-eabi/4.9.3/../../../arm-none-eabi/lib/armv6-m/libm.a(lib_a-s_copysign.o)
 .debug_line    0x00000000000042fb       0x6c /usr/lib/gcc/arm-none-eabi/4.9.3/armv6-m/libgcc.a(_udivsi3.o)
 .debug_line    0x0000000000004367       0x5e /usr/lib/gcc/arm-none-eabi/4.9.3/armv6-m/libgcc.a(_dvmd_tls.o)
 .debug_line    0x00000000000043c5       0x76 /usr/lib/gcc/arm-none-eabi/4.9.3/armv6-m/libgcc.a(_arm_cmpdf2.o)
 .debug_line    0x000000000000443b       0x66 /usr/lib/gcc/arm-none-eabi/4.9.3/armv6-m/libgcc.a(_fixunssfsi.o)
 .debug_line    0x00000000000044a1       0x64 /usr/lib/gcc/arm-none-eabi/4.9.3/armv6-m/libgcc.a(_fixunsdfsi.o)
 .debug_line    0x0000000000004505      0x13f /usr/lib/gcc/arm-none-eabi/4.9.3/armv6-m/libgcc.a(divsf3.o)
 .debug_line    0x0000000000004644      0x12c /usr/lib/gcc/arm-none-eabi/4.9.3/armv6-m/libgcc.a(mulsf3.o)
 .debug_line    0x0000000000004770      0x267 /usr/lib/gcc/arm-none-eabi/4.9.3/armv6-m/libgcc.a(subsf3.o)
 .debug_line    0x00000000000049d7       0x90 /usr/lib/gcc/arm-none-eabi/4.9.3/armv6-m/libgcc.a(fixsfsi.o)
 .debug_line    0x0000000000004a67       0xaa /usr/lib/gcc/arm-none-eabi/4.9.3/armv6-m/libgcc.a(floatunsisf.o)
 .debug_line    0x0000000000004b11      0x343 /usr/lib/gcc/arm-none-eabi/4.9.3/armv6-m/libgcc.a(adddf3.o)
 .debug_line    0x0000000000004e54      0x267 /usr/lib/gcc/arm-none-eabi/4.9.3/armv6-m/libgcc.a(divdf3.o)
 .debug_line    0x00000000000050bb       0xb0 /usr/lib/gcc/arm-none-eabi/4.9.3/armv6-m/libgcc.a(eqdf2.o)
 .debug_line    0x000000000000516b       0xd6 /usr/lib/gcc/arm-none-eabi/4.9.3/armv6-m/libgcc.a(gedf2.o)
 .debug_line    0x0000000000005241       0xd6 /usr/lib/gcc/arm-none-eabi/4.9.3/armv6-m/libgcc.a(ledf2.o)
 .debug_line    0x0000000000005317      0x1a2 /usr/lib/gcc/arm-none-eabi/4.9.3/armv6-m/libgcc.a(muldf3.o)
 .debug_line    0x00000000000054b9      0x366 /usr/lib/gcc/arm-none-eabi/4.9.3/armv6-m/libgcc.a(subdf3.o)
 .debug_line    0x000000000000581f       0x99 /usr/lib/gcc/arm-none-eabi/4.9.3/armv6-m/libgcc.a(fixdfsi.o)
 .debug_line    0x00000000000058b8       0x93 /usr/lib/gcc/arm-none-eabi/4.9.3/armv6-m/libgcc.a(floatsidf.o)
 .debug_line    0x000000000000594b       0x8a /usr/lib/gcc/arm-none-eabi/4.9.3/armv6-m/libgcc.a(floatunsidf.o)
 .debug_line    0x00000000000059d5       0x73 /usr/lib/gcc/arm-none-eabi/4.9.3/armv6-m/libgcc.a(_arm_cmpsf2.o)
 .debug_line    0x0000000000005a48       0x72 /usr/lib/gcc/arm-none-eabi/4.9.3/armv6-m/libgcc.a(_clzsi2.o)
 .debug_line    0x0000000000005aba       0xb1 /usr/lib/gcc/arm-none-eabi/4.9.3/armv6-m/libgcc.a(eqsf2.o)
 .debug_line    0x0000000000005b6b       0xc1 /usr/lib/gcc/arm-none-eabi/4.9.3/armv6-m/libgcc.a(gesf2.o)
 .debug_line    0x0000000000005c2c       0xc6 /usr/lib/gcc/arm-none-eabi/4.9.3/armv6-m/libgcc.a(lesf2.o)
 .debug_line    0x0000000000005cf2      0x10e /usr/lib/gcc/arm-none-eabi/4.9.3/../../../arm-none-eabi/lib/armv6-m/libg_nano.a(lib_a-errno.o)
 .debug_line    0x0000000000005e00       0xf1 /usr/lib/gcc/arm-none-eabi/4.9.3/../../../arm-none-eabi/lib/armv6-m/libg_nano.a(lib_a-impure.o)
 .debug_line    0x0000000000005ef1       0xf1 /usr/lib/gcc/arm-none-eabi/4.9.3/../../../arm-none-eabi/lib/armv6-m/libg_nano.a(lib_a-memcpy.o)

.debug_frame    0x0000000000000000      0xb9c
 *(.debug_frame)
 .debug_frame   0x0000000000000000       0x38 ./system/src/newlib/_exit.o
 .debug_frame   0x0000000000000038       0x80 ./system/src/newlib/_startup.o
 .debug_frame   0x00000000000000b8       0x50 ./system/src/newlib/_syscalls.o
 .debug_frame   0x0000000000000108       0x40 ./system/src/cortexm/_initialize_hardware.o
 .debug_frame   0x0000000000000148       0x88 ./system/src/cortexm/exception_handlers.o
 .debug_frame   0x00000000000001d0       0x54 ./system/src/cmsis/system_stm32f0xx.o
 .debug_frame   0x0000000000000224       0x20 ./system/src/cmsis/vectors_stm32f0xx.o
 .debug_frame   0x0000000000000244       0x4c ./src/acd_stm32f0.o
 .debug_frame   0x0000000000000290       0xb4 ./src/bbasil.o
 .debug_frame   0x0000000000000344       0x5c ./src/buttons_stm32f0.o
 .debug_frame   0x00000000000003a0       0x40 ./src/gpio_stm32f0.o
 .debug_frame   0x00000000000003e0       0xc0 ./src/lcd_stm32f0.o
 .debug_frame   0x00000000000004a0       0x6c ./src/led_stm32f0.o
 .debug_frame   0x000000000000050c       0x28 ./src/main.o
 .debug_frame   0x0000000000000534       0x2c ./src/tim_stm32f0.o
 .debug_frame   0x0000000000000560       0x38 /usr/lib/gcc/arm-none-eabi/4.9.3/../../../arm-none-eabi/lib/armv6-m/libm.a(lib_a-w_pow.o)
 .debug_frame   0x0000000000000598       0x3c /usr/lib/gcc/arm-none-eabi/4.9.3/../../../arm-none-eabi/lib/armv6-m/libm.a(lib_a-e_pow.o)
 .debug_frame   0x00000000000005d4       0x3c /usr/lib/gcc/arm-none-eabi/4.9.3/../../../arm-none-eabi/lib/armv6-m/libm.a(lib_a-e_sqrt.o)
 .debug_frame   0x0000000000000610       0x20 /usr/lib/gcc/arm-none-eabi/4.9.3/../../../arm-none-eabi/lib/armv6-m/libm.a(lib_a-s_fabs.o)
 .debug_frame   0x0000000000000630       0x20 /usr/lib/gcc/arm-none-eabi/4.9.3/../../../arm-none-eabi/lib/armv6-m/libm.a(lib_a-s_finite.o)
 .debug_frame   0x0000000000000650       0x2c /usr/lib/gcc/arm-none-eabi/4.9.3/../../../arm-none-eabi/lib/armv6-m/libm.a(lib_a-s_fpclassify.o)
 .debug_frame   0x000000000000067c       0x20 /usr/lib/gcc/arm-none-eabi/4.9.3/../../../arm-none-eabi/lib/armv6-m/libm.a(lib_a-s_matherr.o)
 .debug_frame   0x000000000000069c       0x20 /usr/lib/gcc/arm-none-eabi/4.9.3/../../../arm-none-eabi/lib/armv6-m/libm.a(lib_a-s_nan.o)
 .debug_frame   0x00000000000006bc       0x38 /usr/lib/gcc/arm-none-eabi/4.9.3/../../../arm-none-eabi/lib/armv6-m/libm.a(lib_a-s_rint.o)
 .debug_frame   0x00000000000006f4       0x30 /usr/lib/gcc/arm-none-eabi/4.9.3/../../../arm-none-eabi/lib/armv6-m/libm.a(lib_a-s_scalbn.o)
 .debug_frame   0x0000000000000724       0x2c /usr/lib/gcc/arm-none-eabi/4.9.3/../../../arm-none-eabi/lib/armv6-m/libm.a(lib_a-s_copysign.o)
 .debug_frame   0x0000000000000750       0x20 /usr/lib/gcc/arm-none-eabi/4.9.3/armv6-m/libgcc.a(_udivsi3.o)
 .debug_frame   0x0000000000000770       0x28 /usr/lib/gcc/arm-none-eabi/4.9.3/armv6-m/libgcc.a(_fixunssfsi.o)
 .debug_frame   0x0000000000000798       0x2c /usr/lib/gcc/arm-none-eabi/4.9.3/armv6-m/libgcc.a(_fixunsdfsi.o)
 .debug_frame   0x00000000000007c4       0x3c /usr/lib/gcc/arm-none-eabi/4.9.3/armv6-m/libgcc.a(divsf3.o)
 .debug_frame   0x0000000000000800       0x3c /usr/lib/gcc/arm-none-eabi/4.9.3/armv6-m/libgcc.a(mulsf3.o)
 .debug_frame   0x000000000000083c       0x30 /usr/lib/gcc/arm-none-eabi/4.9.3/armv6-m/libgcc.a(subsf3.o)
 .debug_frame   0x000000000000086c       0x20 /usr/lib/gcc/arm-none-eabi/4.9.3/armv6-m/libgcc.a(fixsfsi.o)
 .debug_frame   0x000000000000088c       0x28 /usr/lib/gcc/arm-none-eabi/4.9.3/armv6-m/libgcc.a(floatunsisf.o)
 .debug_frame   0x00000000000008b4       0x38 /usr/lib/gcc/arm-none-eabi/4.9.3/armv6-m/libgcc.a(adddf3.o)
 .debug_frame   0x00000000000008ec       0x3c /usr/lib/gcc/arm-none-eabi/4.9.3/armv6-m/libgcc.a(divdf3.o)
 .debug_frame   0x0000000000000928       0x38 /usr/lib/gcc/arm-none-eabi/4.9.3/armv6-m/libgcc.a(eqdf2.o)
 .debug_frame   0x0000000000000960       0x38 /usr/lib/gcc/arm-none-eabi/4.9.3/armv6-m/libgcc.a(gedf2.o)
 .debug_frame   0x0000000000000998       0x38 /usr/lib/gcc/arm-none-eabi/4.9.3/armv6-m/libgcc.a(ledf2.o)
 .debug_frame   0x00000000000009d0       0x3c /usr/lib/gcc/arm-none-eabi/4.9.3/armv6-m/libgcc.a(muldf3.o)
 .debug_frame   0x0000000000000a0c       0x3c /usr/lib/gcc/arm-none-eabi/4.9.3/armv6-m/libgcc.a(subdf3.o)
 .debug_frame   0x0000000000000a48       0x2c /usr/lib/gcc/arm-none-eabi/4.9.3/armv6-m/libgcc.a(fixdfsi.o)
 .debug_frame   0x0000000000000a74       0x2c /usr/lib/gcc/arm-none-eabi/4.9.3/armv6-m/libgcc.a(floatsidf.o)
 .debug_frame   0x0000000000000aa0       0x28 /usr/lib/gcc/arm-none-eabi/4.9.3/armv6-m/libgcc.a(floatunsidf.o)
 .debug_frame   0x0000000000000ac8       0x2c /usr/lib/gcc/arm-none-eabi/4.9.3/armv6-m/libgcc.a(eqsf2.o)
 .debug_frame   0x0000000000000af4       0x30 /usr/lib/gcc/arm-none-eabi/4.9.3/armv6-m/libgcc.a(gesf2.o)
 .debug_frame   0x0000000000000b24       0x30 /usr/lib/gcc/arm-none-eabi/4.9.3/armv6-m/libgcc.a(lesf2.o)
 .debug_frame   0x0000000000000b54       0x20 /usr/lib/gcc/arm-none-eabi/4.9.3/../../../arm-none-eabi/lib/armv6-m/libg_nano.a(lib_a-errno.o)
 .debug_frame   0x0000000000000b74       0x28 /usr/lib/gcc/arm-none-eabi/4.9.3/../../../arm-none-eabi/lib/armv6-m/libg_nano.a(lib_a-memcpy.o)

.debug_str      0x0000000000000000    0x50d9c
 *(.debug_str)
 .debug_str     0x0000000000000000     0x5cdf ./system/src/newlib/_exit.o
                                       0x5e49 (size before relaxing)
 .debug_str     0x0000000000005cdf      0xbbf ./system/src/newlib/_startup.o
                                       0x4e32 (size before relaxing)
 .debug_str     0x000000000000689e     0x158e ./system/src/newlib/_syscalls.o
                                       0x63c8 (size before relaxing)
 .debug_str     0x0000000000007e2c    0x46bbd ./system/src/cortexm/_initialize_hardware.o
                                      0x499fa (size before relaxing)
 .debug_str     0x000000000004e9e9      0x15f ./system/src/cortexm/exception_handlers.o
                                      0x4d44a (size before relaxing)
 .debug_str     0x000000000004eb48      0x118 ./system/src/cmsis/system_stm32f0xx.o
                                      0x49aa8 (size before relaxing)
 .debug_str     0x000000000004ec60       0x56 ./system/src/cmsis/vectors_stm32f0xx.o
                                       0x2ea7 (size before relaxing)
 .debug_str     0x000000000004ecb6      0x111 ./src/acd_stm32f0.o
                                      0x49adf (size before relaxing)
 .debug_str     0x000000000004edc7      0xc8c ./src/bbasil.o
                                      0x4bdf7 (size before relaxing)
 .debug_str     0x000000000004fa53      0x1e3 ./src/buttons_stm32f0.o
                                      0x49d4b (size before relaxing)
 .debug_str     0x000000000004fc36       0x16 ./src/gpio_stm32f0.o
                                      0x49aac (size before relaxing)
 .debug_str     0x000000000004fc4c      0x13d ./src/lcd_stm32f0.o
                                      0x49ba1 (size before relaxing)
 .debug_str     0x000000000004fd89       0x1e ./src/led_stm32f0.o
                                      0x49a90 (size before relaxing)
 .debug_str     0x000000000004fda7        0xe ./src/main.o
                                      0x4bb9b (size before relaxing)
 .debug_str     0x000000000004fdb5       0x1c ./src/tim_stm32f0.o
                                      0x4be46 (size before relaxing)
 .debug_str     0x000000000004fdd1      0x15e /usr/lib/gcc/arm-none-eabi/4.9.3/../../../arm-none-eabi/lib/armv6-m/libm.a(lib_a-w_pow.o)
                                        0x27b (size before relaxing)
 .debug_str     0x000000000004ff2f       0xce /usr/lib/gcc/arm-none-eabi/4.9.3/../../../arm-none-eabi/lib/armv6-m/libm.a(lib_a-e_pow.o)
                                        0x28a (size before relaxing)
 .debug_str     0x000000000004fffd       0x31 /usr/lib/gcc/arm-none-eabi/4.9.3/../../../arm-none-eabi/lib/armv6-m/libm.a(lib_a-e_sqrt.o)
                                        0x21f (size before relaxing)
 .debug_str     0x000000000005002e       0x31 /usr/lib/gcc/arm-none-eabi/4.9.3/../../../arm-none-eabi/lib/armv6-m/libm.a(lib_a-s_fabs.o)
                                        0x201 (size before relaxing)
 .debug_str     0x000000000005005f       0x95 /usr/lib/gcc/arm-none-eabi/4.9.3/../../../arm-none-eabi/lib/armv6-m/libm.a(lib_a-s_finite.o)
                                        0x1e6 (size before relaxing)
 .debug_str     0x00000000000500f4       0x34 /usr/lib/gcc/arm-none-eabi/4.9.3/../../../arm-none-eabi/lib/armv6-m/libm.a(lib_a-s_fpclassify.o)
                                        0x1e7 (size before relaxing)
 .debug_str     0x0000000000050128       0x31 /usr/lib/gcc/arm-none-eabi/4.9.3/../../../arm-none-eabi/lib/armv6-m/libm.a(lib_a-s_lib_ver.o)
                                        0x226 (size before relaxing)
 .debug_str     0x0000000000050159       0x31 /usr/lib/gcc/arm-none-eabi/4.9.3/../../../arm-none-eabi/lib/armv6-m/libm.a(lib_a-s_matherr.o)
                                        0x1f8 (size before relaxing)
 .debug_str     0x000000000005018a       0x34 /usr/lib/gcc/arm-none-eabi/4.9.3/../../../arm-none-eabi/lib/armv6-m/libm.a(lib_a-s_nan.o)
                                        0x1ce (size before relaxing)
 .debug_str     0x00000000000501be       0xa6 /usr/lib/gcc/arm-none-eabi/4.9.3/../../../arm-none-eabi/lib/armv6-m/libm.a(lib_a-s_rint.o)
                                        0x227 (size before relaxing)
 .debug_str     0x0000000000050264       0x46 /usr/lib/gcc/arm-none-eabi/4.9.3/../../../arm-none-eabi/lib/armv6-m/libm.a(lib_a-s_scalbn.o)
                                        0x238 (size before relaxing)
 .debug_str     0x00000000000502aa       0x32 /usr/lib/gcc/arm-none-eabi/4.9.3/../../../arm-none-eabi/lib/armv6-m/libm.a(lib_a-s_copysign.o)
                                        0x208 (size before relaxing)
 .debug_str     0x00000000000502dc      0x187 /usr/lib/gcc/arm-none-eabi/4.9.3/armv6-m/libgcc.a(_fixunssfsi.o)
                                        0x224 (size before relaxing)
 .debug_str     0x0000000000050463       0x14 /usr/lib/gcc/arm-none-eabi/4.9.3/armv6-m/libgcc.a(_fixunsdfsi.o)
                                        0x224 (size before relaxing)
 .debug_str     0x0000000000050477       0x58 /usr/lib/gcc/arm-none-eabi/4.9.3/armv6-m/libgcc.a(divsf3.o)
                                        0x217 (size before relaxing)
 .debug_str     0x00000000000504cf       0x52 /usr/lib/gcc/arm-none-eabi/4.9.3/armv6-m/libgcc.a(mulsf3.o)
                                        0x24d (size before relaxing)
 .debug_str     0x0000000000050521       0x6a /usr/lib/gcc/arm-none-eabi/4.9.3/armv6-m/libgcc.a(subsf3.o)
                                        0x248 (size before relaxing)
 .debug_str     0x000000000005058b       0x1f /usr/lib/gcc/arm-none-eabi/4.9.3/armv6-m/libgcc.a(fixsfsi.o)
                                        0x207 (size before relaxing)
 .debug_str     0x00000000000505aa       0x28 /usr/lib/gcc/arm-none-eabi/4.9.3/armv6-m/libgcc.a(floatunsisf.o)
                                        0x222 (size before relaxing)
 .debug_str     0x00000000000505d2       0x4c /usr/lib/gcc/arm-none-eabi/4.9.3/armv6-m/libgcc.a(adddf3.o)
                                        0x26e (size before relaxing)
 .debug_str     0x000000000005061e       0x5e /usr/lib/gcc/arm-none-eabi/4.9.3/armv6-m/libgcc.a(divdf3.o)
                                        0x2af (size before relaxing)
 .debug_str     0x000000000005067c       0x1e /usr/lib/gcc/arm-none-eabi/4.9.3/armv6-m/libgcc.a(eqdf2.o)
                                        0x213 (size before relaxing)
 .debug_str     0x000000000005069a       0x28 /usr/lib/gcc/arm-none-eabi/4.9.3/armv6-m/libgcc.a(gedf2.o)
                                        0x22b (size before relaxing)
 .debug_str     0x00000000000506c2       0x10 /usr/lib/gcc/arm-none-eabi/4.9.3/armv6-m/libgcc.a(ledf2.o)
                                        0x22b (size before relaxing)
 .debug_str     0x00000000000506d2       0x6d /usr/lib/gcc/arm-none-eabi/4.9.3/armv6-m/libgcc.a(muldf3.o)
                                        0x2c7 (size before relaxing)
 .debug_str     0x000000000005073f       0x16 /usr/lib/gcc/arm-none-eabi/4.9.3/armv6-m/libgcc.a(subdf3.o)
                                        0x26e (size before relaxing)
 .debug_str     0x0000000000050755       0x17 /usr/lib/gcc/arm-none-eabi/4.9.3/armv6-m/libgcc.a(fixdfsi.o)
                                        0x219 (size before relaxing)
 .debug_str     0x000000000005076c       0x18 /usr/lib/gcc/arm-none-eabi/4.9.3/armv6-m/libgcc.a(floatsidf.o)
                                        0x21a (size before relaxing)
 .debug_str     0x0000000000050784       0x1b /usr/lib/gcc/arm-none-eabi/4.9.3/armv6-m/libgcc.a(floatunsidf.o)
                                        0x216 (size before relaxing)
 .debug_str     0x000000000005079f       0x10 /usr/lib/gcc/arm-none-eabi/4.9.3/armv6-m/libgcc.a(eqsf2.o)
                                        0x1f7 (size before relaxing)
 .debug_str     0x00000000000507af       0x10 /usr/lib/gcc/arm-none-eabi/4.9.3/armv6-m/libgcc.a(gesf2.o)
                                        0x20f (size before relaxing)
 .debug_str     0x00000000000507bf       0x10 /usr/lib/gcc/arm-none-eabi/4.9.3/armv6-m/libgcc.a(lesf2.o)
                                        0x20f (size before relaxing)
 .debug_str     0x00000000000507cf      0x440 /usr/lib/gcc/arm-none-eabi/4.9.3/../../../arm-none-eabi/lib/armv6-m/libg_nano.a(lib_a-errno.o)
                                        0x525 (size before relaxing)
 .debug_str     0x0000000000050c0f       0xe1 /usr/lib/gcc/arm-none-eabi/4.9.3/../../../arm-none-eabi/lib/armv6-m/libg_nano.a(lib_a-impure.o)
                                        0x57c (size before relaxing)
 .debug_str     0x0000000000050cf0       0xac /usr/lib/gcc/arm-none-eabi/4.9.3/../../../arm-none-eabi/lib/armv6-m/libg_nano.a(lib_a-memcpy.o)
                                        0x1e8 (size before relaxing)

.debug_loc      0x0000000000000000     0xbeb3
 *(.debug_loc)
 .debug_loc     0x0000000000000000      0x265 ./system/src/newlib/_startup.o
 .debug_loc     0x0000000000000265       0x63 ./system/src/newlib/_syscalls.o
 .debug_loc     0x00000000000002c8       0xe2 ./system/src/cmsis/system_stm32f0xx.o
 .debug_loc     0x00000000000003aa       0x6e ./src/acd_stm32f0.o
 .debug_loc     0x0000000000000418       0x8f ./src/bbasil.o
 .debug_loc     0x00000000000004a7       0xe5 ./src/buttons_stm32f0.o
 .debug_loc     0x000000000000058c      0x14c ./src/gpio_stm32f0.o
 .debug_loc     0x00000000000006d8      0x148 ./src/lcd_stm32f0.o
 .debug_loc     0x0000000000000820      0x132 ./src/led_stm32f0.o
 .debug_loc     0x0000000000000952       0x3f ./src/tim_stm32f0.o
 .debug_loc     0x0000000000000991      0x17f /usr/lib/gcc/arm-none-eabi/4.9.3/../../../arm-none-eabi/lib/armv6-m/libm.a(lib_a-w_pow.o)
 .debug_loc     0x0000000000000b10     0x1227 /usr/lib/gcc/arm-none-eabi/4.9.3/../../../arm-none-eabi/lib/armv6-m/libm.a(lib_a-e_pow.o)
 .debug_loc     0x0000000000001d37      0x5c6 /usr/lib/gcc/arm-none-eabi/4.9.3/../../../arm-none-eabi/lib/armv6-m/libm.a(lib_a-e_sqrt.o)
 .debug_loc     0x00000000000022fd       0x2b /usr/lib/gcc/arm-none-eabi/4.9.3/../../../arm-none-eabi/lib/armv6-m/libm.a(lib_a-s_fabs.o)
 .debug_loc     0x0000000000002328       0x28 /usr/lib/gcc/arm-none-eabi/4.9.3/../../../arm-none-eabi/lib/armv6-m/libm.a(lib_a-s_finite.o)
 .debug_loc     0x0000000000002350       0x85 /usr/lib/gcc/arm-none-eabi/4.9.3/../../../arm-none-eabi/lib/armv6-m/libm.a(lib_a-s_fpclassify.o)
 .debug_loc     0x00000000000023d5       0x21 /usr/lib/gcc/arm-none-eabi/4.9.3/../../../arm-none-eabi/lib/armv6-m/libm.a(lib_a-s_matherr.o)
 .debug_loc     0x00000000000023f6       0x21 /usr/lib/gcc/arm-none-eabi/4.9.3/../../../arm-none-eabi/lib/armv6-m/libm.a(lib_a-s_nan.o)
 .debug_loc     0x0000000000002417      0x389 /usr/lib/gcc/arm-none-eabi/4.9.3/../../../arm-none-eabi/lib/armv6-m/libm.a(lib_a-s_rint.o)
 .debug_loc     0x00000000000027a0      0x292 /usr/lib/gcc/arm-none-eabi/4.9.3/../../../arm-none-eabi/lib/armv6-m/libm.a(lib_a-s_scalbn.o)
 .debug_loc     0x0000000000002a32       0x66 /usr/lib/gcc/arm-none-eabi/4.9.3/../../../arm-none-eabi/lib/armv6-m/libm.a(lib_a-s_copysign.o)
 .debug_loc     0x0000000000002a98       0x39 /usr/lib/gcc/arm-none-eabi/4.9.3/armv6-m/libgcc.a(_fixunssfsi.o)
 .debug_loc     0x0000000000002ad1       0x28 /usr/lib/gcc/arm-none-eabi/4.9.3/armv6-m/libgcc.a(_fixunsdfsi.o)
 .debug_loc     0x0000000000002af9      0x85c /usr/lib/gcc/arm-none-eabi/4.9.3/armv6-m/libgcc.a(divsf3.o)
 .debug_loc     0x0000000000003355      0x847 /usr/lib/gcc/arm-none-eabi/4.9.3/armv6-m/libgcc.a(mulsf3.o)
 .debug_loc     0x0000000000003b9c      0xa45 /usr/lib/gcc/arm-none-eabi/4.9.3/armv6-m/libgcc.a(subsf3.o)
 .debug_loc     0x00000000000045e1       0xb8 /usr/lib/gcc/arm-none-eabi/4.9.3/armv6-m/libgcc.a(fixsfsi.o)
 .debug_loc     0x0000000000004699      0x1c8 /usr/lib/gcc/arm-none-eabi/4.9.3/armv6-m/libgcc.a(floatunsisf.o)
 .debug_loc     0x0000000000004861     0x1974 /usr/lib/gcc/arm-none-eabi/4.9.3/armv6-m/libgcc.a(adddf3.o)
 .debug_loc     0x00000000000061d5     0x22a6 /usr/lib/gcc/arm-none-eabi/4.9.3/armv6-m/libgcc.a(divdf3.o)
 .debug_loc     0x000000000000847b      0x19e /usr/lib/gcc/arm-none-eabi/4.9.3/armv6-m/libgcc.a(eqdf2.o)
 .debug_loc     0x0000000000008619      0x2eb /usr/lib/gcc/arm-none-eabi/4.9.3/armv6-m/libgcc.a(gedf2.o)
 .debug_loc     0x0000000000008904      0x2b6 /usr/lib/gcc/arm-none-eabi/4.9.3/armv6-m/libgcc.a(ledf2.o)
 .debug_loc     0x0000000000008bba     0x123f /usr/lib/gcc/arm-none-eabi/4.9.3/armv6-m/libgcc.a(muldf3.o)
 .debug_loc     0x0000000000009df9     0x17f7 /usr/lib/gcc/arm-none-eabi/4.9.3/armv6-m/libgcc.a(subdf3.o)
 .debug_loc     0x000000000000b5f0       0xe9 /usr/lib/gcc/arm-none-eabi/4.9.3/armv6-m/libgcc.a(fixdfsi.o)
 .debug_loc     0x000000000000b6d9      0x1ab /usr/lib/gcc/arm-none-eabi/4.9.3/armv6-m/libgcc.a(floatsidf.o)
 .debug_loc     0x000000000000b884      0x1de /usr/lib/gcc/arm-none-eabi/4.9.3/armv6-m/libgcc.a(floatunsidf.o)
 .debug_loc     0x000000000000ba62       0xb3 /usr/lib/gcc/arm-none-eabi/4.9.3/armv6-m/libgcc.a(eqsf2.o)
 .debug_loc     0x000000000000bb15      0x196 /usr/lib/gcc/arm-none-eabi/4.9.3/armv6-m/libgcc.a(gesf2.o)
 .debug_loc     0x000000000000bcab      0x139 /usr/lib/gcc/arm-none-eabi/4.9.3/armv6-m/libgcc.a(lesf2.o)
 .debug_loc     0x000000000000bde4       0xcf /usr/lib/gcc/arm-none-eabi/4.9.3/../../../arm-none-eabi/lib/armv6-m/libg_nano.a(lib_a-memcpy.o)

.debug_macinfo
 *(.debug_macinfo)

.debug_weaknames
 *(.debug_weaknames)

.debug_funcnames
 *(.debug_funcnames)

.debug_typenames
 *(.debug_typenames)

.debug_varnames
 *(.debug_varnames)
OUTPUT(bbasil.elf elf32-littlearm)

.debug_ranges   0x0000000000000000     0x10b8
 .debug_ranges  0x0000000000000000       0x18 ./system/src/newlib/_exit.o
 .debug_ranges  0x0000000000000018       0x48 ./system/src/newlib/_startup.o
 .debug_ranges  0x0000000000000060       0x20 ./system/src/newlib/_syscalls.o
 .debug_ranges  0x0000000000000080       0x18 ./system/src/cortexm/_initialize_hardware.o
 .debug_ranges  0x0000000000000098       0x40 ./system/src/cortexm/exception_handlers.o
 .debug_ranges  0x00000000000000d8       0x20 ./system/src/cmsis/system_stm32f0xx.o
 .debug_ranges  0x00000000000000f8       0x10 ./system/src/cmsis/vectors_stm32f0xx.o
 .debug_ranges  0x0000000000000108       0x20 ./src/acd_stm32f0.o
 .debug_ranges  0x0000000000000128       0x40 ./src/bbasil.o
 .debug_ranges  0x0000000000000168       0x20 ./src/buttons_stm32f0.o
 .debug_ranges  0x0000000000000188       0x20 ./src/gpio_stm32f0.o
 .debug_ranges  0x00000000000001a8       0x40 ./src/lcd_stm32f0.o
 .debug_ranges  0x00000000000001e8       0x20 ./src/led_stm32f0.o
 .debug_ranges  0x0000000000000208       0x10 ./src/main.o
 .debug_ranges  0x0000000000000218       0x10 ./src/tim_stm32f0.o
 .debug_ranges  0x0000000000000228       0x10 /usr/lib/gcc/arm-none-eabi/4.9.3/../../../arm-none-eabi/lib/armv6-m/libm.a(lib_a-w_pow.o)
 .debug_ranges  0x0000000000000238       0xc0 /usr/lib/gcc/arm-none-eabi/4.9.3/../../../arm-none-eabi/lib/armv6-m/libm.a(lib_a-e_pow.o)
 .debug_ranges  0x00000000000002f8       0x28 /usr/lib/gcc/arm-none-eabi/4.9.3/../../../arm-none-eabi/lib/armv6-m/libm.a(lib_a-e_sqrt.o)
 .debug_ranges  0x0000000000000320       0x10 /usr/lib/gcc/arm-none-eabi/4.9.3/../../../arm-none-eabi/lib/armv6-m/libm.a(lib_a-s_fabs.o)
 .debug_ranges  0x0000000000000330       0x10 /usr/lib/gcc/arm-none-eabi/4.9.3/../../../arm-none-eabi/lib/armv6-m/libm.a(lib_a-s_finite.o)
 .debug_ranges  0x0000000000000340       0x10 /usr/lib/gcc/arm-none-eabi/4.9.3/../../../arm-none-eabi/lib/armv6-m/libm.a(lib_a-s_fpclassify.o)
 .debug_ranges  0x0000000000000350       0x10 /usr/lib/gcc/arm-none-eabi/4.9.3/../../../arm-none-eabi/lib/armv6-m/libm.a(lib_a-s_matherr.o)
 .debug_ranges  0x0000000000000360       0x10 /usr/lib/gcc/arm-none-eabi/4.9.3/../../../arm-none-eabi/lib/armv6-m/libm.a(lib_a-s_nan.o)
 .debug_ranges  0x0000000000000370       0x40 /usr/lib/gcc/arm-none-eabi/4.9.3/../../../arm-none-eabi/lib/armv6-m/libm.a(lib_a-s_rint.o)
 .debug_ranges  0x00000000000003b0       0x28 /usr/lib/gcc/arm-none-eabi/4.9.3/../../../arm-none-eabi/lib/armv6-m/libm.a(lib_a-s_scalbn.o)
 .debug_ranges  0x00000000000003d8       0x10 /usr/lib/gcc/arm-none-eabi/4.9.3/../../../arm-none-eabi/lib/armv6-m/libm.a(lib_a-s_copysign.o)
 .debug_ranges  0x00000000000003e8       0x50 /usr/lib/gcc/arm-none-eabi/4.9.3/armv6-m/libgcc.a(divsf3.o)
 .debug_ranges  0x0000000000000438       0x48 /usr/lib/gcc/arm-none-eabi/4.9.3/armv6-m/libgcc.a(mulsf3.o)
 .debug_ranges  0x0000000000000480      0x178 /usr/lib/gcc/arm-none-eabi/4.9.3/armv6-m/libgcc.a(subsf3.o)
 .debug_ranges  0x00000000000005f8       0x30 /usr/lib/gcc/arm-none-eabi/4.9.3/armv6-m/libgcc.a(floatunsisf.o)
 .debug_ranges  0x0000000000000628      0x290 /usr/lib/gcc/arm-none-eabi/4.9.3/armv6-m/libgcc.a(adddf3.o)
 .debug_ranges  0x00000000000008b8      0x168 /usr/lib/gcc/arm-none-eabi/4.9.3/armv6-m/libgcc.a(divdf3.o)
 .debug_ranges  0x0000000000000a20       0x18 /usr/lib/gcc/arm-none-eabi/4.9.3/armv6-m/libgcc.a(eqdf2.o)
 .debug_ranges  0x0000000000000a38       0x60 /usr/lib/gcc/arm-none-eabi/4.9.3/armv6-m/libgcc.a(gedf2.o)
 .debug_ranges  0x0000000000000a98       0x60 /usr/lib/gcc/arm-none-eabi/4.9.3/armv6-m/libgcc.a(ledf2.o)
 .debug_ranges  0x0000000000000af8      0x188 /usr/lib/gcc/arm-none-eabi/4.9.3/armv6-m/libgcc.a(muldf3.o)
 .debug_ranges  0x0000000000000c80      0x2a0 /usr/lib/gcc/arm-none-eabi/4.9.3/armv6-m/libgcc.a(subdf3.o)
 .debug_ranges  0x0000000000000f20       0x40 /usr/lib/gcc/arm-none-eabi/4.9.3/armv6-m/libgcc.a(fixdfsi.o)
 .debug_ranges  0x0000000000000f60       0x18 /usr/lib/gcc/arm-none-eabi/4.9.3/armv6-m/libgcc.a(floatsidf.o)
 .debug_ranges  0x0000000000000f78       0x18 /usr/lib/gcc/arm-none-eabi/4.9.3/armv6-m/libgcc.a(floatunsidf.o)
 .debug_ranges  0x0000000000000f90       0x48 /usr/lib/gcc/arm-none-eabi/4.9.3/armv6-m/libgcc.a(eqsf2.o)
 .debug_ranges  0x0000000000000fd8       0x58 /usr/lib/gcc/arm-none-eabi/4.9.3/armv6-m/libgcc.a(gesf2.o)
 .debug_ranges  0x0000000000001030       0x68 /usr/lib/gcc/arm-none-eabi/4.9.3/armv6-m/libgcc.a(lesf2.o)
 .debug_ranges  0x0000000000001098       0x10 /usr/lib/gcc/arm-none-eabi/4.9.3/../../../arm-none-eabi/lib/armv6-m/libg_nano.a(lib_a-errno.o)
 .debug_ranges  0x00000000000010a8       0x10 /usr/lib/gcc/arm-none-eabi/4.9.3/../../../arm-none-eabi/lib/armv6-m/libg_nano.a(lib_a-memcpy.o)

.debug_macro    0x0000000000000000     0x24d9
 .debug_macro   0x0000000000000000      0x131 ./system/src/newlib/_exit.o
 .debug_macro   0x0000000000000131       0x9c ./system/src/newlib/_exit.o
 .debug_macro   0x00000000000001cd      0x10e ./system/src/newlib/_exit.o
 .debug_macro   0x00000000000002db       0x86 ./system/src/newlib/_exit.o
 .debug_macro   0x0000000000000361       0x43 ./system/src/newlib/_exit.o
 .debug_macro   0x00000000000003a4      0x27a ./system/src/newlib/_exit.o
 .debug_macro   0x000000000000061e       0x35 ./system/src/newlib/_exit.o
 .debug_macro   0x0000000000000653       0xf7 ./system/src/newlib/_startup.o
 .debug_macro   0x000000000000074a      0x189 ./system/src/newlib/_syscalls.o
 .debug_macro   0x00000000000008d3       0x1c ./system/src/newlib/_syscalls.o
 .debug_macro   0x00000000000008ef       0x10 ./system/src/newlib/_syscalls.o
 .debug_macro   0x00000000000008ff       0x10 ./system/src/newlib/_syscalls.o
 .debug_macro   0x000000000000090f       0x10 ./system/src/newlib/_syscalls.o
 .debug_macro   0x000000000000091f       0x10 ./system/src/newlib/_syscalls.o
 .debug_macro   0x000000000000092f       0x35 ./system/src/newlib/_syscalls.o
 .debug_macro   0x0000000000000964      0x122 ./system/src/newlib/_syscalls.o
 .debug_macro   0x0000000000000a86       0x2e ./system/src/newlib/_syscalls.o
 .debug_macro   0x0000000000000ab4       0x82 ./system/src/newlib/_syscalls.o
 .debug_macro   0x0000000000000b36      0x10c ./system/src/newlib/_syscalls.o
 .debug_macro   0x0000000000000c42      0x159 ./system/src/newlib/_syscalls.o
 .debug_macro   0x0000000000000d9b       0x16 ./system/src/newlib/_syscalls.o
 .debug_macro   0x0000000000000db1      0x165 ./system/src/cortexm/_initialize_hardware.o
 .debug_macro   0x0000000000000f16      0x28e ./system/src/cortexm/exception_handlers.o
 .debug_macro   0x00000000000011a4       0x3b ./system/src/cortexm/exception_handlers.o
 .debug_macro   0x00000000000011df       0x22 ./system/src/cortexm/exception_handlers.o
 .debug_macro   0x0000000000001201       0x10 ./system/src/cortexm/exception_handlers.o
 .debug_macro   0x0000000000001211       0xc8 ./system/src/cortexm/exception_handlers.o
 .debug_macro   0x00000000000012d9       0x19 ./system/src/cortexm/exception_handlers.o
 .debug_macro   0x00000000000012f2       0xbe ./system/src/cortexm/exception_handlers.o
 .debug_macro   0x00000000000013b0       0x10 ./system/src/cortexm/exception_handlers.o
 .debug_macro   0x00000000000013c0      0x15b ./system/src/cmsis/system_stm32f0xx.o
 .debug_macro   0x000000000000151b       0x34 ./system/src/cmsis/vectors_stm32f0xx.o
 .debug_macro   0x000000000000154f      0x15f ./src/acd_stm32f0.o
 .debug_macro   0x00000000000016ae      0x249 ./src/bbasil.o
 .debug_macro   0x00000000000018f7      0x1e1 ./src/bbasil.o
 .debug_macro   0x0000000000001ad8       0x16 ./src/bbasil.o
 .debug_macro   0x0000000000001aee      0x169 ./src/buttons_stm32f0.o
 .debug_macro   0x0000000000001c57      0x15f ./src/gpio_stm32f0.o
 .debug_macro   0x0000000000001db6      0x15f ./src/lcd_stm32f0.o
 .debug_macro   0x0000000000001f15      0x173 ./src/led_stm32f0.o
 .debug_macro   0x0000000000002088      0x249 ./src/main.o
 .debug_macro   0x00000000000022d1      0x208 ./src/tim_stm32f0.o