Archive member included to satisfy reference by file (symbol)

/usr/lib/gcc/arm-none-eabi/4.9.3/../../../arm-none-eabi/lib/armv6-m/libm.a(lib_a-w_pow.o)
                              ./src/tim_stm32f0.o (pow)
/usr/lib/gcc/arm-none-eabi/4.9.3/../../../arm-none-eabi/lib/armv6-m/libm.a(lib_a-e_pow.o)
                              /usr/lib/gcc/arm-none-eabi/4.9.3/../../../arm-none-eabi/lib/armv6-m/libm.a(lib_a-w_pow.o) (__ieee754_pow)
/usr/lib/gcc/arm-none-eabi/4.9.3/../../../arm-none-eabi/lib/armv6-m/libm.a(lib_a-e_sqrt.o)
                              /usr/lib/gcc/arm-none-eabi/4.9.3/../../../arm-none-eabi/lib/armv6-m/libm.a(lib_a-e_pow.o) (__ieee754_sqrt)
/usr/lib/gcc/arm-none-eabi/4.9.3/../../../arm-none-eabi/lib/armv6-m/libm.a(lib_a-s_fabs.o)
                              /usr/lib/gcc/arm-none-eabi/4.9.3/../../../arm-none-eabi/lib/armv6-m/libm.a(lib_a-e_pow.o) (fabs)
/usr/lib/gcc/arm-none-eabi/4.9.3/../../../arm-none-eabi/lib/armv6-m/libm.a(lib_a-s_finite.o)
                              /usr/lib/gcc/arm-none-eabi/4.9.3/../../../arm-none-eabi/lib/armv6-m/libm.a(lib_a-w_pow.o) (finite)
/usr/lib/gcc/arm-none-eabi/4.9.3/../../../arm-none-eabi/lib/armv6-m/libm.a(lib_a-s_fpclassify.o)
                              /usr/lib/gcc/arm-none-eabi/4.9.3/../../../arm-none-eabi/lib/armv6-m/libm.a(lib_a-w_pow.o) (__fpclassifyd)
/usr/lib/gcc/arm-none-eabi/4.9.3/../../../arm-none-eabi/lib/armv6-m/libm.a(lib_a-s_lib_ver.o)
                              /usr/lib/gcc/arm-none-eabi/4.9.3/../../../arm-none-eabi/lib/armv6-m/libm.a(lib_a-w_pow.o) (__fdlib_version)
/usr/lib/gcc/arm-none-eabi/4.9.3/../../../arm-none-eabi/lib/armv6-m/libm.a(lib_a-s_matherr.o)
                              /usr/lib/gcc/arm-none-eabi/4.9.3/../../../arm-none-eabi/lib/armv6-m/libm.a(lib_a-w_pow.o) (matherr)
/usr/lib/gcc/arm-none-eabi/4.9.3/../../../arm-none-eabi/lib/armv6-m/libm.a(lib_a-s_nan.o)
                              /usr/lib/gcc/arm-none-eabi/4.9.3/../../../arm-none-eabi/lib/armv6-m/libm.a(lib_a-e_pow.o) (nan)
/usr/lib/gcc/arm-none-eabi/4.9.3/../../../arm-none-eabi/lib/armv6-m/libm.a(lib_a-s_rint.o)
                              /usr/lib/gcc/arm-none-eabi/4.9.3/../../../arm-none-eabi/lib/armv6-m/libm.a(lib_a-w_pow.o) (rint)
/usr/lib/gcc/arm-none-eabi/4.9.3/../../../arm-none-eabi/lib/armv6-m/libm.a(lib_a-s_scalbn.o)
                              /usr/lib/gcc/arm-none-eabi/4.9.3/../../../arm-none-eabi/lib/armv6-m/libm.a(lib_a-e_pow.o) (scalbn)
/usr/lib/gcc/arm-none-eabi/4.9.3/../../../arm-none-eabi/lib/armv6-m/libm.a(lib_a-s_copysign.o)
                              /usr/lib/gcc/arm-none-eabi/4.9.3/../../../arm-none-eabi/lib/armv6-m/libm.a(lib_a-s_scalbn.o) (copysign)
/usr/lib/gcc/arm-none-eabi/4.9.3/armv6-m/libgcc.a(_udivsi3.o)
                              ./system/src/stm32f0-stdperiph/stm32f0xx_rcc.o (__aeabi_uidiv)
/usr/lib/gcc/arm-none-eabi/4.9.3/armv6-m/libgcc.a(_dvmd_tls.o)
                              /usr/lib/gcc/arm-none-eabi/4.9.3/armv6-m/libgcc.a(_udivsi3.o) (__aeabi_idiv0)
/usr/lib/gcc/arm-none-eabi/4.9.3/armv6-m/libgcc.a(_arm_cmpdf2.o)
                              /usr/lib/gcc/arm-none-eabi/4.9.3/../../../arm-none-eabi/lib/armv6-m/libm.a(lib_a-w_pow.o) (__aeabi_dcmpeq)
/usr/lib/gcc/arm-none-eabi/4.9.3/armv6-m/libgcc.a(_fixunsdfsi.o)
                              ./src/tim_stm32f0.o (__aeabi_d2uiz)
/usr/lib/gcc/arm-none-eabi/4.9.3/armv6-m/libgcc.a(adddf3.o)
                              ./src/tim_stm32f0.o (__aeabi_dadd)
/usr/lib/gcc/arm-none-eabi/4.9.3/armv6-m/libgcc.a(divdf3.o)
                              ./src/tim_stm32f0.o (__aeabi_ddiv)
/usr/lib/gcc/arm-none-eabi/4.9.3/armv6-m/libgcc.a(eqdf2.o)
                              /usr/lib/gcc/arm-none-eabi/4.9.3/armv6-m/libgcc.a(_arm_cmpdf2.o) (__eqdf2)
/usr/lib/gcc/arm-none-eabi/4.9.3/armv6-m/libgcc.a(gedf2.o)
                              /usr/lib/gcc/arm-none-eabi/4.9.3/armv6-m/libgcc.a(_arm_cmpdf2.o) (__gedf2)
/usr/lib/gcc/arm-none-eabi/4.9.3/armv6-m/libgcc.a(ledf2.o)
                              /usr/lib/gcc/arm-none-eabi/4.9.3/armv6-m/libgcc.a(_arm_cmpdf2.o) (__ledf2)
/usr/lib/gcc/arm-none-eabi/4.9.3/armv6-m/libgcc.a(muldf3.o)
                              ./src/tim_stm32f0.o (__aeabi_dmul)
/usr/lib/gcc/arm-none-eabi/4.9.3/armv6-m/libgcc.a(subdf3.o)
                              /usr/lib/gcc/arm-none-eabi/4.9.3/../../../arm-none-eabi/lib/armv6-m/libm.a(lib_a-e_pow.o) (__aeabi_dsub)
/usr/lib/gcc/arm-none-eabi/4.9.3/armv6-m/libgcc.a(fixdfsi.o)
                              /usr/lib/gcc/arm-none-eabi/4.9.3/armv6-m/libgcc.a(_fixunsdfsi.o) (__aeabi_d2iz)
/usr/lib/gcc/arm-none-eabi/4.9.3/armv6-m/libgcc.a(floatsidf.o)
                              /usr/lib/gcc/arm-none-eabi/4.9.3/../../../arm-none-eabi/lib/armv6-m/libm.a(lib_a-e_pow.o) (__aeabi_i2d)
/usr/lib/gcc/arm-none-eabi/4.9.3/armv6-m/libgcc.a(floatunsidf.o)
                              ./src/tim_stm32f0.o (__aeabi_ui2d)
/usr/lib/gcc/arm-none-eabi/4.9.3/armv6-m/libgcc.a(_clzsi2.o)
[...]
Memory Configuration

Name             Origin             Length             Attributes
RAM              0x0000000020000000 0x0000000000002000 xrw
CCMRAM           0x0000000000000000 0x0000000000000000 xrw
FLASH            0x0000000008000000 0x0000000000010000 xr
FLASHB1          0x0000000000000000 0x0000000000000000 xr
EXTMEMB0         0x0000000000000000 0x0000000000000000 xr
EXTMEMB1         0x0000000000000000 0x0000000000000000 xr
EXTMEMB2         0x0000000000000000 0x0000000000000000 xr
EXTMEMB3         0x0000000000000000 0x0000000000000000 xr
MEMORY_ARRAY     0x0000000000000000 0x0000000000000000 xrw
*default*        0x0000000000000000 0xffffffffffffffff

Linker script and memory map

LOAD ./system/src/stm32f0-stdperiph/stm32f0xx_gpio.o
LOAD ./system/src/stm32f0-stdperiph/stm32f0xx_rcc.o
LOAD ./system/src/newlib/_cxx.o
LOAD ./system/src/newlib/_exit.o
LOAD ./system/src/newlib/_sbrk.o
LOAD ./system/src/newlib/_startup.o
LOAD ./system/src/newlib/_syscalls.o
LOAD ./system/src/newlib/assert.o
LOAD ./system/src/diag/Trace.o
LOAD ./system/src/diag/trace_impl.o
LOAD ./system/src/cortexm/_initialize_hardware.o
LOAD ./system/src/cortexm/_reset_hardware.o
LOAD ./system/src/cortexm/exception_handlers.o
LOAD ./system/src/cmsis/system_stm32f0xx.o
LOAD ./system/src/cmsis/vectors_stm32f0xx.o
LOAD ./src/_write.o
LOAD ./src/acd_stm32f0.o
LOAD ./src/gpio_stm32f0.o
LOAD ./src/lcd_stm32f0.o
LOAD ./src/led_stm32f0.o
LOAD ./src/main.o
LOAD ./src/tim_stm32f0.o
LOAD /usr/lib/gcc/arm-none-eabi/4.9.3/../../../arm-none-eabi/lib/armv6-m/libstdc++_nano.a
LOAD /usr/lib/gcc/arm-none-eabi/4.9.3/../../../arm-none-eabi/lib/armv6-m/libm.a
START GROUP
LOAD /usr/lib/gcc/arm-none-eabi/4.9.3/armv6-m/libgcc.a
LOAD /usr/lib/gcc/arm-none-eabi/4.9.3/../../../arm-none-eabi/lib/armv6-m/libg_nano.a
LOAD /usr/lib/gcc/arm-none-eabi/4.9.3/../../../arm-none-eabi/lib/armv6-m/libc_nano.a
END GROUP
START GROUP
LOAD /usr/lib/gcc/arm-none-eabi/4.9.3/armv6-m/libgcc.a
LOAD /usr/lib/gcc/arm-none-eabi/4.9.3/../../../arm-none-eabi/lib/armv6-m/libc_nano.a
END GROUP
                0x0000000020002000                __stack = (ORIGIN (RAM) + LENGTH (RAM))
                0x0000000020002000                _estack = __stack
                0x0000000000000400                __Main_Stack_Size = 0x400
                [!provide]                        PROVIDE (_Main_Stack_Size, __Main_Stack_Size)
                0x0000000020001c00                __Main_Stack_Limit = (__stack - __Main_Stack_Size)
                [!provide]                        PROVIDE (_Main_Stack_Limit, __Main_Stack_Limit)
                0x0000000000000100                _Minimum_Stack_Size = 0x100
                0x0000000020000098                PROVIDE (_Heap_Begin, _end_noinit)
                0x0000000020001c00                PROVIDE (_Heap_Limit, (__stack - __Main_Stack_Size))

.isr_vector     0x0000000008000000      0x218
 FILL mask 0xff
                0x0000000008000000                __vectors_start = ABSOLUTE (.)
                0x0000000008000000                __vectors_start__ = ABSOLUTE (.)
 *(.isr_vector)
 .isr_vector    0x0000000008000000       0xc4 ./system/src/cmsis/vectors_stm32f0xx.o
                0x0000000008000000                g_pfnVectors
 *(.cfmconfig)
 *(.after_vectors .after_vectors.*)
 .after_vectors
                0x00000000080000c4      0x118 ./system/src/newlib/_startup.o
                0x00000000080000c4                _start
 .after_vectors
                0x00000000080001dc       0x38 ./system/src/cortexm/exception_handlers.o
                0x00000000080001dc                Reset_Handler
                0x00000000080001e4                NMI_Handler
                0x00000000080001e8                HardFault_Handler
                0x0000000008000200                HardFault_Handler_C
                0x0000000008000204                SVC_Handler
                0x0000000008000208                PendSV_Handler
                0x000000000800020c                SysTick_Handler
 .after_vectors
                0x0000000008000214        0x4 ./system/src/cmsis/vectors_stm32f0xx.o
                0x0000000008000214                TIM1_CC_IRQHandler
                0x0000000008000214                TSC_IRQHandler
                0x0000000008000214                ADC1_COMP_IRQHandler
                0x0000000008000214                TIM6_IRQHandler
                0x0000000008000214                PVD_IRQHandler
                0x0000000008000214                I2C1_IRQHandler
                0x0000000008000214                RCC_CRS_IRQHandler
                0x0000000008000214                SPI1_IRQHandler
                0x0000000008000214                TIM6_DAC_IRQHandler
                0x0000000008000214                USART3_4_IRQHandler
                0x0000000008000214                EXTI2_3_IRQHandler
                0x0000000008000214                ADC1_IRQHandler
                0x0000000008000214                I2C2_IRQHandler
                0x0000000008000214                USART3_6_IRQHandler
                0x0000000008000214                TIM17_IRQHandler
                0x0000000008000214                CEC_CAN_IRQHandler
                0x0000000008000214                RTC_IRQHandler
                0x0000000008000214                PVD_VDDIO2_IRQHandler
                0x0000000008000214                DMA1_Channel4_5_6_7_IRQHandler
                0x0000000008000214                TIM16_IRQHandler
                0x0000000008000214                TIM3_IRQHandler
                0x0000000008000214                EXTI4_15_IRQHandler
                0x0000000008000214                RCC_IRQHandler
                0x0000000008000214                USART3_8_IRQHandler
                0x0000000008000214                DMA1_Channel1_IRQHandler
                0x0000000008000214                Default_Handler
                0x0000000008000214                CEC_IRQHandler
                0x0000000008000214                DMA1_Channel4_5_IRQHandler
                0x0000000008000214                TIM7_IRQHandler
                0x0000000008000214                TIM15_IRQHandler
                0x0000000008000214                EXTI0_1_IRQHandler
                0x0000000008000214                USB_IRQHandler
                0x0000000008000214                DMA1_Ch2_3_DMA2_Ch1_2_IRQHandler
                0x0000000008000214                SPI2_IRQHandler
                0x0000000008000214                DMA1_Ch4_7_DMA2_Ch3_5_IRQHandler
                0x0000000008000214                TS_IRQHandler
                0x0000000008000214                WWDG_IRQHandler
                0x0000000008000214                TIM2_IRQHandler
                0x0000000008000214                DMA1_Channel2_3_IRQHandler
                0x0000000008000214                USART2_IRQHandler
                0x0000000008000214                VDDIO2_IRQHandler
                0x0000000008000214                FLASH_IRQHandler
                0x0000000008000214                USART1_IRQHandler
                0x0000000008000214                TIM1_BRK_UP_TRG_COM_IRQHandler

.inits          0x0000000008000218       0x28
                0x0000000008000218                __data_regions_array_start = .
                0x0000000008000218        0x4 LONG 0x8003b1c LOADADDR (.data)
                0x000000000800021c        0x4 LONG 0x20000000 ADDR (.data)
                0x0000000008000220        0x4 LONG 0x2000008c (ADDR (.data) + SIZEOF (.data))
                0x0000000008000224        0x4 LONG 0x8003b1c LOADADDR (.data_CCMRAM)
                0x0000000008000228        0x4 LONG 0x0 ADDR (.data_CCMRAM)
                0x000000000800022c        0x4 LONG 0x0 (ADDR (.data_CCMRAM) + SIZEOF (.data_CCMRAM))
                0x0000000008000230                __data_regions_array_end = .
                0x0000000008000230                __bss_regions_array_start = .
                0x0000000008000230        0x4 LONG 0x2000008c ADDR (.bss)
                0x0000000008000234        0x4 LONG 0x20000098 (ADDR (.bss) + SIZEOF (.bss))
                0x0000000008000238        0x4 LONG 0x0 ADDR (.bss_CCMRAM)
                0x000000000800023c        0x4 LONG 0x0 (ADDR (.bss_CCMRAM) + SIZEOF (.bss_CCMRAM))
                0x0000000008000240                __bss_regions_array_end = .
 *(.init)
 *(.fini)
                0x0000000008000240                . = ALIGN (0x4)
                0x0000000008000240                PROVIDE (__preinit_array_start, .)
 *(.preinit_array_sysinit .preinit_array_sysinit.*)
 *(.preinit_array_platform .preinit_array_platform.*)
 *(.preinit_array .preinit_array.*)
                0x0000000008000240                PROVIDE (__preinit_array_end, .)
                0x0000000008000240                . = ALIGN (0x4)
                0x0000000008000240                PROVIDE (__init_array_start, .)
 *(SORT(.init_array.*))
 *(.init_array)
                0x0000000008000240                PROVIDE (__init_array_end, .)
                0x0000000008000240                . = ALIGN (0x4)
                0x0000000008000240                PROVIDE (__fini_array_start, .)
 *(SORT(.fini_array.*))
 *(.fini_array)
                0x0000000008000240                PROVIDE (__fini_array_end, .)

.flashtext
 *(.flashtext .flashtext.*)

.text           0x0000000008000240     0x38da
 *(.text .text.*)
 .text._exit    0x0000000008000240        0x4 ./system/src/newlib/_exit.o
                0x0000000008000240                _exit
 .text.__initialize_args
                0x0000000008000244       0x10 ./system/src/newlib/_syscalls.o
                0x0000000008000244                __initialize_args
 .text.__initialize_hardware_early
                0x0000000008000254        0x8 ./system/src/cortexm/_initialize_hardware.o
                0x0000000008000254                __initialize_hardware_early
 .text.__initialize_hardware
                0x000000000800025c        0x8 ./system/src/cortexm/_initialize_hardware.o
                0x000000000800025c                __initialize_hardware
 .text.SetSysClock
                0x0000000008000264       0xb0 ./system/src/cmsis/system_stm32f0xx.o
 .text.SystemInit
                0x0000000008000314       0x64 ./system/src/cmsis/system_stm32f0xx.o
                0x0000000008000314                SystemInit
 .text.SystemCoreClockUpdate
                0x0000000008000378       0x90 ./system/src/cmsis/system_stm32f0xx.o
                0x0000000008000378                SystemCoreClockUpdate
 .text.adc_init
                0x0000000008000408       0x44 ./src/acd_stm32f0.o
                0x0000000008000408                adc_init
 .text.get_adc_sample
                0x000000000800044c       0x2c ./src/acd_stm32f0.o
                0x000000000800044c                get_adc_sample
 .text.clock_enable
                0x0000000008000478       0x4c ./src/gpio_stm32f0.o
                0x0000000008000478                clock_enable
 .text.set_mode
                0x00000000080004c4       0x50 ./src/gpio_stm32f0.o
                0x00000000080004c4                set_mode
 .text.delay    0x0000000008000514       0x20 ./src/lcd_stm32f0.o
                0x0000000008000514                delay
 .text.pulse_strobe
                0x0000000008000534       0x30 ./src/lcd_stm32f0.o
 .text.lcd_put  0x0000000008000564      0x138 ./src/lcd_stm32f0.o
 .text.lcd_string
                0x000000000800069c       0x1c ./src/lcd_stm32f0.o
                0x000000000800069c                lcd_string
 .text.lcd_command
                0x00000000080006b8       0x18 ./src/lcd_stm32f0.o
                0x00000000080006b8                lcd_command
 .text.lcd_init
                0x00000000080006d0       0x9c ./src/lcd_stm32f0.o
                0x00000000080006d0                lcd_init
 .text.led_init
                0x000000000800076c       0x18 ./src/led_stm32f0.o
                0x000000000800076c                led_init
 .text.led_init_multi
                0x0000000008000784       0x20 ./src/led_stm32f0.o
                0x0000000008000784                led_init_multi
 .text.led_heartbeat
                0x00000000080007a4       0x4c ./src/led_stm32f0.o
                0x00000000080007a4                led_heartbeat
 .text.main     0x00000000080007f0       0x50 ./src/main.o
                0x00000000080007f0                main
 .text.TIM14_IRQHandler
                0x0000000008000840       0x2c ./src/main.o
                0x0000000008000840                TIM14_IRQHandler
 .text.init_TIM14
                0x000000000800086c       0xa0 ./src/tim_stm32f0.o
                0x000000000800086c                init_TIM14
 .text.pow      0x000000000800090c      0x35c /usr/lib/gcc/arm-none-eabi/4.9.3/../../../arm-none-eabi/lib/armv6-m/libm.a(lib_a-w_pow.o)
                0x000000000800090c                pow
 .text.__ieee754_pow
                0x0000000008000c68      0xa8c /usr/lib/gcc/arm-none-eabi/4.9.3/../../../arm-none-eabi/lib/armv6-m/libm.a(lib_a-e_pow.o)
                0x0000000008000c68                __ieee754_pow
 .text.__ieee754_sqrt
                0x00000000080016f4      0x1ec /usr/lib/gcc/arm-none-eabi/4.9.3/../../../arm-none-eabi/lib/armv6-m/libm.a(lib_a-e_sqrt.o)
                0x00000000080016f4                __ieee754_sqrt
 .text.fabs     0x00000000080018e0        0x8 /usr/lib/gcc/arm-none-eabi/4.9.3/../../../arm-none-eabi/lib/armv6-m/libm.a(lib_a-s_fabs.o)
                0x00000000080018e0                fabs
 .text.finite   0x00000000080018e8       0x14 /usr/lib/gcc/arm-none-eabi/4.9.3/../../../arm-none-eabi/lib/armv6-m/libm.a(lib_a-s_finite.o)
                0x00000000080018e8                finite
 .text.__fpclassifyd
                0x00000000080018fc       0x5c /usr/lib/gcc/arm-none-eabi/4.9.3/../../../arm-none-eabi/lib/armv6-m/libm.a(lib_a-s_fpclassify.o)
                0x00000000080018fc                __fpclassifyd
 .text.matherr  0x0000000008001958        0x4 /usr/lib/gcc/arm-none-eabi/4.9.3/../../../arm-none-eabi/lib/armv6-m/libm.a(lib_a-s_matherr.o)
                0x0000000008001958                matherr
 .text.nan      0x000000000800195c        0xc /usr/lib/gcc/arm-none-eabi/4.9.3/../../../arm-none-eabi/lib/armv6-m/libm.a(lib_a-s_nan.o)
                0x000000000800195c                nan
 .text.rint     0x0000000008001968      0x144 /usr/lib/gcc/arm-none-eabi/4.9.3/../../../arm-none-eabi/lib/armv6-m/libm.a(lib_a-s_rint.o)
                0x0000000008001968                rint
 .text.scalbn   0x0000000008001aac       0xf8 /usr/lib/gcc/arm-none-eabi/4.9.3/../../../arm-none-eabi/lib/armv6-m/libm.a(lib_a-s_scalbn.o)
                0x0000000008001aac                scalbn
 .text.copysign
                0x0000000008001ba4       0x10 /usr/lib/gcc/arm-none-eabi/4.9.3/../../../arm-none-eabi/lib/armv6-m/libm.a(lib_a-s_copysign.o)
                0x0000000008001ba4                copysign
 .text          0x0000000008001bb4      0x120 /usr/lib/gcc/arm-none-eabi/4.9.3/armv6-m/libgcc.a(_udivsi3.o)
                0x0000000008001bb4                __udivsi3
                0x0000000008001bb4                __aeabi_uidiv
                0x0000000008001cc0                __aeabi_uidivmod
 .text          0x0000000008001cd4        0x4 /usr/lib/gcc/arm-none-eabi/4.9.3/armv6-m/libgcc.a(_dvmd_tls.o)
                0x0000000008001cd4                __aeabi_ldiv0
                0x0000000008001cd4                __aeabi_idiv0
 .text          0x0000000008001cd8       0x7c /usr/lib/gcc/arm-none-eabi/4.9.3/armv6-m/libgcc.a(_arm_cmpdf2.o)
                0x0000000008001cd8                __aeabi_cdrcmple
                0x0000000008001ce8                __aeabi_cdcmple
                0x0000000008001ce8                __aeabi_cdcmpeq
                0x0000000008001cf8                __aeabi_dcmpeq
                0x0000000008001d04                __aeabi_dcmplt
                0x0000000008001d18                __aeabi_dcmple
                0x0000000008001d2c                __aeabi_dcmpgt
                0x0000000008001d40                __aeabi_dcmpge
 .text          0x0000000008001d54       0x3c /usr/lib/gcc/arm-none-eabi/4.9.3/armv6-m/libgcc.a(_fixunsdfsi.o)
                0x0000000008001d54                __fixunsdfsi
                0x0000000008001d54                __aeabi_d2uiz
 .text          0x0000000008001d90      0x650 /usr/lib/gcc/arm-none-eabi/4.9.3/armv6-m/libgcc.a(adddf3.o)
                0x0000000008001d90                __aeabi_dadd
 .text          0x00000000080023e0      0x648 /usr/lib/gcc/arm-none-eabi/4.9.3/armv6-m/libgcc.a(divdf3.o)
                0x00000000080023e0                __aeabi_ddiv
 .text          0x0000000008002a28       0x88 /usr/lib/gcc/arm-none-eabi/4.9.3/armv6-m/libgcc.a(eqdf2.o)
                0x0000000008002a28                __eqdf2
                0x0000000008002a28                __nedf2
 .text          0x0000000008002ab0       0xe0 /usr/lib/gcc/arm-none-eabi/4.9.3/armv6-m/libgcc.a(gedf2.o)
                0x0000000008002ab0                __gtdf2
                0x0000000008002ab0                __gedf2
 .text          0x0000000008002b90       0xcc /usr/lib/gcc/arm-none-eabi/4.9.3/armv6-m/libgcc.a(ledf2.o)
                0x0000000008002b90                __ltdf2
                0x0000000008002b90                __ledf2
 .text          0x0000000008002c5c      0x534 /usr/lib/gcc/arm-none-eabi/4.9.3/armv6-m/libgcc.a(muldf3.o)
                0x0000000008002c5c                __aeabi_dmul
 .text          0x0000000008003190      0x6f4 /usr/lib/gcc/arm-none-eabi/4.9.3/armv6-m/libgcc.a(subdf3.o)
                0x0000000008003190                __aeabi_dsub
 .text          0x0000000008003884       0x6c /usr/lib/gcc/arm-none-eabi/4.9.3/armv6-m/libgcc.a(fixdfsi.o)
                0x0000000008003884                __aeabi_d2iz
 .text          0x00000000080038f0       0x78 /usr/lib/gcc/arm-none-eabi/4.9.3/armv6-m/libgcc.a(floatsidf.o)
                0x00000000080038f0                __aeabi_i2d
 .text          0x0000000008003968       0x64 /usr/lib/gcc/arm-none-eabi/4.9.3/armv6-m/libgcc.a(floatunsidf.o)
                0x0000000008003968                __aeabi_ui2d
 .text          0x00000000080039cc       0x3c /usr/lib/gcc/arm-none-eabi/4.9.3/armv6-m/libgcc.a(_clzsi2.o)
                0x00000000080039cc                __clzsi2
 .text.__errno  0x0000000008003a08        0xc /usr/lib/gcc/arm-none-eabi/4.9.3/../../../arm-none-eabi/lib/armv6-m/libg_nano.a(lib_a-errno.o)
                0x0000000008003a08                __errno
 .text.memcpy   0x0000000008003a14       0x12 /usr/lib/gcc/arm-none-eabi/4.9.3/../../../arm-none-eabi/lib/armv6-m/libg_nano.a(lib_a-memcpy.o)
                0x0000000008003a14                memcpy
 *(.rodata .rodata.* .constdata .constdata.*)
 *fill*         0x0000000008003a26        0x2 
 .rodata        0x0000000008003a28       0x10 ./src/main.o
 .rodata.str1.4
                0x0000000008003a38        0xf ./src/main.o
 *fill*         0x0000000008003a47        0x1 
 .rodata.str1.4
                0x0000000008003a48        0x4 /usr/lib/gcc/arm-none-eabi/4.9.3/../../../arm-none-eabi/lib/armv6-m/libm.a(lib_a-w_pow.o)
 *fill*         0x0000000008003a4c        0x4 
 .rodata.dp_h   0x0000000008003a50       0x10 /usr/lib/gcc/arm-none-eabi/4.9.3/../../../arm-none-eabi/lib/armv6-m/libm.a(lib_a-e_pow.o)
 .rodata.dp_l   0x0000000008003a60       0x10 /usr/lib/gcc/arm-none-eabi/4.9.3/../../../arm-none-eabi/lib/armv6-m/libm.a(lib_a-e_pow.o)
 .rodata.bp     0x0000000008003a70       0x10 /usr/lib/gcc/arm-none-eabi/4.9.3/../../../arm-none-eabi/lib/armv6-m/libm.a(lib_a-e_pow.o)
 .rodata.str1.4
                0x0000000008003a80        0x4 /usr/lib/gcc/arm-none-eabi/4.9.3/../../../arm-none-eabi/lib/armv6-m/libm.a(lib_a-e_pow.o)
 *fill*         0x0000000008003a84        0x4 
 .rodata.TWO52  0x0000000008003a88       0x10 /usr/lib/gcc/arm-none-eabi/4.9.3/../../../arm-none-eabi/lib/armv6-m/libm.a(lib_a-s_rint.o)
 .rodata        0x0000000008003a98       0x40 /usr/lib/gcc/arm-none-eabi/4.9.3/armv6-m/libgcc.a(divdf3.o)
 .rodata        0x0000000008003ad8       0x40 /usr/lib/gcc/arm-none-eabi/4.9.3/armv6-m/libgcc.a(muldf3.o)
 .rodata.str1.1
                0x0000000008003b18        0x2 /usr/lib/gcc/arm-none-eabi/4.9.3/../../../arm-none-eabi/lib/armv6-m/libg_nano.a(lib_a-impure.o)
 *(vtable)
 *(.eh_frame*)
 *(.glue_7)
 .glue_7        0x0000000008003b1a        0x0 linker stubs
 *(.glue_7t)
 .glue_7t       0x0000000008003b1a        0x0 linker stubs

.vfp11_veneer   0x0000000008003b1c        0x0
 .vfp11_veneer  0x0000000008003b1c        0x0 linker stubs

.v4_bx          0x0000000008003b1c        0x0
 .v4_bx         0x0000000008003b1c        0x0 linker stubs

.iplt           0x0000000008003b1c        0x0
 .iplt          0x0000000008003b1c        0x0 ./system/src/stm32f0-stdperiph/stm32f0xx_gpio.o

.rel.dyn        0x0000000008003b1c        0x0
 .rel.iplt      0x0000000008003b1c        0x0 ./system/src/stm32f0-stdperiph/stm32f0xx_gpio.o

.ARM.extab
 *(.ARM.extab* .gnu.linkonce.armextab.*)
                0x0000000008003b1c                . = ALIGN (0x4)
                0x0000000008003b1c                __exidx_start = .

.ARM.exidx
 *(.ARM.exidx* .gnu.linkonce.armexidx.*)
                0x0000000008003b1c                __exidx_end = .
                0x0000000008003b1c                . = ALIGN (0x4)
                0x0000000008003b1c                _etext = .
                0x0000000008003b1c                __etext = .

.data_CCMRAM    0x0000000000000000        0x0 load address 0x0000000008003b1c
 FILL mask 0xff
 *(.data.CCMRAM .data.CCMRAM.*)
                0x0000000000000000                . = ALIGN (0x4)
                0x0000000008003b1c                _sidata = LOADADDR (.data)

.data           0x0000000020000000       0x8c load address 0x0000000008003b1c
 FILL mask 0xff
                0x0000000020000000                _sdata = .
                0x0000000020000000                __data_start__ = .
 *(.data_begin .data_begin.*)
 .data_begin    0x0000000020000000        0x4 ./system/src/newlib/_startup.o
 *(.data .data.*)
 .data.argv.4161
                0x0000000020000004        0x8 ./system/src/newlib/_syscalls.o
 .data.AHBPrescTable
                0x000000002000000c       0x10 ./system/src/cmsis/system_stm32f0xx.o
                0x000000002000000c                AHBPrescTable
 .data.SystemCoreClock
                0x000000002000001c        0x4 ./system/src/cmsis/system_stm32f0xx.o
                0x000000002000001c                SystemCoreClock
 .data.__fdlib_version
                0x0000000020000020        0x1 /usr/lib/gcc/arm-none-eabi/4.9.3/../../../arm-none-eabi/lib/armv6-m/libm.a(lib_a-s_lib_ver.o)
                0x0000000020000020                __fdlib_version
 *fill*         0x0000000020000021        0x3 ff
 .data.impure_data
                0x0000000020000024       0x60 /usr/lib/gcc/arm-none-eabi/4.9.3/../../../arm-none-eabi/lib/armv6-m/libg_nano.a(lib_a-impure.o)
 .data._impure_ptr
                0x0000000020000084        0x4 /usr/lib/gcc/arm-none-eabi/4.9.3/../../../arm-none-eabi/lib/armv6-m/libg_nano.a(lib_a-impure.o)
                0x0000000020000084                _impure_ptr
 *(.data_end .data_end.*)
 .data_end      0x0000000020000088        0x4 ./system/src/newlib/_startup.o
                0x000000002000008c                . = ALIGN (0x4)
                0x000000002000008c                _edata = .
                0x000000002000008c                __data_end__ = .

.igot.plt       0x000000002000008c        0x0 load address 0x0000000008003ba8
 .igot.plt      0x000000002000008c        0x0 ./system/src/stm32f0-stdperiph/stm32f0xx_gpio.o

.bss_CCMRAM     0x0000000000000000        0x0
 *(.bss.CCMRAM .bss.CCMRAM.*)

.bss            0x000000002000008c        0xc
                0x000000002000008c                __bss_start__ = .
                0x000000002000008c                _sbss = .
 *(.bss_begin .bss_begin.*)
 .bss_begin     0x000000002000008c        0x4 ./system/src/newlib/_startup.o
 *(.bss .bss.*)
 .bss.name.4160
                0x0000000020000090        0x1 ./system/src/newlib/_syscalls.o
 *(COMMON)
 *(.bss_end .bss_end.*)
 *fill*         0x0000000020000091        0x3 
 .bss_end       0x0000000020000094        0x4 ./system/src/newlib/_startup.o
                0x0000000020000098                . = ALIGN (0x4)
                0x0000000020000098                __bss_end__ = .
                0x0000000020000098                _ebss = .

.noinit_CCMRAM
 *(.noinit.CCMRAM .noinit.CCMRAM.*)

.noinit         0x0000000020000098        0x0
                0x0000000020000098                _noinit = .
 *(.noinit .noinit.*)
                0x0000000020000098                . = ALIGN (0x4)
                0x0000000020000098                _end_noinit = .
                [!provide]                        PROVIDE (end, _end_noinit)
                [!provide]                        PROVIDE (_end, _end_noinit)
                [!provide]                        PROVIDE (__end, _end_noinit)
                [!provide]                        PROVIDE (__end__, _end_noinit)

._check_stack   0x0000000020000098      0x100
                0x0000000020000198                . = (. + _Minimum_Stack_Size)
 *fill*         0x0000000020000098      0x100 

.b1text
 *(.b1text)
 *(.b1rodata)
 *(.b1rodata.*)

.eb0text
 *(.eb0text)
 *(.eb0rodata)
 *(.eb0rodata.*)

.eb1text
 *(.eb1text)
 *(.eb1rodata)
 *(.eb1rodata.*)

.eb2text
 *(.eb2text)
 *(.eb2rodata)
 *(.eb2rodata.*)

.eb3text
 *(.eb3text)
 *(.eb3rodata)
 *(.eb3rodata.*)

.stab
 *(.stab)

.stabstr
 *(.stabstr)

.stab.excl
 *(.stab.excl)

.stab.exclstr
 *(.stab.exclstr)

.stab.index
 *(.stab.index)

.stab.indexstr
 *(.stab.indexstr)

.comment        0x0000000000000000       0x70
 *(.comment)
 .comment       0x0000000000000000       0x38 ./system/src/newlib/_exit.o
                                         0x39 (size before relaxing)
 .comment       0x0000000000000038       0x39 ./system/src/newlib/_startup.o
 .comment       0x0000000000000038       0x39 ./system/src/newlib/_syscalls.o
 .comment       0x0000000000000038       0x39 ./system/src/cortexm/_initialize_hardware.o
 .comment       0x0000000000000038       0x39 ./system/src/cortexm/exception_handlers.o
 .comment       0x0000000000000038       0x39 ./system/src/cmsis/system_stm32f0xx.o
 .comment       0x0000000000000038       0x39 ./system/src/cmsis/vectors_stm32f0xx.o
 .comment       0x0000000000000038       0x39 ./src/acd_stm32f0.o
 .comment       0x0000000000000038       0x39 ./src/gpio_stm32f0.o
 .comment       0x0000000000000038       0x39 ./src/lcd_stm32f0.o
 .comment       0x0000000000000038       0x39 ./src/led_stm32f0.o
 .comment       0x0000000000000038       0x39 ./src/main.o
 .comment       0x0000000000000038       0x39 ./src/tim_stm32f0.o
 .comment       0x0000000000000038       0x38 /usr/lib/gcc/arm-none-eabi/4.9.3/../../../arm-none-eabi/lib/armv6-m/libm.a(lib_a-w_pow.o)
                                         0x39 (size before relaxing)
 .comment       0x0000000000000070       0x39 /usr/lib/gcc/arm-none-eabi/4.9.3/../../../arm-none-eabi/lib/armv6-m/libm.a(lib_a-e_pow.o)
 .comment       0x0000000000000070       0x39 /usr/lib/gcc/arm-none-eabi/4.9.3/../../../arm-none-eabi/lib/armv6-m/libm.a(lib_a-e_sqrt.o)
 .comment       0x0000000000000070       0x39 /usr/lib/gcc/arm-none-eabi/4.9.3/../../../arm-none-eabi/lib/armv6-m/libm.a(lib_a-s_fabs.o)
 .comment       0x0000000000000070       0x39 /usr/lib/gcc/arm-none-eabi/4.9.3/../../../arm-none-eabi/lib/armv6-m/libm.a(lib_a-s_finite.o)
 .comment       0x0000000000000070       0x39 /usr/lib/gcc/arm-none-eabi/4.9.3/../../../arm-none-eabi/lib/armv6-m/libm.a(lib_a-s_fpclassify.o)
 .comment       0x0000000000000070       0x39 /usr/lib/gcc/arm-none-eabi/4.9.3/../../../arm-none-eabi/lib/armv6-m/libm.a(lib_a-s_lib_ver.o)
 .comment       0x0000000000000070       0x39 /usr/lib/gcc/arm-none-eabi/4.9.3/../../../arm-none-eabi/lib/armv6-m/libm.a(lib_a-s_matherr.o)
 .comment       0x0000000000000070       0x39 /usr/lib/gcc/arm-none-eabi/4.9.3/../../../arm-none-eabi/lib/armv6-m/libm.a(lib_a-s_nan.o)
 .comment       0x0000000000000070       0x39 /usr/lib/gcc/arm-none-eabi/4.9.3/../../../arm-none-eabi/lib/armv6-m/libm.a(lib_a-s_rint.o)
 .comment       0x0000000000000070       0x39 /usr/lib/gcc/arm-none-eabi/4.9.3/../../../arm-none-eabi/lib/armv6-m/libm.a(lib_a-s_scalbn.o)
 .comment       0x0000000000000070       0x39 /usr/lib/gcc/arm-none-eabi/4.9.3/../../../arm-none-eabi/lib/armv6-m/libm.a(lib_a-s_copysign.o)
 .comment       0x0000000000000070       0x39 /usr/lib/gcc/arm-none-eabi/4.9.3/armv6-m/libgcc.a(_fixunsdfsi.o)
 .comment       0x0000000000000070       0x39 /usr/lib/gcc/arm-none-eabi/4.9.3/armv6-m/libgcc.a(adddf3.o)
 .comment       0x0000000000000070       0x39 /usr/lib/gcc/arm-none-eabi/4.9.3/armv6-m/libgcc.a(divdf3.o)
 .comment       0x0000000000000070       0x39 /usr/lib/gcc/arm-none-eabi/4.9.3/armv6-m/libgcc.a(eqdf2.o)
 .comment       0x0000000000000070       0x39 /usr/lib/gcc/arm-none-eabi/4.9.3/armv6-m/libgcc.a(gedf2.o)
 .comment       0x0000000000000070       0x39 /usr/lib/gcc/arm-none-eabi/4.9.3/armv6-m/libgcc.a(ledf2.o)
 .comment       0x0000000000000070       0x39 /usr/lib/gcc/arm-none-eabi/4.9.3/armv6-m/libgcc.a(muldf3.o)
 .comment       0x0000000000000070       0x39 /usr/lib/gcc/arm-none-eabi/4.9.3/armv6-m/libgcc.a(subdf3.o)
 .comment       0x0000000000000070       0x39 /usr/lib/gcc/arm-none-eabi/4.9.3/armv6-m/libgcc.a(fixdfsi.o)
 .comment       0x0000000000000070       0x39 /usr/lib/gcc/arm-none-eabi/4.9.3/armv6-m/libgcc.a(floatsidf.o)
 .comment       0x0000000000000070       0x39 /usr/lib/gcc/arm-none-eabi/4.9.3/armv6-m/libgcc.a(floatunsidf.o)
 .comment       0x0000000000000070       0x39 /usr/lib/gcc/arm-none-eabi/4.9.3/../../../arm-none-eabi/lib/armv6-m/libg_nano.a(lib_a-errno.o)
 .comment       0x0000000000000070       0x39 /usr/lib/gcc/arm-none-eabi/4.9.3/../../../arm-none-eabi/lib/armv6-m/libg_nano.a(lib_a-impure.o)
 .comment       0x0000000000000070       0x39 /usr/lib/gcc/arm-none-eabi/4.9.3/../../../arm-none-eabi/lib/armv6-m/libg_nano.a(lib_a-memcpy.o)

.ARM.attributes
                0x0000000000000000       0x31
 .ARM.attributes
                0x0000000000000000       0x31 ./system/src/newlib/_exit.o
 .ARM.attributes
                0x0000000000000031       0x31 ./system/src/newlib/_startup.o
 .ARM.attributes
                0x0000000000000062       0x31 ./system/src/newlib/_syscalls.o
 .ARM.attributes
                0x0000000000000093       0x31 ./system/src/cortexm/_initialize_hardware.o
 .ARM.attributes
                0x00000000000000c4       0x31 ./system/src/cortexm/exception_handlers.o
 .ARM.attributes
                0x00000000000000f5       0x31 ./system/src/cmsis/system_stm32f0xx.o
 .ARM.attributes
                0x0000000000000126       0x31 ./system/src/cmsis/vectors_stm32f0xx.o
 .ARM.attributes
                0x0000000000000157       0x31 ./src/acd_stm32f0.o
 .ARM.attributes
                0x0000000000000188       0x31 ./src/gpio_stm32f0.o
 .ARM.attributes
                0x00000000000001b9       0x31 ./src/lcd_stm32f0.o
 .ARM.attributes
                0x00000000000001ea       0x31 ./src/led_stm32f0.o
 .ARM.attributes
                0x000000000000021b       0x31 ./src/main.o
 .ARM.attributes
                0x000000000000024c       0x31 ./src/tim_stm32f0.o
 .ARM.attributes
                0x000000000000027d       0x2c /usr/lib/gcc/arm-none-eabi/4.9.3/../../../arm-none-eabi/lib/armv6-m/libm.a(lib_a-w_pow.o)
 .ARM.attributes
                0x00000000000002a9       0x2c /usr/lib/gcc/arm-none-eabi/4.9.3/../../../arm-none-eabi/lib/armv6-m/libm.a(lib_a-e_pow.o)
 .ARM.attributes
                0x00000000000002d5       0x2c /usr/lib/gcc/arm-none-eabi/4.9.3/../../../arm-none-eabi/lib/armv6-m/libm.a(lib_a-e_sqrt.o)
 .ARM.attributes
                0x0000000000000301       0x2c /usr/lib/gcc/arm-none-eabi/4.9.3/../../../arm-none-eabi/lib/armv6-m/libm.a(lib_a-s_fabs.o)
 .ARM.attributes
                0x000000000000032d       0x2c /usr/lib/gcc/arm-none-eabi/4.9.3/../../../arm-none-eabi/lib/armv6-m/libm.a(lib_a-s_finite.o)
 .ARM.attributes
                0x0000000000000359       0x2c /usr/lib/gcc/arm-none-eabi/4.9.3/../../../arm-none-eabi/lib/armv6-m/libm.a(lib_a-s_fpclassify.o)
 .ARM.attributes
                0x0000000000000385       0x2c /usr/lib/gcc/arm-none-eabi/4.9.3/../../../arm-none-eabi/lib/armv6-m/libm.a(lib_a-s_lib_ver.o)
 .ARM.attributes
                0x00000000000003b1       0x2c /usr/lib/gcc/arm-none-eabi/4.9.3/../../../arm-none-eabi/lib/armv6-m/libm.a(lib_a-s_matherr.o)
 .ARM.attributes
                0x00000000000003dd       0x2c /usr/lib/gcc/arm-none-eabi/4.9.3/../../../arm-none-eabi/lib/armv6-m/libm.a(lib_a-s_nan.o)
 .ARM.attributes
                0x0000000000000409       0x2c /usr/lib/gcc/arm-none-eabi/4.9.3/../../../arm-none-eabi/lib/armv6-m/libm.a(lib_a-s_rint.o)
 .ARM.attributes
                0x0000000000000435       0x2c /usr/lib/gcc/arm-none-eabi/4.9.3/../../../arm-none-eabi/lib/armv6-m/libm.a(lib_a-s_scalbn.o)
 .ARM.attributes
                0x0000000000000461       0x2c /usr/lib/gcc/arm-none-eabi/4.9.3/../../../arm-none-eabi/lib/armv6-m/libm.a(lib_a-s_copysign.o)
 .ARM.attributes
                0x000000000000048d       0x1e /usr/lib/gcc/arm-none-eabi/4.9.3/armv6-m/libgcc.a(_udivsi3.o)
 .ARM.attributes
                0x00000000000004ab       0x1e /usr/lib/gcc/arm-none-eabi/4.9.3/armv6-m/libgcc.a(_dvmd_tls.o)
 .ARM.attributes
                0x00000000000004c9       0x1e /usr/lib/gcc/arm-none-eabi/4.9.3/armv6-m/libgcc.a(_arm_cmpdf2.o)
 .ARM.attributes
                0x00000000000004e7       0x2c /usr/lib/gcc/arm-none-eabi/4.9.3/armv6-m/libgcc.a(_fixunsdfsi.o)
 .ARM.attributes
                0x0000000000000513       0x2c /usr/lib/gcc/arm-none-eabi/4.9.3/armv6-m/libgcc.a(adddf3.o)
 .ARM.attributes
                0x000000000000053f       0x2c /usr/lib/gcc/arm-none-eabi/4.9.3/armv6-m/libgcc.a(divdf3.o)
 .ARM.attributes
                0x000000000000056b       0x2c /usr/lib/gcc/arm-none-eabi/4.9.3/armv6-m/libgcc.a(eqdf2.o)
 .ARM.attributes
                0x0000000000000597       0x2c /usr/lib/gcc/arm-none-eabi/4.9.3/armv6-m/libgcc.a(gedf2.o)
 .ARM.attributes
                0x00000000000005c3       0x2c /usr/lib/gcc/arm-none-eabi/4.9.3/armv6-m/libgcc.a(ledf2.o)
 .ARM.attributes
                0x00000000000005ef       0x2c /usr/lib/gcc/arm-none-eabi/4.9.3/armv6-m/libgcc.a(muldf3.o)
 .ARM.attributes
                0x000000000000061b       0x2c /usr/lib/gcc/arm-none-eabi/4.9.3/armv6-m/libgcc.a(subdf3.o)
 .ARM.attributes
                0x0000000000000647       0x2c /usr/lib/gcc/arm-none-eabi/4.9.3/armv6-m/libgcc.a(fixdfsi.o)
 .ARM.attributes
                0x0000000000000673       0x2c /usr/lib/gcc/arm-none-eabi/4.9.3/armv6-m/libgcc.a(floatsidf.o)
 .ARM.attributes
                0x000000000000069f       0x2c /usr/lib/gcc/arm-none-eabi/4.9.3/armv6-m/libgcc.a(floatunsidf.o)
 .ARM.attributes
                0x00000000000006cb       0x1e /usr/lib/gcc/arm-none-eabi/4.9.3/armv6-m/libgcc.a(_clzsi2.o)
 .ARM.attributes
                0x00000000000006e9       0x2c /usr/lib/gcc/arm-none-eabi/4.9.3/../../../arm-none-eabi/lib/armv6-m/libg_nano.a(lib_a-errno.o)
 .ARM.attributes
                0x0000000000000715       0x2c /usr/lib/gcc/arm-none-eabi/4.9.3/../../../arm-none-eabi/lib/armv6-m/libg_nano.a(lib_a-impure.o)
 .ARM.attributes
                0x0000000000000741       0x2c /usr/lib/gcc/arm-none-eabi/4.9.3/../../../arm-none-eabi/lib/armv6-m/libg_nano.a(lib_a-memcpy.o)

.debug
 *(.debug)

.line
 *(.line)

.debug_srcinfo
 *(.debug_srcinfo)

.debug_sfnames
 *(.debug_sfnames)

.debug_aranges  0x0000000000000000      0x630
 *(.debug_aranges)
 .debug_aranges
                0x0000000000000000       0x28 ./system/src/newlib/_exit.o
 .debug_aranges
                0x0000000000000028       0x40 ./system/src/newlib/_startup.o
 .debug_aranges
                0x0000000000000068       0x30 ./system/src/newlib/_syscalls.o
 .debug_aranges
                0x0000000000000098       0x28 ./system/src/cortexm/_initialize_hardware.o
 .debug_aranges
                0x00000000000000c0       0x50 ./system/src/cortexm/exception_handlers.o
 .debug_aranges
                0x0000000000000110       0x30 ./system/src/cmsis/system_stm32f0xx.o
 .debug_aranges
                0x0000000000000140       0x20 ./system/src/cmsis/vectors_stm32f0xx.o
 .debug_aranges
                0x0000000000000160       0x30 ./src/acd_stm32f0.o
 .debug_aranges
                0x0000000000000190       0x28 ./src/gpio_stm32f0.o
 .debug_aranges
                0x00000000000001b8       0x50 ./src/lcd_stm32f0.o
 .debug_aranges
                0x0000000000000208       0x30 ./src/led_stm32f0.o
 .debug_aranges
                0x0000000000000238       0x28 ./src/main.o
 .debug_aranges
                0x0000000000000260       0x20 ./src/tim_stm32f0.o
 .debug_aranges
                0x0000000000000280       0x20 /usr/lib/gcc/arm-none-eabi/4.9.3/../../../arm-none-eabi/lib/armv6-m/libm.a(lib_a-w_pow.o)
 .debug_aranges
                0x00000000000002a0       0x20 /usr/lib/gcc/arm-none-eabi/4.9.3/../../../arm-none-eabi/lib/armv6-m/libm.a(lib_a-e_pow.o)
 .debug_aranges
                0x00000000000002c0       0x20 /usr/lib/gcc/arm-none-eabi/4.9.3/../../../arm-none-eabi/lib/armv6-m/libm.a(lib_a-e_sqrt.o)
 .debug_aranges
                0x00000000000002e0       0x20 /usr/lib/gcc/arm-none-eabi/4.9.3/../../../arm-none-eabi/lib/armv6-m/libm.a(lib_a-s_fabs.o)
 .debug_aranges
                0x0000000000000300       0x20 /usr/lib/gcc/arm-none-eabi/4.9.3/../../../arm-none-eabi/lib/armv6-m/libm.a(lib_a-s_finite.o)
 .debug_aranges
                0x0000000000000320       0x20 /usr/lib/gcc/arm-none-eabi/4.9.3/../../../arm-none-eabi/lib/armv6-m/libm.a(lib_a-s_fpclassify.o)
 .debug_aranges
                0x0000000000000340       0x18 /usr/lib/gcc/arm-none-eabi/4.9.3/../../../arm-none-eabi/lib/armv6-m/libm.a(lib_a-s_lib_ver.o)
 .debug_aranges
                0x0000000000000358       0x20 /usr/lib/gcc/arm-none-eabi/4.9.3/../../../arm-none-eabi/lib/armv6-m/libm.a(lib_a-s_matherr.o)
 .debug_aranges
                0x0000000000000378       0x20 /usr/lib/gcc/arm-none-eabi/4.9.3/../../../arm-none-eabi/lib/armv6-m/libm.a(lib_a-s_nan.o)
 .debug_aranges
                0x0000000000000398       0x20 /usr/lib/gcc/arm-none-eabi/4.9.3/../../../arm-none-eabi/lib/armv6-m/libm.a(lib_a-s_rint.o)
 .debug_aranges
                0x00000000000003b8       0x20 /usr/lib/gcc/arm-none-eabi/4.9.3/../../../arm-none-eabi/lib/armv6-m/libm.a(lib_a-s_scalbn.o)
 .debug_aranges
                0x00000000000003d8       0x20 /usr/lib/gcc/arm-none-eabi/4.9.3/../../../arm-none-eabi/lib/armv6-m/libm.a(lib_a-s_copysign.o)
 .debug_aranges
                0x00000000000003f8       0x20 /usr/lib/gcc/arm-none-eabi/4.9.3/armv6-m/libgcc.a(_udivsi3.o)
 .debug_aranges
                0x0000000000000418       0x20 /usr/lib/gcc/arm-none-eabi/4.9.3/armv6-m/libgcc.a(_dvmd_tls.o)
 .debug_aranges
                0x0000000000000438       0x20 /usr/lib/gcc/arm-none-eabi/4.9.3/armv6-m/libgcc.a(_arm_cmpdf2.o)
 .debug_aranges
                0x0000000000000458       0x20 /usr/lib/gcc/arm-none-eabi/4.9.3/armv6-m/libgcc.a(_fixunsdfsi.o)
 .debug_aranges
                0x0000000000000478       0x20 /usr/lib/gcc/arm-none-eabi/4.9.3/armv6-m/libgcc.a(adddf3.o)
 .debug_aranges
                0x0000000000000498       0x20 /usr/lib/gcc/arm-none-eabi/4.9.3/armv6-m/libgcc.a(divdf3.o)
 .debug_aranges
                0x00000000000004b8       0x20 /usr/lib/gcc/arm-none-eabi/4.9.3/armv6-m/libgcc.a(eqdf2.o)
 .debug_aranges
                0x00000000000004d8       0x20 /usr/lib/gcc/arm-none-eabi/4.9.3/armv6-m/libgcc.a(gedf2.o)
 .debug_aranges
                0x00000000000004f8       0x20 /usr/lib/gcc/arm-none-eabi/4.9.3/armv6-m/libgcc.a(ledf2.o)
 .debug_aranges
                0x0000000000000518       0x20 /usr/lib/gcc/arm-none-eabi/4.9.3/armv6-m/libgcc.a(muldf3.o)
 .debug_aranges
                0x0000000000000538       0x20 /usr/lib/gcc/arm-none-eabi/4.9.3/armv6-m/libgcc.a(subdf3.o)
 .debug_aranges
                0x0000000000000558       0x20 /usr/lib/gcc/arm-none-eabi/4.9.3/armv6-m/libgcc.a(fixdfsi.o)
 .debug_aranges
                0x0000000000000578       0x20 /usr/lib/gcc/arm-none-eabi/4.9.3/armv6-m/libgcc.a(floatsidf.o)
 .debug_aranges
                0x0000000000000598       0x20 /usr/lib/gcc/arm-none-eabi/4.9.3/armv6-m/libgcc.a(floatunsidf.o)
 .debug_aranges
                0x00000000000005b8       0x20 /usr/lib/gcc/arm-none-eabi/4.9.3/armv6-m/libgcc.a(_clzsi2.o)
 .debug_aranges
                0x00000000000005d8       0x20 /usr/lib/gcc/arm-none-eabi/4.9.3/../../../arm-none-eabi/lib/armv6-m/libg_nano.a(lib_a-errno.o)
 .debug_aranges
                0x00000000000005f8       0x18 /usr/lib/gcc/arm-none-eabi/4.9.3/../../../arm-none-eabi/lib/armv6-m/libg_nano.a(lib_a-impure.o)
 .debug_aranges
                0x0000000000000610       0x20 /usr/lib/gcc/arm-none-eabi/4.9.3/../../../arm-none-eabi/lib/armv6-m/libg_nano.a(lib_a-memcpy.o)

.debug_pubnames
 *(.debug_pubnames)

.debug_info     0x0000000000000000     0x73f4
 *(.debug_info .gnu.linkonce.wi.*)
 .debug_info    0x0000000000000000       0xee ./system/src/newlib/_exit.o
 .debug_info    0x00000000000000ee      0x475 ./system/src/newlib/_startup.o
 .debug_info    0x0000000000000563      0x1bc ./system/src/newlib/_syscalls.o
 .debug_info    0x000000000000071f       0xc3 ./system/src/cortexm/_initialize_hardware.o
 .debug_info    0x00000000000007e2      0x1c0 ./system/src/cortexm/exception_handlers.o
 .debug_info    0x00000000000009a2      0x2e8 ./system/src/cmsis/system_stm32f0xx.o
 .debug_info    0x0000000000000c8a       0xd1 ./system/src/cmsis/vectors_stm32f0xx.o
 .debug_info    0x0000000000000d5b      0x40a ./src/acd_stm32f0.o
 .debug_info    0x0000000000001165      0x2d9 ./src/gpio_stm32f0.o
 .debug_info    0x000000000000143e      0x516 ./src/lcd_stm32f0.o
 .debug_info    0x0000000000001954      0x326 ./src/led_stm32f0.o
 .debug_info    0x0000000000001c7a      0x5db ./src/main.o
 .debug_info    0x0000000000002255      0x5e1 ./src/tim_stm32f0.o
 .debug_info    0x0000000000002836      0x33e /usr/lib/gcc/arm-none-eabi/4.9.3/../../../arm-none-eabi/lib/armv6-m/libm.a(lib_a-w_pow.o)
 .debug_info    0x0000000000002b74      0x754 /usr/lib/gcc/arm-none-eabi/4.9.3/../../../arm-none-eabi/lib/armv6-m/libm.a(lib_a-e_pow.o)
 .debug_info    0x00000000000032c8      0x22d /usr/lib/gcc/arm-none-eabi/4.9.3/../../../arm-none-eabi/lib/armv6-m/libm.a(lib_a-e_sqrt.o)
 .debug_info    0x00000000000034f5      0x133 /usr/lib/gcc/arm-none-eabi/4.9.3/../../../arm-none-eabi/lib/armv6-m/libm.a(lib_a-s_fabs.o)
 .debug_info    0x0000000000003628       0xd5 /usr/lib/gcc/arm-none-eabi/4.9.3/../../../arm-none-eabi/lib/armv6-m/libm.a(lib_a-s_finite.o)
 .debug_info    0x00000000000036fd       0xdb /usr/lib/gcc/arm-none-eabi/4.9.3/../../../arm-none-eabi/lib/armv6-m/libm.a(lib_a-s_fpclassify.o)
 .debug_info    0x00000000000037d8       0xbe /usr/lib/gcc/arm-none-eabi/4.9.3/../../../arm-none-eabi/lib/armv6-m/libm.a(lib_a-s_lib_ver.o)
 .debug_info    0x0000000000003896      0x129 /usr/lib/gcc/arm-none-eabi/4.9.3/../../../arm-none-eabi/lib/armv6-m/libm.a(lib_a-s_matherr.o)
 .debug_info    0x00000000000039bf       0xd2 /usr/lib/gcc/arm-none-eabi/4.9.3/../../../arm-none-eabi/lib/armv6-m/libm.a(lib_a-s_nan.o)
 .debug_info    0x0000000000003a91      0x208 /usr/lib/gcc/arm-none-eabi/4.9.3/../../../arm-none-eabi/lib/armv6-m/libm.a(lib_a-s_rint.o)
 .debug_info    0x0000000000003c99      0x23b /usr/lib/gcc/arm-none-eabi/4.9.3/../../../arm-none-eabi/lib/armv6-m/libm.a(lib_a-s_scalbn.o)
 .debug_info    0x0000000000003ed4      0x14e /usr/lib/gcc/arm-none-eabi/4.9.3/../../../arm-none-eabi/lib/armv6-m/libm.a(lib_a-s_copysign.o)
 .debug_info    0x0000000000004022       0xb9 /usr/lib/gcc/arm-none-eabi/4.9.3/armv6-m/libgcc.a(_udivsi3.o)
 .debug_info    0x00000000000040db       0xb9 /usr/lib/gcc/arm-none-eabi/4.9.3/armv6-m/libgcc.a(_dvmd_tls.o)
 .debug_info    0x0000000000004194       0xb9 /usr/lib/gcc/arm-none-eabi/4.9.3/armv6-m/libgcc.a(_arm_cmpdf2.o)
 .debug_info    0x000000000000424d       0xd5 /usr/lib/gcc/arm-none-eabi/4.9.3/armv6-m/libgcc.a(_fixunsdfsi.o)
 .debug_info    0x0000000000004322      0x485 /usr/lib/gcc/arm-none-eabi/4.9.3/armv6-m/libgcc.a(adddf3.o)
 .debug_info    0x00000000000047a7      0x5c2 /usr/lib/gcc/arm-none-eabi/4.9.3/armv6-m/libgcc.a(divdf3.o)
 .debug_info    0x0000000000004d69      0x1e7 /usr/lib/gcc/arm-none-eabi/4.9.3/armv6-m/libgcc.a(eqdf2.o)
 .debug_info    0x0000000000004f50      0x20d /usr/lib/gcc/arm-none-eabi/4.9.3/armv6-m/libgcc.a(gedf2.o)
 .debug_info    0x000000000000515d      0x20d /usr/lib/gcc/arm-none-eabi/4.9.3/armv6-m/libgcc.a(ledf2.o)
 .debug_info    0x000000000000536a      0x60a /usr/lib/gcc/arm-none-eabi/4.9.3/armv6-m/libgcc.a(muldf3.o)
 .debug_info    0x0000000000005974      0x4a2 /usr/lib/gcc/arm-none-eabi/4.9.3/armv6-m/libgcc.a(subdf3.o)
 .debug_info    0x0000000000005e16      0x1a2 /usr/lib/gcc/arm-none-eabi/4.9.3/armv6-m/libgcc.a(fixdfsi.o)
 .debug_info    0x0000000000005fb8      0x1c2 /usr/lib/gcc/arm-none-eabi/4.9.3/armv6-m/libgcc.a(floatsidf.o)
 .debug_info    0x000000000000617a      0x1b7 /usr/lib/gcc/arm-none-eabi/4.9.3/armv6-m/libgcc.a(floatunsidf.o)
 .debug_info    0x0000000000006331       0xb9 /usr/lib/gcc/arm-none-eabi/4.9.3/armv6-m/libgcc.a(_clzsi2.o)
 .debug_info    0x00000000000063ea      0x735 /usr/lib/gcc/arm-none-eabi/4.9.3/../../../arm-none-eabi/lib/armv6-m/libg_nano.a(lib_a-errno.o)
 .debug_info    0x0000000000006b1f      0x7d3 /usr/lib/gcc/arm-none-eabi/4.9.3/../../../arm-none-eabi/lib/armv6-m/libg_nano.a(lib_a-impure.o)
 .debug_info    0x00000000000072f2      0x102 /usr/lib/gcc/arm-none-eabi/4.9.3/../../../arm-none-eabi/lib/armv6-m/libg_nano.a(lib_a-memcpy.o)

.debug_abbrev   0x0000000000000000     0x2839
 *(.debug_abbrev)
 .debug_abbrev  0x0000000000000000       0xb7 ./system/src/newlib/_exit.o
 .debug_abbrev  0x00000000000000b7      0x1e9 ./system/src/newlib/_startup.o
 .debug_abbrev  0x00000000000002a0       0xee ./system/src/newlib/_syscalls.o
 .debug_abbrev  0x000000000000038e       0x63 ./system/src/cortexm/_initialize_hardware.o
 .debug_abbrev  0x00000000000003f1       0xfd ./system/src/cortexm/exception_handlers.o
 .debug_abbrev  0x00000000000004ee      0x146 ./system/src/cmsis/system_stm32f0xx.o
 .debug_abbrev  0x0000000000000634       0x9d ./system/src/cmsis/vectors_stm32f0xx.o
 .debug_abbrev  0x00000000000006d1      0x167 ./src/acd_stm32f0.o
 .debug_abbrev  0x0000000000000838      0x10b ./src/gpio_stm32f0.o
 .debug_abbrev  0x0000000000000943      0x152 ./src/lcd_stm32f0.o
 .debug_abbrev  0x0000000000000a95      0x14b ./src/led_stm32f0.o
 .debug_abbrev  0x0000000000000be0      0x18a ./src/main.o
 .debug_abbrev  0x0000000000000d6a      0x172 ./src/tim_stm32f0.o
 .debug_abbrev  0x0000000000000edc      0x14d /usr/lib/gcc/arm-none-eabi/4.9.3/../../../arm-none-eabi/lib/armv6-m/libm.a(lib_a-w_pow.o)
 .debug_abbrev  0x0000000000001029      0x1cb /usr/lib/gcc/arm-none-eabi/4.9.3/../../../arm-none-eabi/lib/armv6-m/libm.a(lib_a-e_pow.o)
 .debug_abbrev  0x00000000000011f4      0x116 /usr/lib/gcc/arm-none-eabi/4.9.3/../../../arm-none-eabi/lib/armv6-m/libm.a(lib_a-e_sqrt.o)
 .debug_abbrev  0x000000000000130a       0xc8 /usr/lib/gcc/arm-none-eabi/4.9.3/../../../arm-none-eabi/lib/armv6-m/libm.a(lib_a-s_fabs.o)
 .debug_abbrev  0x00000000000013d2       0x6f /usr/lib/gcc/arm-none-eabi/4.9.3/../../../arm-none-eabi/lib/armv6-m/libm.a(lib_a-s_finite.o)
 .debug_abbrev  0x0000000000001441       0x6f /usr/lib/gcc/arm-none-eabi/4.9.3/../../../arm-none-eabi/lib/armv6-m/libm.a(lib_a-s_fpclassify.o)
 .debug_abbrev  0x00000000000014b0       0x4f /usr/lib/gcc/arm-none-eabi/4.9.3/../../../arm-none-eabi/lib/armv6-m/libm.a(lib_a-s_lib_ver.o)
 .debug_abbrev  0x00000000000014ff       0x9a /usr/lib/gcc/arm-none-eabi/4.9.3/../../../arm-none-eabi/lib/armv6-m/libm.a(lib_a-s_matherr.o)
 .debug_abbrev  0x0000000000001599       0x72 /usr/lib/gcc/arm-none-eabi/4.9.3/../../../arm-none-eabi/lib/armv6-m/libm.a(lib_a-s_nan.o)
 .debug_abbrev  0x000000000000160b      0x12b /usr/lib/gcc/arm-none-eabi/4.9.3/../../../arm-none-eabi/lib/armv6-m/libm.a(lib_a-s_rint.o)
 .debug_abbrev  0x0000000000001736      0x11f /usr/lib/gcc/arm-none-eabi/4.9.3/../../../arm-none-eabi/lib/armv6-m/libm.a(lib_a-s_scalbn.o)
 .debug_abbrev  0x0000000000001855       0xc8 /usr/lib/gcc/arm-none-eabi/4.9.3/../../../arm-none-eabi/lib/armv6-m/libm.a(lib_a-s_copysign.o)
 .debug_abbrev  0x000000000000191d       0x14 /usr/lib/gcc/arm-none-eabi/4.9.3/armv6-m/libgcc.a(_udivsi3.o)
 .debug_abbrev  0x0000000000001931       0x14 /usr/lib/gcc/arm-none-eabi/4.9.3/armv6-m/libgcc.a(_dvmd_tls.o)
 .debug_abbrev  0x0000000000001945       0x14 /usr/lib/gcc/arm-none-eabi/4.9.3/armv6-m/libgcc.a(_arm_cmpdf2.o)
 .debug_abbrev  0x0000000000001959       0x60 /usr/lib/gcc/arm-none-eabi/4.9.3/armv6-m/libgcc.a(_fixunsdfsi.o)
 .debug_abbrev  0x00000000000019b9      0x13a /usr/lib/gcc/arm-none-eabi/4.9.3/armv6-m/libgcc.a(adddf3.o)
 .debug_abbrev  0x0000000000001af3      0x120 /usr/lib/gcc/arm-none-eabi/4.9.3/armv6-m/libgcc.a(divdf3.o)
 .debug_abbrev  0x0000000000001c13      0x11b /usr/lib/gcc/arm-none-eabi/4.9.3/armv6-m/libgcc.a(eqdf2.o)
 .debug_abbrev  0x0000000000001d2e      0x128 /usr/lib/gcc/arm-none-eabi/4.9.3/armv6-m/libgcc.a(gedf2.o)
 .debug_abbrev  0x0000000000001e56      0x128 /usr/lib/gcc/arm-none-eabi/4.9.3/armv6-m/libgcc.a(ledf2.o)
 .debug_abbrev  0x0000000000001f7e      0x132 /usr/lib/gcc/arm-none-eabi/4.9.3/armv6-m/libgcc.a(muldf3.o)
 .debug_abbrev  0x00000000000020b0      0x13a /usr/lib/gcc/arm-none-eabi/4.9.3/armv6-m/libgcc.a(subdf3.o)
 .debug_abbrev  0x00000000000021ea      0x119 /usr/lib/gcc/arm-none-eabi/4.9.3/armv6-m/libgcc.a(fixdfsi.o)
 .debug_abbrev  0x0000000000002303      0x10a /usr/lib/gcc/arm-none-eabi/4.9.3/armv6-m/libgcc.a(floatsidf.o)
 .debug_abbrev  0x000000000000240d      0x10a /usr/lib/gcc/arm-none-eabi/4.9.3/armv6-m/libgcc.a(floatunsidf.o)
 .debug_abbrev  0x0000000000002517       0x14 /usr/lib/gcc/arm-none-eabi/4.9.3/armv6-m/libgcc.a(_clzsi2.o)
 .debug_abbrev  0x000000000000252b      0x134 /usr/lib/gcc/arm-none-eabi/4.9.3/../../../arm-none-eabi/lib/armv6-m/libg_nano.a(lib_a-errno.o)
 .debug_abbrev  0x000000000000265f      0x136 /usr/lib/gcc/arm-none-eabi/4.9.3/../../../arm-none-eabi/lib/armv6-m/libg_nano.a(lib_a-impure.o)
 .debug_abbrev  0x0000000000002795       0xa4 /usr/lib/gcc/arm-none-eabi/4.9.3/../../../arm-none-eabi/lib/armv6-m/libg_nano.a(lib_a-memcpy.o)

.debug_line     0x0000000000000000     0x4e40
 *(.debug_line)
 .debug_line    0x0000000000000000      0x1e9 ./system/src/newlib/_exit.o
 .debug_line    0x00000000000001e9      0x255 ./system/src/newlib/_startup.o
 .debug_line    0x000000000000043e      0x277 ./system/src/newlib/_syscalls.o
 .debug_line    0x00000000000006b5      0x34e ./system/src/cortexm/_initialize_hardware.o
 .debug_line    0x0000000000000a03      0x510 ./system/src/cortexm/exception_handlers.o
 .debug_line    0x0000000000000f13      0x38c ./system/src/cmsis/system_stm32f0xx.o
 .debug_line    0x000000000000129f       0xd4 ./system/src/cmsis/vectors_stm32f0xx.o
 .debug_line    0x0000000000001373      0x352 ./src/acd_stm32f0.o
 .debug_line    0x00000000000016c5      0x33e ./src/gpio_stm32f0.o
 .debug_line    0x0000000000001a03      0x3db ./src/lcd_stm32f0.o
 .debug_line    0x0000000000001dde      0x37d ./src/led_stm32f0.o
 .debug_line    0x000000000000215b      0x459 ./src/main.o
 .debug_line    0x00000000000025b4      0x40d ./src/tim_stm32f0.o
 .debug_line    0x00000000000029c1      0x23a /usr/lib/gcc/arm-none-eabi/4.9.3/../../../arm-none-eabi/lib/armv6-m/libm.a(lib_a-w_pow.o)
 .debug_line    0x0000000000002bfb      0x2ea /usr/lib/gcc/arm-none-eabi/4.9.3/../../../arm-none-eabi/lib/armv6-m/libm.a(lib_a-e_pow.o)
 .debug_line    0x0000000000002ee5      0x1b2 /usr/lib/gcc/arm-none-eabi/4.9.3/../../../arm-none-eabi/lib/armv6-m/libm.a(lib_a-e_sqrt.o)
 .debug_line    0x0000000000003097      0x151 /usr/lib/gcc/arm-none-eabi/4.9.3/../../../arm-none-eabi/lib/armv6-m/libm.a(lib_a-s_fabs.o)
 .debug_line    0x00000000000031e8      0x11b /usr/lib/gcc/arm-none-eabi/4.9.3/../../../arm-none-eabi/lib/armv6-m/libm.a(lib_a-s_finite.o)
 .debug_line    0x0000000000003303      0x146 /usr/lib/gcc/arm-none-eabi/4.9.3/../../../arm-none-eabi/lib/armv6-m/libm.a(lib_a-s_fpclassify.o)
 .debug_line    0x0000000000003449       0xa5 /usr/lib/gcc/arm-none-eabi/4.9.3/../../../arm-none-eabi/lib/armv6-m/libm.a(lib_a-s_lib_ver.o)
 .debug_line    0x00000000000034ee       0xb6 /usr/lib/gcc/arm-none-eabi/4.9.3/../../../arm-none-eabi/lib/armv6-m/libm.a(lib_a-s_matherr.o)
 .debug_line    0x00000000000035a4       0xb3 /usr/lib/gcc/arm-none-eabi/4.9.3/../../../arm-none-eabi/lib/armv6-m/libm.a(lib_a-s_nan.o)
 .debug_line    0x0000000000003657      0x19c /usr/lib/gcc/arm-none-eabi/4.9.3/../../../arm-none-eabi/lib/armv6-m/libm.a(lib_a-s_rint.o)
 .debug_line    0x00000000000037f3      0x159 /usr/lib/gcc/arm-none-eabi/4.9.3/../../../arm-none-eabi/lib/armv6-m/libm.a(lib_a-s_scalbn.o)
 .debug_line    0x000000000000394c      0x12a /usr/lib/gcc/arm-none-eabi/4.9.3/../../../arm-none-eabi/lib/armv6-m/libm.a(lib_a-s_copysign.o)
 .debug_line    0x0000000000003a76       0x6c /usr/lib/gcc/arm-none-eabi/4.9.3/armv6-m/libgcc.a(_udivsi3.o)
 .debug_line    0x0000000000003ae2       0x5e /usr/lib/gcc/arm-none-eabi/4.9.3/armv6-m/libgcc.a(_dvmd_tls.o)
 .debug_line    0x0000000000003b40       0x76 /usr/lib/gcc/arm-none-eabi/4.9.3/armv6-m/libgcc.a(_arm_cmpdf2.o)
 .debug_line    0x0000000000003bb6       0x64 /usr/lib/gcc/arm-none-eabi/4.9.3/armv6-m/libgcc.a(_fixunsdfsi.o)
 .debug_line    0x0000000000003c1a      0x343 /usr/lib/gcc/arm-none-eabi/4.9.3/armv6-m/libgcc.a(adddf3.o)
 .debug_line    0x0000000000003f5d      0x267 /usr/lib/gcc/arm-none-eabi/4.9.3/armv6-m/libgcc.a(divdf3.o)
 .debug_line    0x00000000000041c4       0xb0 /usr/lib/gcc/arm-none-eabi/4.9.3/armv6-m/libgcc.a(eqdf2.o)
 .debug_line    0x0000000000004274       0xd6 /usr/lib/gcc/arm-none-eabi/4.9.3/armv6-m/libgcc.a(gedf2.o)
 .debug_line    0x000000000000434a       0xd6 /usr/lib/gcc/arm-none-eabi/4.9.3/armv6-m/libgcc.a(ledf2.o)
 .debug_line    0x0000000000004420      0x1a2 /usr/lib/gcc/arm-none-eabi/4.9.3/armv6-m/libgcc.a(muldf3.o)
 .debug_line    0x00000000000045c2      0x366 /usr/lib/gcc/arm-none-eabi/4.9.3/armv6-m/libgcc.a(subdf3.o)
 .debug_line    0x0000000000004928       0x99 /usr/lib/gcc/arm-none-eabi/4.9.3/armv6-m/libgcc.a(fixdfsi.o)
 .debug_line    0x00000000000049c1       0x93 /usr/lib/gcc/arm-none-eabi/4.9.3/armv6-m/libgcc.a(floatsidf.o)
 .debug_line    0x0000000000004a54       0x8a /usr/lib/gcc/arm-none-eabi/4.9.3/armv6-m/libgcc.a(floatunsidf.o)
 .debug_line    0x0000000000004ade       0x72 /usr/lib/gcc/arm-none-eabi/4.9.3/armv6-m/libgcc.a(_clzsi2.o)
 .debug_line    0x0000000000004b50      0x10e /usr/lib/gcc/arm-none-eabi/4.9.3/../../../arm-none-eabi/lib/armv6-m/libg_nano.a(lib_a-errno.o)
 .debug_line    0x0000000000004c5e       0xf1 /usr/lib/gcc/arm-none-eabi/4.9.3/../../../arm-none-eabi/lib/armv6-m/libg_nano.a(lib_a-impure.o)
 .debug_line    0x0000000000004d4f       0xf1 /usr/lib/gcc/arm-none-eabi/4.9.3/../../../arm-none-eabi/lib/armv6-m/libg_nano.a(lib_a-memcpy.o)

.debug_frame    0x0000000000000000      0x8f0
 *(.debug_frame)
 .debug_frame   0x0000000000000000       0x38 ./system/src/newlib/_exit.o
 .debug_frame   0x0000000000000038       0x80 ./system/src/newlib/_startup.o
 .debug_frame   0x00000000000000b8       0x50 ./system/src/newlib/_syscalls.o
 .debug_frame   0x0000000000000108       0x40 ./system/src/cortexm/_initialize_hardware.o
 .debug_frame   0x0000000000000148       0x88 ./system/src/cortexm/exception_handlers.o
 .debug_frame   0x00000000000001d0       0x54 ./system/src/cmsis/system_stm32f0xx.o
 .debug_frame   0x0000000000000224       0x20 ./system/src/cmsis/vectors_stm32f0xx.o
 .debug_frame   0x0000000000000244       0x4c ./src/acd_stm32f0.o
 .debug_frame   0x0000000000000290       0x30 ./src/gpio_stm32f0.o
 .debug_frame   0x00000000000002c0       0xc0 ./src/lcd_stm32f0.o
 .debug_frame   0x0000000000000380       0x6c ./src/led_stm32f0.o
 .debug_frame   0x00000000000003ec       0x40 ./src/main.o
 .debug_frame   0x000000000000042c       0x2c ./src/tim_stm32f0.o
 .debug_frame   0x0000000000000458       0x38 /usr/lib/gcc/arm-none-eabi/4.9.3/../../../arm-none-eabi/lib/armv6-m/libm.a(lib_a-w_pow.o)
 .debug_frame   0x0000000000000490       0x3c /usr/lib/gcc/arm-none-eabi/4.9.3/../../../arm-none-eabi/lib/armv6-m/libm.a(lib_a-e_pow.o)
 .debug_frame   0x00000000000004cc       0x3c /usr/lib/gcc/arm-none-eabi/4.9.3/../../../arm-none-eabi/lib/armv6-m/libm.a(lib_a-e_sqrt.o)
 .debug_frame   0x0000000000000508       0x20 /usr/lib/gcc/arm-none-eabi/4.9.3/../../../arm-none-eabi/lib/armv6-m/libm.a(lib_a-s_fabs.o)
 .debug_frame   0x0000000000000528       0x20 /usr/lib/gcc/arm-none-eabi/4.9.3/../../../arm-none-eabi/lib/armv6-m/libm.a(lib_a-s_finite.o)
 .debug_frame   0x0000000000000548       0x2c /usr/lib/gcc/arm-none-eabi/4.9.3/../../../arm-none-eabi/lib/armv6-m/libm.a(lib_a-s_fpclassify.o)
 .debug_frame   0x0000000000000574       0x20 /usr/lib/gcc/arm-none-eabi/4.9.3/../../../arm-none-eabi/lib/armv6-m/libm.a(lib_a-s_matherr.o)
 .debug_frame   0x0000000000000594       0x20 /usr/lib/gcc/arm-none-eabi/4.9.3/../../../arm-none-eabi/lib/armv6-m/libm.a(lib_a-s_nan.o)
 .debug_frame   0x00000000000005b4       0x38 /usr/lib/gcc/arm-none-eabi/4.9.3/../../../arm-none-eabi/lib/armv6-m/libm.a(lib_a-s_rint.o)
 .debug_frame   0x00000000000005ec       0x30 /usr/lib/gcc/arm-none-eabi/4.9.3/../../../arm-none-eabi/lib/armv6-m/libm.a(lib_a-s_scalbn.o)
 .debug_frame   0x000000000000061c       0x2c /usr/lib/gcc/arm-none-eabi/4.9.3/../../../arm-none-eabi/lib/armv6-m/libm.a(lib_a-s_copysign.o)
 .debug_frame   0x0000000000000648       0x20 /usr/lib/gcc/arm-none-eabi/4.9.3/armv6-m/libgcc.a(_udivsi3.o)
 .debug_frame   0x0000000000000668       0x2c /usr/lib/gcc/arm-none-eabi/4.9.3/armv6-m/libgcc.a(_fixunsdfsi.o)
 .debug_frame   0x0000000000000694       0x38 /usr/lib/gcc/arm-none-eabi/4.9.3/armv6-m/libgcc.a(adddf3.o)
 .debug_frame   0x00000000000006cc       0x3c /usr/lib/gcc/arm-none-eabi/4.9.3/armv6-m/libgcc.a(divdf3.o)
 .debug_frame   0x0000000000000708       0x38 /usr/lib/gcc/arm-none-eabi/4.9.3/armv6-m/libgcc.a(eqdf2.o)
 .debug_frame   0x0000000000000740       0x38 /usr/lib/gcc/arm-none-eabi/4.9.3/armv6-m/libgcc.a(gedf2.o)
 .debug_frame   0x0000000000000778       0x38 /usr/lib/gcc/arm-none-eabi/4.9.3/armv6-m/libgcc.a(ledf2.o)
 .debug_frame   0x00000000000007b0       0x3c /usr/lib/gcc/arm-none-eabi/4.9.3/armv6-m/libgcc.a(muldf3.o)
 .debug_frame   0x00000000000007ec       0x3c /usr/lib/gcc/arm-none-eabi/4.9.3/armv6-m/libgcc.a(subdf3.o)
 .debug_frame   0x0000000000000828       0x2c /usr/lib/gcc/arm-none-eabi/4.9.3/armv6-m/libgcc.a(fixdfsi.o)
 .debug_frame   0x0000000000000854       0x2c /usr/lib/gcc/arm-none-eabi/4.9.3/armv6-m/libgcc.a(floatsidf.o)
 .debug_frame   0x0000000000000880       0x28 /usr/lib/gcc/arm-none-eabi/4.9.3/armv6-m/libgcc.a(floatunsidf.o)
 .debug_frame   0x00000000000008a8       0x20 /usr/lib/gcc/arm-none-eabi/4.9.3/../../../arm-none-eabi/lib/armv6-m/libg_nano.a(lib_a-errno.o)
 .debug_frame   0x00000000000008c8       0x28 /usr/lib/gcc/arm-none-eabi/4.9.3/../../../arm-none-eabi/lib/armv6-m/libg_nano.a(lib_a-memcpy.o)

.debug_str      0x0000000000000000    0x50b56
 *(.debug_str)
 .debug_str     0x0000000000000000     0x5ce6 ./system/src/newlib/_exit.o
                                       0x5e50 (size before relaxing)
 .debug_str     0x0000000000005ce6      0xbbf ./system/src/newlib/_startup.o
                                       0x4e39 (size before relaxing)
 .debug_str     0x00000000000068a5     0x158e ./system/src/newlib/_syscalls.o
                                       0x63cf (size before relaxing)
 .debug_str     0x0000000000007e33    0x46bbd ./system/src/cortexm/_initialize_hardware.o
                                      0x49a01 (size before relaxing)
 .debug_str     0x000000000004e9f0      0x15f ./system/src/cortexm/exception_handlers.o
                                      0x4d451 (size before relaxing)
 .debug_str     0x000000000004eb4f      0x118 ./system/src/cmsis/system_stm32f0xx.o
                                      0x49aaf (size before relaxing)
 .debug_str     0x000000000004ec67       0x56 ./system/src/cmsis/vectors_stm32f0xx.o
                                       0x2eae (size before relaxing)
 .debug_str     0x000000000004ecbd      0x111 ./src/acd_stm32f0.o
                                      0x49ae6 (size before relaxing)
 .debug_str     0x000000000004edce       0x16 ./src/gpio_stm32f0.o
                                      0x49a9b (size before relaxing)
 .debug_str     0x000000000004ede4      0x16e ./src/lcd_stm32f0.o
                                      0x49ba8 (size before relaxing)
 .debug_str     0x000000000004ef52       0x55 ./src/led_stm32f0.o
                                      0x49a97 (size before relaxing)
 .debug_str     0x000000000004efa7      0xb1e ./src/main.o
                                      0x4bd87 (size before relaxing)
 .debug_str     0x000000000004fac5      0x19b ./src/tim_stm32f0.o
                                      0x4be4d (size before relaxing)
 .debug_str     0x000000000004fc60      0x15e /usr/lib/gcc/arm-none-eabi/4.9.3/../../../arm-none-eabi/lib/armv6-m/libm.a(lib_a-w_pow.o)
                                        0x27b (size before relaxing)
 .debug_str     0x000000000004fdbe       0xce /usr/lib/gcc/arm-none-eabi/4.9.3/../../../arm-none-eabi/lib/armv6-m/libm.a(lib_a-e_pow.o)
                                        0x28a (size before relaxing)
 .debug_str     0x000000000004fe8c       0x31 /usr/lib/gcc/arm-none-eabi/4.9.3/../../../arm-none-eabi/lib/armv6-m/libm.a(lib_a-e_sqrt.o)
                                        0x21f (size before relaxing)
 .debug_str     0x000000000004febd       0x31 /usr/lib/gcc/arm-none-eabi/4.9.3/../../../arm-none-eabi/lib/armv6-m/libm.a(lib_a-s_fabs.o)
                                        0x201 (size before relaxing)
 .debug_str     0x000000000004feee       0x95 /usr/lib/gcc/arm-none-eabi/4.9.3/../../../arm-none-eabi/lib/armv6-m/libm.a(lib_a-s_finite.o)
                                        0x1e6 (size before relaxing)
 .debug_str     0x000000000004ff83       0x34 /usr/lib/gcc/arm-none-eabi/4.9.3/../../../arm-none-eabi/lib/armv6-m/libm.a(lib_a-s_fpclassify.o)
                                        0x1e7 (size before relaxing)
 .debug_str     0x000000000004ffb7       0x31 /usr/lib/gcc/arm-none-eabi/4.9.3/../../../arm-none-eabi/lib/armv6-m/libm.a(lib_a-s_lib_ver.o)
                                        0x226 (size before relaxing)
 .debug_str     0x000000000004ffe8       0x31 /usr/lib/gcc/arm-none-eabi/4.9.3/../../../arm-none-eabi/lib/armv6-m/libm.a(lib_a-s_matherr.o)
                                        0x1f8 (size before relaxing)
 .debug_str     0x0000000000050019       0x34 /usr/lib/gcc/arm-none-eabi/4.9.3/../../../arm-none-eabi/lib/armv6-m/libm.a(lib_a-s_nan.o)
                                        0x1ce (size before relaxing)
 .debug_str     0x000000000005004d       0xa6 /usr/lib/gcc/arm-none-eabi/4.9.3/../../../arm-none-eabi/lib/armv6-m/libm.a(lib_a-s_rint.o)
                                        0x227 (size before relaxing)
 .debug_str     0x00000000000500f3       0x46 /usr/lib/gcc/arm-none-eabi/4.9.3/../../../arm-none-eabi/lib/armv6-m/libm.a(lib_a-s_scalbn.o)
                                        0x238 (size before relaxing)
 .debug_str     0x0000000000050139       0x32 /usr/lib/gcc/arm-none-eabi/4.9.3/../../../arm-none-eabi/lib/armv6-m/libm.a(lib_a-s_copysign.o)
                                        0x208 (size before relaxing)
 .debug_str     0x000000000005016b      0x187 /usr/lib/gcc/arm-none-eabi/4.9.3/armv6-m/libgcc.a(_fixunsdfsi.o)
                                        0x224 (size before relaxing)
 .debug_str     0x00000000000502f2       0xaf /usr/lib/gcc/arm-none-eabi/4.9.3/armv6-m/libgcc.a(adddf3.o)
                                        0x26e (size before relaxing)
 .debug_str     0x00000000000503a1       0xb0 /usr/lib/gcc/arm-none-eabi/4.9.3/armv6-m/libgcc.a(divdf3.o)
                                        0x2af (size before relaxing)
 .debug_str     0x0000000000050451       0x1e /usr/lib/gcc/arm-none-eabi/4.9.3/armv6-m/libgcc.a(eqdf2.o)
                                        0x213 (size before relaxing)
 .debug_str     0x000000000005046f       0x28 /usr/lib/gcc/arm-none-eabi/4.9.3/armv6-m/libgcc.a(gedf2.o)
                                        0x22b (size before relaxing)
 .debug_str     0x0000000000050497       0x10 /usr/lib/gcc/arm-none-eabi/4.9.3/armv6-m/libgcc.a(ledf2.o)
                                        0x22b (size before relaxing)
 .debug_str     0x00000000000504a7       0x6d /usr/lib/gcc/arm-none-eabi/4.9.3/armv6-m/libgcc.a(muldf3.o)
                                        0x2c7 (size before relaxing)
 .debug_str     0x0000000000050514       0x16 /usr/lib/gcc/arm-none-eabi/4.9.3/armv6-m/libgcc.a(subdf3.o)
                                        0x26e (size before relaxing)
 .debug_str     0x000000000005052a       0x1f /usr/lib/gcc/arm-none-eabi/4.9.3/armv6-m/libgcc.a(fixdfsi.o)
                                        0x219 (size before relaxing)
 .debug_str     0x0000000000050549       0x25 /usr/lib/gcc/arm-none-eabi/4.9.3/armv6-m/libgcc.a(floatsidf.o)
                                        0x21a (size before relaxing)
 .debug_str     0x000000000005056e       0x1b /usr/lib/gcc/arm-none-eabi/4.9.3/armv6-m/libgcc.a(floatunsidf.o)
                                        0x216 (size before relaxing)
 .debug_str     0x0000000000050589      0x440 /usr/lib/gcc/arm-none-eabi/4.9.3/../../../arm-none-eabi/lib/armv6-m/libg_nano.a(lib_a-errno.o)
                                        0x525 (size before relaxing)
 .debug_str     0x00000000000509c9       0xe1 /usr/lib/gcc/arm-none-eabi/4.9.3/../../../arm-none-eabi/lib/armv6-m/libg_nano.a(lib_a-impure.o)
                                        0x57c (size before relaxing)
 .debug_str     0x0000000000050aaa       0xac /usr/lib/gcc/arm-none-eabi/4.9.3/../../../arm-none-eabi/lib/armv6-m/libg_nano.a(lib_a-memcpy.o)
                                        0x1e8 (size before relaxing)

.debug_loc      0x0000000000000000     0x9ba8
 *(.debug_loc)
 .debug_loc     0x0000000000000000      0x265 ./system/src/newlib/_startup.o
 .debug_loc     0x0000000000000265       0x63 ./system/src/newlib/_syscalls.o
 .debug_loc     0x00000000000002c8       0xe2 ./system/src/cmsis/system_stm32f0xx.o
 .debug_loc     0x00000000000003aa       0x6e ./src/acd_stm32f0.o
 .debug_loc     0x0000000000000418       0xd8 ./src/gpio_stm32f0.o
 .debug_loc     0x00000000000004f0      0x148 ./src/lcd_stm32f0.o
 .debug_loc     0x0000000000000638      0x132 ./src/led_stm32f0.o
 .debug_loc     0x000000000000076a       0x3f ./src/tim_stm32f0.o
 .debug_loc     0x00000000000007a9      0x17f /usr/lib/gcc/arm-none-eabi/4.9.3/../../../arm-none-eabi/lib/armv6-m/libm.a(lib_a-w_pow.o)
 .debug_loc     0x0000000000000928     0x1227 /usr/lib/gcc/arm-none-eabi/4.9.3/../../../arm-none-eabi/lib/armv6-m/libm.a(lib_a-e_pow.o)
 .debug_loc     0x0000000000001b4f      0x5c6 /usr/lib/gcc/arm-none-eabi/4.9.3/../../../arm-none-eabi/lib/armv6-m/libm.a(lib_a-e_sqrt.o)
 .debug_loc     0x0000000000002115       0x2b /usr/lib/gcc/arm-none-eabi/4.9.3/../../../arm-none-eabi/lib/armv6-m/libm.a(lib_a-s_fabs.o)
 .debug_loc     0x0000000000002140       0x28 /usr/lib/gcc/arm-none-eabi/4.9.3/../../../arm-none-eabi/lib/armv6-m/libm.a(lib_a-s_finite.o)
 .debug_loc     0x0000000000002168       0x85 /usr/lib/gcc/arm-none-eabi/4.9.3/../../../arm-none-eabi/lib/armv6-m/libm.a(lib_a-s_fpclassify.o)
 .debug_loc     0x00000000000021ed       0x21 /usr/lib/gcc/arm-none-eabi/4.9.3/../../../arm-none-eabi/lib/armv6-m/libm.a(lib_a-s_matherr.o)
 .debug_loc     0x000000000000220e       0x21 /usr/lib/gcc/arm-none-eabi/4.9.3/../../../arm-none-eabi/lib/armv6-m/libm.a(lib_a-s_nan.o)
 .debug_loc     0x000000000000222f      0x389 /usr/lib/gcc/arm-none-eabi/4.9.3/../../../arm-none-eabi/lib/armv6-m/libm.a(lib_a-s_rint.o)
 .debug_loc     0x00000000000025b8      0x292 /usr/lib/gcc/arm-none-eabi/4.9.3/../../../arm-none-eabi/lib/armv6-m/libm.a(lib_a-s_scalbn.o)
 .debug_loc     0x000000000000284a       0x66 /usr/lib/gcc/arm-none-eabi/4.9.3/../../../arm-none-eabi/lib/armv6-m/libm.a(lib_a-s_copysign.o)
 .debug_loc     0x00000000000028b0       0x28 /usr/lib/gcc/arm-none-eabi/4.9.3/armv6-m/libgcc.a(_fixunsdfsi.o)
 .debug_loc     0x00000000000028d8     0x1974 /usr/lib/gcc/arm-none-eabi/4.9.3/armv6-m/libgcc.a(adddf3.o)
 .debug_loc     0x000000000000424c     0x22a6 /usr/lib/gcc/arm-none-eabi/4.9.3/armv6-m/libgcc.a(divdf3.o)
 .debug_loc     0x00000000000064f2      0x19e /usr/lib/gcc/arm-none-eabi/4.9.3/armv6-m/libgcc.a(eqdf2.o)
 .debug_loc     0x0000000000006690      0x2eb /usr/lib/gcc/arm-none-eabi/4.9.3/armv6-m/libgcc.a(gedf2.o)
 .debug_loc     0x000000000000697b      0x2b6 /usr/lib/gcc/arm-none-eabi/4.9.3/armv6-m/libgcc.a(ledf2.o)
 .debug_loc     0x0000000000006c31     0x123f /usr/lib/gcc/arm-none-eabi/4.9.3/armv6-m/libgcc.a(muldf3.o)
 .debug_loc     0x0000000000007e70     0x17f7 /usr/lib/gcc/arm-none-eabi/4.9.3/armv6-m/libgcc.a(subdf3.o)
 .debug_loc     0x0000000000009667       0xe9 /usr/lib/gcc/arm-none-eabi/4.9.3/armv6-m/libgcc.a(fixdfsi.o)
 .debug_loc     0x0000000000009750      0x1ab /usr/lib/gcc/arm-none-eabi/4.9.3/armv6-m/libgcc.a(floatsidf.o)
 .debug_loc     0x00000000000098fb      0x1de /usr/lib/gcc/arm-none-eabi/4.9.3/armv6-m/libgcc.a(floatunsidf.o)
 .debug_loc     0x0000000000009ad9       0xcf /usr/lib/gcc/arm-none-eabi/4.9.3/../../../arm-none-eabi/lib/armv6-m/libg_nano.a(lib_a-memcpy.o)

.debug_macinfo
 *(.debug_macinfo)

.debug_weaknames
 *(.debug_weaknames)

.debug_funcnames
 *(.debug_funcnames)

.debug_typenames
 *(.debug_typenames)

.debug_varnames
 *(.debug_varnames)
OUTPUT(bbasil.elf elf32-littlearm)

.debug_ranges   0x0000000000000000      0xd10
 .debug_ranges  0x0000000000000000       0x18 ./system/src/newlib/_exit.o
 .debug_ranges  0x0000000000000018       0x48 ./system/src/newlib/_startup.o
 .debug_ranges  0x0000000000000060       0x20 ./system/src/newlib/_syscalls.o
 .debug_ranges  0x0000000000000080       0x18 ./system/src/cortexm/_initialize_hardware.o
 .debug_ranges  0x0000000000000098       0x40 ./system/src/cortexm/exception_handlers.o
 .debug_ranges  0x00000000000000d8       0x20 ./system/src/cmsis/system_stm32f0xx.o
 .debug_ranges  0x00000000000000f8       0x10 ./system/src/cmsis/vectors_stm32f0xx.o
 .debug_ranges  0x0000000000000108       0x20 ./src/acd_stm32f0.o
 .debug_ranges  0x0000000000000128       0x18 ./src/gpio_stm32f0.o
 .debug_ranges  0x0000000000000140       0x40 ./src/lcd_stm32f0.o
 .debug_ranges  0x0000000000000180       0x20 ./src/led_stm32f0.o
 .debug_ranges  0x00000000000001a0       0x18 ./src/main.o
 .debug_ranges  0x00000000000001b8       0x10 ./src/tim_stm32f0.o
 .debug_ranges  0x00000000000001c8       0x10 /usr/lib/gcc/arm-none-eabi/4.9.3/../../../arm-none-eabi/lib/armv6-m/libm.a(lib_a-w_pow.o)
 .debug_ranges  0x00000000000001d8       0xc0 /usr/lib/gcc/arm-none-eabi/4.9.3/../../../arm-none-eabi/lib/armv6-m/libm.a(lib_a-e_pow.o)
 .debug_ranges  0x0000000000000298       0x28 /usr/lib/gcc/arm-none-eabi/4.9.3/../../../arm-none-eabi/lib/armv6-m/libm.a(lib_a-e_sqrt.o)
 .debug_ranges  0x00000000000002c0       0x10 /usr/lib/gcc/arm-none-eabi/4.9.3/../../../arm-none-eabi/lib/armv6-m/libm.a(lib_a-s_fabs.o)
 .debug_ranges  0x00000000000002d0       0x10 /usr/lib/gcc/arm-none-eabi/4.9.3/../../../arm-none-eabi/lib/armv6-m/libm.a(lib_a-s_finite.o)
 .debug_ranges  0x00000000000002e0       0x10 /usr/lib/gcc/arm-none-eabi/4.9.3/../../../arm-none-eabi/lib/armv6-m/libm.a(lib_a-s_fpclassify.o)
 .debug_ranges  0x00000000000002f0       0x10 /usr/lib/gcc/arm-none-eabi/4.9.3/../../../arm-none-eabi/lib/armv6-m/libm.a(lib_a-s_matherr.o)
 .debug_ranges  0x0000000000000300       0x10 /usr/lib/gcc/arm-none-eabi/4.9.3/../../../arm-none-eabi/lib/armv6-m/libm.a(lib_a-s_nan.o)
 .debug_ranges  0x0000000000000310       0x40 /usr/lib/gcc/arm-none-eabi/4.9.3/../../../arm-none-eabi/lib/armv6-m/libm.a(lib_a-s_rint.o)
 .debug_ranges  0x0000000000000350       0x28 /usr/lib/gcc/arm-none-eabi/4.9.3/../../../arm-none-eabi/lib/armv6-m/libm.a(lib_a-s_scalbn.o)
 .debug_ranges  0x0000000000000378       0x10 /usr/lib/gcc/arm-none-eabi/4.9.3/../../../arm-none-eabi/lib/armv6-m/libm.a(lib_a-s_copysign.o)
 .debug_ranges  0x0000000000000388      0x290 /usr/lib/gcc/arm-none-eabi/4.9.3/armv6-m/libgcc.a(adddf3.o)
 .debug_ranges  0x0000000000000618      0x168 /usr/lib/gcc/arm-none-eabi/4.9.3/armv6-m/libgcc.a(divdf3.o)
 .debug_ranges  0x0000000000000780       0x18 /usr/lib/gcc/arm-none-eabi/4.9.3/armv6-m/libgcc.a(eqdf2.o)
 .debug_ranges  0x0000000000000798       0x60 /usr/lib/gcc/arm-none-eabi/4.9.3/armv6-m/libgcc.a(gedf2.o)
 .debug_ranges  0x00000000000007f8       0x60 /usr/lib/gcc/arm-none-eabi/4.9.3/armv6-m/libgcc.a(ledf2.o)
 .debug_ranges  0x0000000000000858      0x188 /usr/lib/gcc/arm-none-eabi/4.9.3/armv6-m/libgcc.a(muldf3.o)
 .debug_ranges  0x00000000000009e0      0x2a0 /usr/lib/gcc/arm-none-eabi/4.9.3/armv6-m/libgcc.a(subdf3.o)
 .debug_ranges  0x0000000000000c80       0x40 /usr/lib/gcc/arm-none-eabi/4.9.3/armv6-m/libgcc.a(fixdfsi.o)
 .debug_ranges  0x0000000000000cc0       0x18 /usr/lib/gcc/arm-none-eabi/4.9.3/armv6-m/libgcc.a(floatsidf.o)
 .debug_ranges  0x0000000000000cd8       0x18 /usr/lib/gcc/arm-none-eabi/4.9.3/armv6-m/libgcc.a(floatunsidf.o)
 .debug_ranges  0x0000000000000cf0       0x10 /usr/lib/gcc/arm-none-eabi/4.9.3/../../../arm-none-eabi/lib/armv6-m/libg_nano.a(lib_a-errno.o)
 .debug_ranges  0x0000000000000d00       0x10 /usr/lib/gcc/arm-none-eabi/4.9.3/../../../arm-none-eabi/lib/armv6-m/libg_nano.a(lib_a-memcpy.o)

.debug_macro    0x0000000000000000     0x20f8
 .debug_macro   0x0000000000000000      0x131 ./system/src/newlib/_exit.o
 .debug_macro   0x0000000000000131       0x9c ./system/src/newlib/_exit.o
 .debug_macro   0x00000000000001cd      0x10e ./system/src/newlib/_exit.o
 .debug_macro   0x00000000000002db       0x86 ./system/src/newlib/_exit.o
 .debug_macro   0x0000000000000361       0x43 ./system/src/newlib/_exit.o
 .debug_macro   0x00000000000003a4      0x27a ./system/src/newlib/_exit.o
 .debug_macro   0x000000000000061e       0x35 ./system/src/newlib/_exit.o
 .debug_macro   0x0000000000000653       0xf7 ./system/src/newlib/_startup.o
 .debug_macro   0x000000000000074a      0x189 ./system/src/newlib/_syscalls.o
 .debug_macro   0x00000000000008d3       0x1c ./system/src/newlib/_syscalls.o
 .debug_macro   0x00000000000008ef       0x10 ./system/src/newlib/_syscalls.o
 .debug_macro   0x00000000000008ff       0x10 ./system/src/newlib/_syscalls.o
 .debug_macro   0x000000000000090f       0x10 ./system/src/newlib/_syscalls.o
 .debug_macro   0x000000000000091f       0x10 ./system/src/newlib/_syscalls.o
 .debug_macro   0x000000000000092f       0x35 ./system/src/newlib/_syscalls.o
 .debug_macro   0x0000000000000964      0x122 ./system/src/newlib/_syscalls.o
 .debug_macro   0x0000000000000a86       0x2e ./system/src/newlib/_syscalls.o
 .debug_macro   0x0000000000000ab4       0x82 ./system/src/newlib/_syscalls.o
 .debug_macro   0x0000000000000b36      0x10c ./system/src/newlib/_syscalls.o
 .debug_macro   0x0000000000000c42      0x159 ./system/src/newlib/_syscalls.o
 .debug_macro   0x0000000000000d9b       0x16 ./system/src/newlib/_syscalls.o
 .debug_macro   0x0000000000000db1      0x165 ./system/src/cortexm/_initialize_hardware.o
 .debug_macro   0x0000000000000f16      0x28e ./system/src/cortexm/exception_handlers.o
 .debug_macro   0x00000000000011a4       0x3b ./system/src/cortexm/exception_handlers.o
 .debug_macro   0x00000000000011df       0x22 ./system/src/cortexm/exception_handlers.o
 .debug_macro   0x0000000000001201       0x10 ./system/src/cortexm/exception_handlers.o
 .debug_macro   0x0000000000001211       0xc8 ./system/src/cortexm/exception_handlers.o
 .debug_macro   0x00000000000012d9       0x19 ./system/src/cortexm/exception_handlers.o
 .debug_macro   0x00000000000012f2       0xbe ./system/src/cortexm/exception_handlers.o
 .debug_macro   0x00000000000013b0       0x10 ./system/src/cortexm/exception_handlers.o
 .debug_macro   0x00000000000013c0      0x15b ./system/src/cmsis/system_stm32f0xx.o
 .debug_macro   0x000000000000151b       0x34 ./system/src/cmsis/vectors_stm32f0xx.o
 .debug_macro   0x000000000000154f      0x15f ./src/acd_stm32f0.o
 .debug_macro   0x00000000000016ae      0x15f ./src/gpio_stm32f0.o
 .debug_macro   0x000000000000180d      0x15f ./src/lcd_stm32f0.o
 .debug_macro   0x000000000000196c      0x173 ./src/led_stm32f0.o
 .debug_macro   0x0000000000001adf      0x230 ./src/main.o
 .debug_macro   0x0000000000001d0f      0x1e1 ./src/main.o
 .debug_macro   0x0000000000001ef0      0x208 ./src/tim_stm32f0.o
